Archive member included to satisfy reference by file (symbol)

E:\stm32_repositary\STM32Cube_FW_G4_V1.5.0\Drivers\CMSIS\DSP\Lib\GCC\libarm_cortexM4lf_math.a(arm_const_structs.o)
                              ./Core/Src/main.o (arm_cfft_sR_f32_len4096)
E:\stm32_repositary\STM32Cube_FW_G4_V1.5.0\Drivers\CMSIS\DSP\Lib\GCC\libarm_cortexM4lf_math.a(arm_common_tables.o)
                              E:\stm32_repositary\STM32Cube_FW_G4_V1.5.0\Drivers\CMSIS\DSP\Lib\GCC\libarm_cortexM4lf_math.a(arm_const_structs.o) (realCoefBQ15)
E:\stm32_repositary\STM32Cube_FW_G4_V1.5.0\Drivers\CMSIS\DSP\Lib\GCC\libarm_cortexM4lf_math.a(arm_cfft_f32.o)
                              ./Core/Src/main.o (arm_cfft_f32)
E:\stm32_repositary\STM32Cube_FW_G4_V1.5.0\Drivers\CMSIS\DSP\Lib\GCC\libarm_cortexM4lf_math.a(arm_bitreversal2.o)
                              E:\stm32_repositary\STM32Cube_FW_G4_V1.5.0\Drivers\CMSIS\DSP\Lib\GCC\libarm_cortexM4lf_math.a(arm_cfft_f32.o) (arm_bitreversal_32)
E:\stm32_repositary\STM32Cube_FW_G4_V1.5.0\Drivers\CMSIS\DSP\Lib\GCC\libarm_cortexM4lf_math.a(arm_cmplx_mag_f32.o)
                              ./Core/Src/main.o (arm_cmplx_mag_f32)
E:\stm32_repositary\STM32Cube_FW_G4_V1.5.0\Drivers\CMSIS\DSP\Lib\GCC\libarm_cortexM4lf_math.a(arm_cos_f32.o)
                              ./Core/Src/main.o (arm_cos_f32)
E:\stm32_repositary\STM32Cube_FW_G4_V1.5.0\Drivers\CMSIS\DSP\Lib\GCC\libarm_cortexM4lf_math.a(arm_cfft_radix8_f32.o)
                              E:\stm32_repositary\STM32Cube_FW_G4_V1.5.0\Drivers\CMSIS\DSP\Lib\GCC\libarm_cortexM4lf_math.a(arm_cfft_f32.o) (arm_radix8_butterfly_f32)
c:/st/stm32cubeide_1.8.0/stm32cubeide/plugins/com.st.stm32cube.ide.mcu.externaltools.gnu-arm-embedded.10.3-2021.10.win32_1.0.0.202111181915/tools/bin/../lib/gcc/arm-none-eabi/10.3.1/../../../../arm-none-eabi/lib/thumb/v7e-m+fp/hard\libc_nano.a(lib_a-assert.o)
                              ./Drivers/modbus/functions/mbutils.o (__assert_func)
c:/st/stm32cubeide_1.8.0/stm32cubeide/plugins/com.st.stm32cube.ide.mcu.externaltools.gnu-arm-embedded.10.3-2021.10.win32_1.0.0.202111181915/tools/bin/../lib/gcc/arm-none-eabi/10.3.1/../../../../arm-none-eabi/lib/thumb/v7e-m+fp/hard\libc_nano.a(lib_a-errno.o)
                              ./Core/Src/syscalls.o (__errno)
c:/st/stm32cubeide_1.8.0/stm32cubeide/plugins/com.st.stm32cube.ide.mcu.externaltools.gnu-arm-embedded.10.3-2021.10.win32_1.0.0.202111181915/tools/bin/../lib/gcc/arm-none-eabi/10.3.1/../../../../arm-none-eabi/lib/thumb/v7e-m+fp/hard\libc_nano.a(lib_a-exit.o)
                              c:/st/stm32cubeide_1.8.0/stm32cubeide/plugins/com.st.stm32cube.ide.mcu.externaltools.gnu-arm-embedded.10.3-2021.10.win32_1.0.0.202111181915/tools/bin/../lib/gcc/arm-none-eabi/10.3.1/../../../../arm-none-eabi/lib/thumb/v7e-m+fp/hard/crt0.o (exit)
c:/st/stm32cubeide_1.8.0/stm32cubeide/plugins/com.st.stm32cube.ide.mcu.externaltools.gnu-arm-embedded.10.3-2021.10.win32_1.0.0.202111181915/tools/bin/../lib/gcc/arm-none-eabi/10.3.1/../../../../arm-none-eabi/lib/thumb/v7e-m+fp/hard\libc_nano.a(lib_a-fprintf.o)
                              c:/st/stm32cubeide_1.8.0/stm32cubeide/plugins/com.st.stm32cube.ide.mcu.externaltools.gnu-arm-embedded.10.3-2021.10.win32_1.0.0.202111181915/tools/bin/../lib/gcc/arm-none-eabi/10.3.1/../../../../arm-none-eabi/lib/thumb/v7e-m+fp/hard\libc_nano.a(lib_a-assert.o) (fiprintf)
c:/st/stm32cubeide_1.8.0/stm32cubeide/plugins/com.st.stm32cube.ide.mcu.externaltools.gnu-arm-embedded.10.3-2021.10.win32_1.0.0.202111181915/tools/bin/../lib/gcc/arm-none-eabi/10.3.1/../../../../arm-none-eabi/lib/thumb/v7e-m+fp/hard\libc_nano.a(lib_a-impure.o)
                              c:/st/stm32cubeide_1.8.0/stm32cubeide/plugins/com.st.stm32cube.ide.mcu.externaltools.gnu-arm-embedded.10.3-2021.10.win32_1.0.0.202111181915/tools/bin/../lib/gcc/arm-none-eabi/10.3.1/../../../../arm-none-eabi/lib/thumb/v7e-m+fp/hard\libc_nano.a(lib_a-exit.o) (_global_impure_ptr)
c:/st/stm32cubeide_1.8.0/stm32cubeide/plugins/com.st.stm32cube.ide.mcu.externaltools.gnu-arm-embedded.10.3-2021.10.win32_1.0.0.202111181915/tools/bin/../lib/gcc/arm-none-eabi/10.3.1/../../../../arm-none-eabi/lib/thumb/v7e-m+fp/hard\libc_nano.a(lib_a-init.o)
                              c:/st/stm32cubeide_1.8.0/stm32cubeide/plugins/com.st.stm32cube.ide.mcu.externaltools.gnu-arm-embedded.10.3-2021.10.win32_1.0.0.202111181915/tools/bin/../lib/gcc/arm-none-eabi/10.3.1/../../../../arm-none-eabi/lib/thumb/v7e-m+fp/hard/crt0.o (__libc_init_array)
c:/st/stm32cubeide_1.8.0/stm32cubeide/plugins/com.st.stm32cube.ide.mcu.externaltools.gnu-arm-embedded.10.3-2021.10.win32_1.0.0.202111181915/tools/bin/../lib/gcc/arm-none-eabi/10.3.1/../../../../arm-none-eabi/lib/thumb/v7e-m+fp/hard\libc_nano.a(lib_a-memcpy-stub.o)
                              ./Drivers/modbus/functions/mbfuncother.o (memcpy)
[...]
Memory Configuration

Name             Origin             Length             Attributes
RAM              0x20000000         0x00020000         xrw
FLASH            0x08000000         0x00080000         xr
*default*        0x00000000         0xffffffff

Linker script and memory map

LOAD c:/st/stm32cubeide_1.8.0/stm32cubeide/plugins/com.st.stm32cube.ide.mcu.externaltools.gnu-arm-embedded.10.3-2021.10.win32_1.0.0.202111181915/tools/bin/../lib/gcc/arm-none-eabi/10.3.1/thumb/v7e-m+fp/hard/crti.o
LOAD c:/st/stm32cubeide_1.8.0/stm32cubeide/plugins/com.st.stm32cube.ide.mcu.externaltools.gnu-arm-embedded.10.3-2021.10.win32_1.0.0.202111181915/tools/bin/../lib/gcc/arm-none-eabi/10.3.1/thumb/v7e-m+fp/hard/crtbegin.o
LOAD c:/st/stm32cubeide_1.8.0/stm32cubeide/plugins/com.st.stm32cube.ide.mcu.externaltools.gnu-arm-embedded.10.3-2021.10.win32_1.0.0.202111181915/tools/bin/../lib/gcc/arm-none-eabi/10.3.1/../../../../arm-none-eabi/lib/thumb/v7e-m+fp/hard/crt0.o
LOAD ./Core/Src/adc.o
LOAD ./Core/Src/crc.o
LOAD ./Core/Src/dma.o
LOAD ./Core/Src/gpio.o
LOAD ./Core/Src/hrtim.o
LOAD ./Core/Src/main.o
LOAD ./Core/Src/stm32g4xx_hal_msp.o
LOAD ./Core/Src/stm32g4xx_it.o
LOAD ./Core/Src/syscalls.o
LOAD ./Core/Src/sysmem.o
LOAD ./Core/Src/system_stm32g4xx.o
LOAD ./Core/Src/tim.o
LOAD ./Core/Src/usart.o
LOAD ./Core/Startup/startup_stm32g474retx.o
LOAD ./Drivers/STM32G4xx_HAL_Driver/Src/stm32g4xx_hal.o
LOAD ./Drivers/STM32G4xx_HAL_Driver/Src/stm32g4xx_hal_adc.o
LOAD ./Drivers/STM32G4xx_HAL_Driver/Src/stm32g4xx_hal_adc_ex.o
LOAD ./Drivers/STM32G4xx_HAL_Driver/Src/stm32g4xx_hal_cortex.o
LOAD ./Drivers/STM32G4xx_HAL_Driver/Src/stm32g4xx_hal_crc.o
LOAD ./Drivers/STM32G4xx_HAL_Driver/Src/stm32g4xx_hal_crc_ex.o
LOAD ./Drivers/STM32G4xx_HAL_Driver/Src/stm32g4xx_hal_dma.o
LOAD ./Drivers/STM32G4xx_HAL_Driver/Src/stm32g4xx_hal_dma_ex.o
LOAD ./Drivers/STM32G4xx_HAL_Driver/Src/stm32g4xx_hal_exti.o
LOAD ./Drivers/STM32G4xx_HAL_Driver/Src/stm32g4xx_hal_flash.o
LOAD ./Drivers/STM32G4xx_HAL_Driver/Src/stm32g4xx_hal_flash_ex.o
LOAD ./Drivers/STM32G4xx_HAL_Driver/Src/stm32g4xx_hal_flash_ramfunc.o
LOAD ./Drivers/STM32G4xx_HAL_Driver/Src/stm32g4xx_hal_gpio.o
LOAD ./Drivers/STM32G4xx_HAL_Driver/Src/stm32g4xx_hal_hrtim.o
LOAD ./Drivers/STM32G4xx_HAL_Driver/Src/stm32g4xx_hal_pwr.o
LOAD ./Drivers/STM32G4xx_HAL_Driver/Src/stm32g4xx_hal_pwr_ex.o
LOAD ./Drivers/STM32G4xx_HAL_Driver/Src/stm32g4xx_hal_rcc.o
LOAD ./Drivers/STM32G4xx_HAL_Driver/Src/stm32g4xx_hal_rcc_ex.o
LOAD ./Drivers/STM32G4xx_HAL_Driver/Src/stm32g4xx_hal_tim.o
LOAD ./Drivers/STM32G4xx_HAL_Driver/Src/stm32g4xx_hal_tim_ex.o
LOAD ./Drivers/STM32G4xx_HAL_Driver/Src/stm32g4xx_hal_uart.o
LOAD ./Drivers/STM32G4xx_HAL_Driver/Src/stm32g4xx_hal_uart_ex.o
LOAD ./Drivers/STM32G4xx_HAL_Driver/Src/stm32g4xx_ll_adc.o
LOAD ./Drivers/modbus/functions/mbfunccoils.o
LOAD ./Drivers/modbus/functions/mbfuncdiag.o
LOAD ./Drivers/modbus/functions/mbfuncdisc.o
LOAD ./Drivers/modbus/functions/mbfuncholding.o
LOAD ./Drivers/modbus/functions/mbfuncinput.o
LOAD ./Drivers/modbus/functions/mbfuncother.o
LOAD ./Drivers/modbus/functions/mbutils.o
LOAD ./Drivers/modbus/mb.o
LOAD ./Drivers/modbus/port/portevent.o
LOAD ./Drivers/modbus/port/portserial.o
LOAD ./Drivers/modbus/port/porttimer.o
LOAD ./Drivers/modbus/rtu/mbcrc.o
LOAD ./Drivers/modbus/rtu/mbrtu.o
START GROUP
LOAD E:\stm32_repositary\STM32Cube_FW_G4_V1.5.0\Drivers\CMSIS\DSP\Lib\GCC\libarm_cortexM4lf_math.a
LOAD E:\stm32_repositary\STM32Cube_FW_G4_V1.5.0\Drivers\CMSIS\DSP\Lib\GCC\libarm_cortexM4lf_math.a
END GROUP
START GROUP
LOAD c:/st/stm32cubeide_1.8.0/stm32cubeide/plugins/com.st.stm32cube.ide.mcu.externaltools.gnu-arm-embedded.10.3-2021.10.win32_1.0.0.202111181915/tools/bin/../lib/gcc/arm-none-eabi/10.3.1/../../../../arm-none-eabi/lib/thumb/v7e-m+fp/hard\libc_nano.a
LOAD c:/st/stm32cubeide_1.8.0/stm32cubeide/plugins/com.st.stm32cube.ide.mcu.externaltools.gnu-arm-embedded.10.3-2021.10.win32_1.0.0.202111181915/tools/bin/../lib/gcc/arm-none-eabi/10.3.1/../../../../arm-none-eabi/lib/thumb/v7e-m+fp/hard\libm.a
LOAD c:/st/stm32cubeide_1.8.0/stm32cubeide/plugins/com.st.stm32cube.ide.mcu.externaltools.gnu-arm-embedded.10.3-2021.10.win32_1.0.0.202111181915/tools/bin/../lib/gcc/arm-none-eabi/10.3.1/../../../../arm-none-eabi/lib/thumb/v7e-m+fp/hard\libstdc++_nano.a
LOAD c:/st/stm32cubeide_1.8.0/stm32cubeide/plugins/com.st.stm32cube.ide.mcu.externaltools.gnu-arm-embedded.10.3-2021.10.win32_1.0.0.202111181915/tools/bin/../lib/gcc/arm-none-eabi/10.3.1/../../../../arm-none-eabi/lib/thumb/v7e-m+fp/hard\libsupc++_nano.a
END GROUP
START GROUP
LOAD c:/st/stm32cubeide_1.8.0/stm32cubeide/plugins/com.st.stm32cube.ide.mcu.externaltools.gnu-arm-embedded.10.3-2021.10.win32_1.0.0.202111181915/tools/bin/../lib/gcc/arm-none-eabi/10.3.1/thumb/v7e-m+fp/hard\libgcc.a
LOAD c:/st/stm32cubeide_1.8.0/stm32cubeide/plugins/com.st.stm32cube.ide.mcu.externaltools.gnu-arm-embedded.10.3-2021.10.win32_1.0.0.202111181915/tools/bin/../lib/gcc/arm-none-eabi/10.3.1/../../../../arm-none-eabi/lib/thumb/v7e-m+fp/hard\libc_nano.a
END GROUP
START GROUP
LOAD c:/st/stm32cubeide_1.8.0/stm32cubeide/plugins/com.st.stm32cube.ide.mcu.externaltools.gnu-arm-embedded.10.3-2021.10.win32_1.0.0.202111181915/tools/bin/../lib/gcc/arm-none-eabi/10.3.1/thumb/v7e-m+fp/hard\libgcc.a
LOAD c:/st/stm32cubeide_1.8.0/stm32cubeide/plugins/com.st.stm32cube.ide.mcu.externaltools.gnu-arm-embedded.10.3-2021.10.win32_1.0.0.202111181915/tools/bin/../lib/gcc/arm-none-eabi/10.3.1/../../../../arm-none-eabi/lib/thumb/v7e-m+fp/hard\libc_nano.a
END GROUP
LOAD c:/st/stm32cubeide_1.8.0/stm32cubeide/plugins/com.st.stm32cube.ide.mcu.externaltools.gnu-arm-embedded.10.3-2021.10.win32_1.0.0.202111181915/tools/bin/../lib/gcc/arm-none-eabi/10.3.1/thumb/v7e-m+fp/hard/crtend.o
LOAD c:/st/stm32cubeide_1.8.0/stm32cubeide/plugins/com.st.stm32cube.ide.mcu.externaltools.gnu-arm-embedded.10.3-2021.10.win32_1.0.0.202111181915/tools/bin/../lib/gcc/arm-none-eabi/10.3.1/thumb/v7e-m+fp/hard/crtn.o
                0x20020000                _estack = (ORIGIN (RAM) + LENGTH (RAM))
                0x00002000                _Min_Heap_Size = 0x2000
                0x00004000                _Min_Stack_Size = 0x4000

.isr_vector     0x08000000      0x1d8
                0x08000000                . = ALIGN (0x4)
 *(.isr_vector)
 .isr_vector    0x08000000      0x1d8 ./Core/Startup/startup_stm32g474retx.o
                0x08000000                g_pfnVectors
                0x080001d8                . = ALIGN (0x4)

.text           0x080001e0    0x148e8
                0x080001e0                . = ALIGN (0x4)
 *(.text)
 .text          0x080001e0       0x40 c:/st/stm32cubeide_1.8.0/stm32cubeide/plugins/com.st.stm32cube.ide.mcu.externaltools.gnu-arm-embedded.10.3-2021.10.win32_1.0.0.202111181915/tools/bin/../lib/gcc/arm-none-eabi/10.3.1/thumb/v7e-m+fp/hard/crtbegin.o
 .text          0x08000220       0x10 c:/st/stm32cubeide_1.8.0/stm32cubeide/plugins/com.st.stm32cube.ide.mcu.externaltools.gnu-arm-embedded.10.3-2021.10.win32_1.0.0.202111181915/tools/bin/../lib/gcc/arm-none-eabi/10.3.1/../../../../arm-none-eabi/lib/thumb/v7e-m+fp/hard\libc_nano.a(lib_a-strlen.o)
                0x08000220                strlen
 .text          0x08000230       0xa0 c:/st/stm32cubeide_1.8.0/stm32cubeide/plugins/com.st.stm32cube.ide.mcu.externaltools.gnu-arm-embedded.10.3-2021.10.win32_1.0.0.202111181915/tools/bin/../lib/gcc/arm-none-eabi/10.3.1/../../../../arm-none-eabi/lib/thumb/v7e-m+fp/hard\libc_nano.a(lib_a-memchr.o)
                0x08000230                memchr
 .text          0x080002d0      0x378 c:/st/stm32cubeide_1.8.0/stm32cubeide/plugins/com.st.stm32cube.ide.mcu.externaltools.gnu-arm-embedded.10.3-2021.10.win32_1.0.0.202111181915/tools/bin/../lib/gcc/arm-none-eabi/10.3.1/thumb/v7e-m+fp/hard\libgcc.a(_arm_addsubdf3.o)
                0x080002d0                __aeabi_drsub
                0x080002d8                __aeabi_dsub
                0x080002d8                __subdf3
                0x080002dc                __aeabi_dadd
                0x080002dc                __adddf3
                0x08000554                __floatunsidf
                0x08000554                __aeabi_ui2d
                0x08000574                __floatsidf
                0x08000574                __aeabi_i2d
                0x08000598                __aeabi_f2d
                0x08000598                __extendsfdf2
                0x080005dc                __floatundidf
                0x080005dc                __aeabi_ul2d
                0x080005ec                __floatdidf
                0x080005ec                __aeabi_l2d
 .text          0x08000648      0x424 c:/st/stm32cubeide_1.8.0/stm32cubeide/plugins/com.st.stm32cube.ide.mcu.externaltools.gnu-arm-embedded.10.3-2021.10.win32_1.0.0.202111181915/tools/bin/../lib/gcc/arm-none-eabi/10.3.1/thumb/v7e-m+fp/hard\libgcc.a(_arm_muldivdf3.o)
                0x08000648                __aeabi_dmul
                0x08000648                __muldf3
                0x0800089c                __divdf3
                0x0800089c                __aeabi_ddiv
 .text          0x08000a6c      0x110 c:/st/stm32cubeide_1.8.0/stm32cubeide/plugins/com.st.stm32cube.ide.mcu.externaltools.gnu-arm-embedded.10.3-2021.10.win32_1.0.0.202111181915/tools/bin/../lib/gcc/arm-none-eabi/10.3.1/thumb/v7e-m+fp/hard\libgcc.a(_arm_cmpdf2.o)
                0x08000a6c                __gtdf2
                0x08000a6c                __gedf2
                0x08000a74                __ltdf2
                0x08000a74                __ledf2
                0x08000a7c                __nedf2
                0x08000a7c                __eqdf2
                0x08000a7c                __cmpdf2
                0x08000af8                __aeabi_cdrcmple
                0x08000b08                __aeabi_cdcmpeq
                0x08000b08                __aeabi_cdcmple
                0x08000b18                __aeabi_dcmpeq
                0x08000b2c                __aeabi_dcmplt
                0x08000b40                __aeabi_dcmple
                0x08000b54                __aeabi_dcmpge
                0x08000b68                __aeabi_dcmpgt
 .text          0x08000b7c       0x2c c:/st/stm32cubeide_1.8.0/stm32cubeide/plugins/com.st.stm32cube.ide.mcu.externaltools.gnu-arm-embedded.10.3-2021.10.win32_1.0.0.202111181915/tools/bin/../lib/gcc/arm-none-eabi/10.3.1/thumb/v7e-m+fp/hard\libgcc.a(_arm_unorddf2.o)
                0x08000b7c                __unorddf2
                0x08000b7c                __aeabi_dcmpun
 .text          0x08000ba8       0x50 c:/st/stm32cubeide_1.8.0/stm32cubeide/plugins/com.st.stm32cube.ide.mcu.externaltools.gnu-arm-embedded.10.3-2021.10.win32_1.0.0.202111181915/tools/bin/../lib/gcc/arm-none-eabi/10.3.1/thumb/v7e-m+fp/hard\libgcc.a(_arm_fixdfsi.o)
                0x08000ba8                __aeabi_d2iz
                0x08000ba8                __fixdfsi
 .text          0x08000bf8       0x40 c:/st/stm32cubeide_1.8.0/stm32cubeide/plugins/com.st.stm32cube.ide.mcu.externaltools.gnu-arm-embedded.10.3-2021.10.win32_1.0.0.202111181915/tools/bin/../lib/gcc/arm-none-eabi/10.3.1/thumb/v7e-m+fp/hard\libgcc.a(_arm_fixunsdfsi.o)
                0x08000bf8                __aeabi_d2uiz
                0x08000bf8                __fixunsdfsi
 .text          0x08000c38       0xa0 c:/st/stm32cubeide_1.8.0/stm32cubeide/plugins/com.st.stm32cube.ide.mcu.externaltools.gnu-arm-embedded.10.3-2021.10.win32_1.0.0.202111181915/tools/bin/../lib/gcc/arm-none-eabi/10.3.1/thumb/v7e-m+fp/hard\libgcc.a(_arm_truncdfsf2.o)
                0x08000c38                __truncdfsf2
                0x08000c38                __aeabi_d2f
 .text          0x08000cd8       0xa0 c:/st/stm32cubeide_1.8.0/stm32cubeide/plugins/com.st.stm32cube.ide.mcu.externaltools.gnu-arm-embedded.10.3-2021.10.win32_1.0.0.202111181915/tools/bin/../lib/gcc/arm-none-eabi/10.3.1/thumb/v7e-m+fp/hard\libgcc.a(_aeabi_ldivmod.o)
                0x08000cd8                __aeabi_ldivmod
 .text          0x08000d78       0x30 c:/st/stm32cubeide_1.8.0/stm32cubeide/plugins/com.st.stm32cube.ide.mcu.externaltools.gnu-arm-embedded.10.3-2021.10.win32_1.0.0.202111181915/tools/bin/../lib/gcc/arm-none-eabi/10.3.1/thumb/v7e-m+fp/hard\libgcc.a(_aeabi_uldivmod.o)
                0x08000d78                __aeabi_uldivmod
 .text          0x08000da8       0x30 c:/st/stm32cubeide_1.8.0/stm32cubeide/plugins/com.st.stm32cube.ide.mcu.externaltools.gnu-arm-embedded.10.3-2021.10.win32_1.0.0.202111181915/tools/bin/../lib/gcc/arm-none-eabi/10.3.1/thumb/v7e-m+fp/hard\libgcc.a(_fixdfdi.o)
                0x08000da8                __fixdfdi
                0x08000da8                __aeabi_d2lz
 .text          0x08000dd8       0x3c c:/st/stm32cubeide_1.8.0/stm32cubeide/plugins/com.st.stm32cube.ide.mcu.externaltools.gnu-arm-embedded.10.3-2021.10.win32_1.0.0.202111181915/tools/bin/../lib/gcc/arm-none-eabi/10.3.1/thumb/v7e-m+fp/hard\libgcc.a(_fixunsdfdi.o)
                0x08000dd8                __fixunsdfdi
                0x08000dd8                __aeabi_d2ulz
 .text          0x08000e14      0x2d0 c:/st/stm32cubeide_1.8.0/stm32cubeide/plugins/com.st.stm32cube.ide.mcu.externaltools.gnu-arm-embedded.10.3-2021.10.win32_1.0.0.202111181915/tools/bin/../lib/gcc/arm-none-eabi/10.3.1/thumb/v7e-m+fp/hard\libgcc.a(_udivmoddi4.o)
                0x08000e14                __udivmoddi4
 .text          0x080010e4        0x4 c:/st/stm32cubeide_1.8.0/stm32cubeide/plugins/com.st.stm32cube.ide.mcu.externaltools.gnu-arm-embedded.10.3-2021.10.win32_1.0.0.202111181915/tools/bin/../lib/gcc/arm-none-eabi/10.3.1/thumb/v7e-m+fp/hard\libgcc.a(_dvmd_tls.o)
                0x080010e4                __aeabi_idiv0
                0x080010e4                __aeabi_ldiv0
 *(.text*)
 .text.MX_ADC1_Init
                0x080010e8       0xfc ./Core/Src/adc.o
                0x080010e8                MX_ADC1_Init
 .text.MX_ADC2_Init
                0x080011e4       0xc0 ./Core/Src/adc.o
                0x080011e4                MX_ADC2_Init
 .text.HAL_ADC_MspInit
                0x080012a4      0x20c ./Core/Src/adc.o
                0x080012a4                HAL_ADC_MspInit
 .text.MX_CRC_Init
                0x080014b0       0x5c ./Core/Src/crc.o
                0x080014b0                MX_CRC_Init
 .text.HAL_CRC_MspInit
                0x0800150c       0x40 ./Core/Src/crc.o
                0x0800150c                HAL_CRC_MspInit
 .text.MX_DMA_Init
                0x0800154c      0x100 ./Core/Src/dma.o
                0x0800154c                MX_DMA_Init
 .text.MX_GPIO_Init
                0x0800164c      0x120 ./Core/Src/gpio.o
                0x0800164c                MX_GPIO_Init
 .text.MX_HRTIM1_Init
                0x0800176c      0x22c ./Core/Src/hrtim.o
                0x0800176c                MX_HRTIM1_Init
 .text.HAL_HRTIM_MspInit
                0x08001998       0x40 ./Core/Src/hrtim.o
                0x08001998                HAL_HRTIM_MspInit
 .text.HAL_HRTIM_MspPostInit
                0x080019d8       0x70 ./Core/Src/hrtim.o
                0x080019d8                HAL_HRTIM_MspPostInit
 .text.ITM_SendChar
                0x08001a48       0x4e ./Core/Src/main.o
 .text.LL_ADC_REG_StartConversion
                0x08001a96       0x28 ./Core/Src/main.o
 *fill*         0x08001abe        0x2 
 .text.__critical_enter
                0x08001ac0       0x20 ./Core/Src/main.o
                0x08001ac0                __critical_enter
 .text.__critical_exit
                0x08001ae0       0x28 ./Core/Src/main.o
                0x08001ae0                __critical_exit
 .text.main     0x08001b08     0x1244 ./Core/Src/main.o
                0x08001b08                main
 .text.SystemClock_Config
                0x08002d4c       0x96 ./Core/Src/main.o
                0x08002d4c                SystemClock_Config
 *fill*         0x08002de2        0x2 
 .text.eMBRegInputCB
                0x08002de4      0x414 ./Core/Src/main.o
                0x08002de4                eMBRegInputCB
 .text.eMBRegHoldingCB
                0x080031f8      0x138 ./Core/Src/main.o
                0x080031f8                eMBRegHoldingCB
 .text.HAL_GPIO_EXTI_Callback
                0x08003330       0x28 ./Core/Src/main.o
                0x08003330                HAL_GPIO_EXTI_Callback
 .text.HAL_TIM_PeriodElapsedCallback
                0x08003358       0x44 ./Core/Src/main.o
                0x08003358                HAL_TIM_PeriodElapsedCallback
 .text._write   0x0800339c       0x38 ./Core/Src/main.o
                0x0800339c                _write
 .text.Mem_to_Mem_Complete
                0x080033d4       0x28 ./Core/Src/main.o
 .text.HAL_ADC_ConvCpltCallback
                0x080033fc       0x2c ./Core/Src/main.o
                0x080033fc                HAL_ADC_ConvCpltCallback
 .text.HAL_UART_TxCpltCallback
                0x08003428       0x14 ./Core/Src/main.o
                0x08003428                HAL_UART_TxCpltCallback
 .text.Error_Handler
                0x0800343c       0x28 ./Core/Src/main.o
                0x0800343c                Error_Handler
 .text.HAL_MspInit
                0x08003464       0x48 ./Core/Src/stm32g4xx_hal_msp.o
                0x08003464                HAL_MspInit
 .text.NMI_Handler
                0x080034ac       0x30 ./Core/Src/stm32g4xx_it.o
                0x080034ac                NMI_Handler
 .text.HardFault_Handler
                0x080034dc       0x30 ./Core/Src/stm32g4xx_it.o
                0x080034dc                HardFault_Handler
 .text.MemManage_Handler
                0x0800350c       0x30 ./Core/Src/stm32g4xx_it.o
                0x0800350c                MemManage_Handler
 .text.BusFault_Handler
                0x0800353c       0x30 ./Core/Src/stm32g4xx_it.o
                0x0800353c                BusFault_Handler
 .text.UsageFault_Handler
                0x0800356c       0x30 ./Core/Src/stm32g4xx_it.o
                0x0800356c                UsageFault_Handler
 .text.SVC_Handler
                0x0800359c       0x14 ./Core/Src/stm32g4xx_it.o
                0x0800359c                SVC_Handler
 .text.DebugMon_Handler
                0x080035b0       0x14 ./Core/Src/stm32g4xx_it.o
                0x080035b0                DebugMon_Handler
 .text.PendSV_Handler
                0x080035c4       0x14 ./Core/Src/stm32g4xx_it.o
                0x080035c4                PendSV_Handler
 .text.SysTick_Handler
                0x080035d8        0xc ./Core/Src/stm32g4xx_it.o
                0x080035d8                SysTick_Handler
 .text.DMA1_Channel1_IRQHandler
                0x080035e4       0x14 ./Core/Src/stm32g4xx_it.o
                0x080035e4                DMA1_Channel1_IRQHandler
 .text.DMA1_Channel2_IRQHandler
                0x080035f8       0x18 ./Core/Src/stm32g4xx_it.o
                0x080035f8                DMA1_Channel2_IRQHandler
 .text.DMA1_Channel3_IRQHandler
                0x08003610       0x14 ./Core/Src/stm32g4xx_it.o
                0x08003610                DMA1_Channel3_IRQHandler
 .text.DMA1_Channel4_IRQHandler
                0x08003624       0x14 ./Core/Src/stm32g4xx_it.o
                0x08003624                DMA1_Channel4_IRQHandler
 .text.USART1_IRQHandler
                0x08003638       0x5c ./Core/Src/stm32g4xx_it.o
                0x08003638                USART1_IRQHandler
 .text.USART2_IRQHandler
                0x08003694       0x5c ./Core/Src/stm32g4xx_it.o
                0x08003694                USART2_IRQHandler
 .text.EXTI15_10_IRQHandler
                0x080036f0       0x10 ./Core/Src/stm32g4xx_it.o
                0x080036f0                EXTI15_10_IRQHandler
 .text.TIM6_DAC_IRQHandler
                0x08003700       0x14 ./Core/Src/stm32g4xx_it.o
                0x08003700                TIM6_DAC_IRQHandler
 .text.DMA2_Channel1_IRQHandler
                0x08003714       0x14 ./Core/Src/stm32g4xx_it.o
                0x08003714                DMA2_Channel1_IRQHandler
 .text._getpid  0x08003728       0x10 ./Core/Src/syscalls.o
                0x08003728                _getpid
 .text._kill    0x08003738       0x20 ./Core/Src/syscalls.o
                0x08003738                _kill
 .text._exit    0x08003758       0x14 ./Core/Src/syscalls.o
                0x08003758                _exit
 .text._read    0x0800376c       0x3a ./Core/Src/syscalls.o
                0x0800376c                _read
 .text._close   0x080037a6       0x18 ./Core/Src/syscalls.o
                0x080037a6                _close
 .text._fstat   0x080037be       0x20 ./Core/Src/syscalls.o
                0x080037be                _fstat
 .text._isatty  0x080037de       0x16 ./Core/Src/syscalls.o
                0x080037de                _isatty
 .text._lseek   0x080037f4       0x1a ./Core/Src/syscalls.o
                0x080037f4                _lseek
 *fill*         0x0800380e        0x2 
 .text._sbrk    0x08003810       0x6c ./Core/Src/sysmem.o
                0x08003810                _sbrk
 .text.SystemInit
                0x0800387c       0x24 ./Core/Src/system_stm32g4xx.o
                0x0800387c                SystemInit
 .text.MX_TIM1_Init
                0x080038a0      0x1e0 ./Core/Src/tim.o
                0x080038a0                MX_TIM1_Init
 .text.MX_TIM2_Init
                0x08003a80       0xf4 ./Core/Src/tim.o
                0x08003a80                MX_TIM2_Init
 .text.MX_TIM3_Init
                0x08003b74       0xf0 ./Core/Src/tim.o
                0x08003b74                MX_TIM3_Init
 .text.MX_TIM6_Init
                0x08003c64       0x6c ./Core/Src/tim.o
                0x08003c64                MX_TIM6_Init
 .text.MX_TIM7_Init
                0x08003cd0       0x70 ./Core/Src/tim.o
                0x08003cd0                MX_TIM7_Init
 .text.MX_TIM16_Init
                0x08003d40       0x4c ./Core/Src/tim.o
                0x08003d40                MX_TIM16_Init
 .text.MX_TIM17_Init
                0x08003d8c       0x50 ./Core/Src/tim.o
                0x08003d8c                MX_TIM17_Init
 .text.HAL_TIM_Base_MspInit
                0x08003ddc      0x184 ./Core/Src/tim.o
                0x08003ddc                HAL_TIM_Base_MspInit
 .text.HAL_TIM_MspPostInit
                0x08003f60      0x198 ./Core/Src/tim.o
                0x08003f60                HAL_TIM_MspPostInit
 .text.MX_USART1_UART_Init
                0x080040f8       0xa0 ./Core/Src/usart.o
                0x080040f8                MX_USART1_UART_Init
 .text.MX_USART2_UART_Init
                0x08004198       0x98 ./Core/Src/usart.o
                0x08004198                MX_USART2_UART_Init
 .text.HAL_UART_MspInit
                0x08004230      0x24c ./Core/Src/usart.o
                0x08004230                HAL_UART_MspInit
 .text.Reset_Handler
                0x0800447c       0x50 ./Core/Startup/startup_stm32g474retx.o
                0x0800447c                Reset_Handler
 .text.Default_Handler
                0x080044cc        0x2 ./Core/Startup/startup_stm32g474retx.o
                0x080044cc                RTC_Alarm_IRQHandler
                0x080044cc                EXTI2_IRQHandler
                0x080044cc                TIM8_TRG_COM_IRQHandler
                0x080044cc                TIM8_CC_IRQHandler
                0x080044cc                HRTIM1_Master_IRQHandler
                0x080044cc                SPI4_IRQHandler
                0x080044cc                FDCAN3_IT0_IRQHandler
                0x080044cc                TIM1_CC_IRQHandler
                0x080044cc                HRTIM1_FLT_IRQHandler
                0x080044cc                HRTIM1_TIMF_IRQHandler
                0x080044cc                USB_HP_IRQHandler
                0x080044cc                CORDIC_IRQHandler
                0x080044cc                HRTIM1_TIMD_IRQHandler
                0x080044cc                DMA2_Channel8_IRQHandler
                0x080044cc                EXTI3_IRQHandler
                0x080044cc                I2C3_ER_IRQHandler
                0x080044cc                EXTI0_IRQHandler
                0x080044cc                I2C2_EV_IRQHandler
                0x080044cc                FPU_IRQHandler
                0x080044cc                FDCAN1_IT1_IRQHandler
                0x080044cc                TIM1_UP_TIM16_IRQHandler
                0x080044cc                ADC1_2_IRQHandler
                0x080044cc                HRTIM1_TIME_IRQHandler
                0x080044cc                SPI1_IRQHandler
                0x080044cc                HRTIM1_TIMC_IRQHandler
                0x080044cc                TIM8_UP_IRQHandler
                0x080044cc                DMA2_Channel2_IRQHandler
                0x080044cc                TIM20_TRG_COM_IRQHandler
                0x080044cc                USART3_IRQHandler
                0x080044cc                DMA1_Channel7_IRQHandler
                0x080044cc                UART5_IRQHandler
                0x080044cc                ADC3_IRQHandler
                0x080044cc                TIM4_IRQHandler
                0x080044cc                QUADSPI_IRQHandler
                0x080044cc                I2C1_EV_IRQHandler
                0x080044cc                DMA1_Channel6_IRQHandler
                0x080044cc                UART4_IRQHandler
                0x080044cc                DMA2_Channel4_IRQHandler
                0x080044cc                TIM3_IRQHandler
                0x080044cc                RCC_IRQHandler
                0x080044cc                TIM20_UP_IRQHandler
                0x080044cc                Default_Handler
                0x080044cc                DMA2_Channel7_IRQHandler
                0x080044cc                RTC_TAMP_LSECSS_IRQHandler
                0x080044cc                FMAC_IRQHandler
                0x080044cc                DMA1_Channel8_IRQHandler
                0x080044cc                HRTIM1_TIMA_IRQHandler
                0x080044cc                TIM7_DAC_IRQHandler
                0x080044cc                FDCAN3_IT1_IRQHandler
                0x080044cc                TIM5_IRQHandler
                0x080044cc                UCPD1_IRQHandler
                0x080044cc                I2C3_EV_IRQHandler
                0x080044cc                EXTI9_5_IRQHandler
                0x080044cc                RTC_WKUP_IRQHandler
                0x080044cc                PVD_PVM_IRQHandler
                0x080044cc                SPI2_IRQHandler
                0x080044cc                ADC5_IRQHandler
                0x080044cc                DMA2_Channel5_IRQHandler
                0x080044cc                CRS_IRQHandler
                0x080044cc                DMA1_Channel5_IRQHandler
                0x080044cc                USB_LP_IRQHandler
                0x080044cc                EXTI4_IRQHandler
                0x080044cc                RNG_IRQHandler
                0x080044cc                HRTIM1_TIMB_IRQHandler
                0x080044cc                TIM1_TRG_COM_TIM17_IRQHandler
                0x080044cc                FDCAN2_IT1_IRQHandler
                0x080044cc                ADC4_IRQHandler
                0x080044cc                WWDG_IRQHandler
                0x080044cc                I2C4_EV_IRQHandler
                0x080044cc                FDCAN2_IT0_IRQHandler
                0x080044cc                LPUART1_IRQHandler
                0x080044cc                DMA2_Channel6_IRQHandler
                0x080044cc                FDCAN1_IT0_IRQHandler
                0x080044cc                TIM2_IRQHandler
                0x080044cc                COMP7_IRQHandler
                0x080044cc                COMP1_2_3_IRQHandler
                0x080044cc                EXTI1_IRQHandler
                0x080044cc                COMP4_5_6_IRQHandler
                0x080044cc                TIM20_BRK_IRQHandler
                0x080044cc                I2C2_ER_IRQHandler
                0x080044cc                TIM8_BRK_IRQHandler
                0x080044cc                FLASH_IRQHandler
                0x080044cc                TIM20_CC_IRQHandler
                0x080044cc                SPI3_IRQHandler
                0x080044cc                I2C1_ER_IRQHandler
                0x080044cc                FMC_IRQHandler
                0x080044cc                LPTIM1_IRQHandler
                0x080044cc                DMAMUX_OVR_IRQHandler
                0x080044cc                I2C4_ER_IRQHandler
                0x080044cc                USBWakeUp_IRQHandler
                0x080044cc                SAI1_IRQHandler
                0x080044cc                DMA2_Channel3_IRQHandler
                0x080044cc                TIM1_BRK_TIM15_IRQHandler
 .text.HAL_Init
                0x080044ce       0x30 ./Drivers/STM32G4xx_HAL_Driver/Src/stm32g4xx_hal.o
                0x080044ce                HAL_Init
 *fill*         0x080044fe        0x2 
 .text.HAL_InitTick
                0x08004500       0x74 ./Drivers/STM32G4xx_HAL_Driver/Src/stm32g4xx_hal.o
                0x08004500                HAL_InitTick
 .text.HAL_IncTick
                0x08004574       0x24 ./Drivers/STM32G4xx_HAL_Driver/Src/stm32g4xx_hal.o
                0x08004574                HAL_IncTick
 .text.HAL_GetTick
                0x08004598       0x18 ./Drivers/STM32G4xx_HAL_Driver/Src/stm32g4xx_hal.o
                0x08004598                HAL_GetTick
 .text.HAL_Delay
                0x080045b0       0x44 ./Drivers/STM32G4xx_HAL_Driver/Src/stm32g4xx_hal.o
                0x080045b0                HAL_Delay
 .text.LL_ADC_SetCommonClock
                0x080045f4       0x26 ./Drivers/STM32G4xx_HAL_Driver/Src/stm32g4xx_hal_adc.o
 .text.LL_ADC_SetCommonPathInternalCh
                0x0800461a       0x26 ./Drivers/STM32G4xx_HAL_Driver/Src/stm32g4xx_hal_adc.o
 .text.LL_ADC_GetCommonPathInternalCh
                0x08004640       0x1c ./Drivers/STM32G4xx_HAL_Driver/Src/stm32g4xx_hal_adc.o
 .text.LL_ADC_SetOffset
                0x0800465c       0x48 ./Drivers/STM32G4xx_HAL_Driver/Src/stm32g4xx_hal_adc.o
 .text.LL_ADC_GetOffsetChannel
                0x080046a4       0x2c ./Drivers/STM32G4xx_HAL_Driver/Src/stm32g4xx_hal_adc.o
 .text.LL_ADC_SetOffsetState
                0x080046d0       0x36 ./Drivers/STM32G4xx_HAL_Driver/Src/stm32g4xx_hal_adc.o
 .text.LL_ADC_SetOffsetSign
                0x08004706       0x36 ./Drivers/STM32G4xx_HAL_Driver/Src/stm32g4xx_hal_adc.o
 .text.LL_ADC_SetOffsetSaturation
                0x0800473c       0x36 ./Drivers/STM32G4xx_HAL_Driver/Src/stm32g4xx_hal_adc.o
 .text.LL_ADC_SetSamplingTimeCommonConfig
                0x08004772       0x26 ./Drivers/STM32G4xx_HAL_Driver/Src/stm32g4xx_hal_adc.o
 .text.LL_ADC_REG_IsTriggerSourceSWStart
                0x08004798       0x26 ./Drivers/STM32G4xx_HAL_Driver/Src/stm32g4xx_hal_adc.o
 .text.LL_ADC_REG_SetSequencerRanks
                0x080047be       0x58 ./Drivers/STM32G4xx_HAL_Driver/Src/stm32g4xx_hal_adc.o
 .text.LL_ADC_SetChannelSamplingTime
                0x08004816       0x56 ./Drivers/STM32G4xx_HAL_Driver/Src/stm32g4xx_hal_adc.o
 .text.LL_ADC_SetChannelSingleDiff
                0x0800486c       0x50 ./Drivers/STM32G4xx_HAL_Driver/Src/stm32g4xx_hal_adc.o
 .text.LL_ADC_DisableDeepPowerDown
                0x080048bc       0x24 ./Drivers/STM32G4xx_HAL_Driver/Src/stm32g4xx_hal_adc.o
 .text.LL_ADC_IsDeepPowerDownEnabled
                0x080048e0       0x28 ./Drivers/STM32G4xx_HAL_Driver/Src/stm32g4xx_hal_adc.o
 .text.LL_ADC_EnableInternalRegulator
                0x08004908       0x28 ./Drivers/STM32G4xx_HAL_Driver/Src/stm32g4xx_hal_adc.o
 .text.LL_ADC_IsInternalRegulatorEnabled
                0x08004930       0x28 ./Drivers/STM32G4xx_HAL_Driver/Src/stm32g4xx_hal_adc.o
 .text.LL_ADC_Enable
                0x08004958       0x28 ./Drivers/STM32G4xx_HAL_Driver/Src/stm32g4xx_hal_adc.o
 .text.LL_ADC_Disable
                0x08004980       0x28 ./Drivers/STM32G4xx_HAL_Driver/Src/stm32g4xx_hal_adc.o
 .text.LL_ADC_IsEnabled
                0x080049a8       0x26 ./Drivers/STM32G4xx_HAL_Driver/Src/stm32g4xx_hal_adc.o
 .text.LL_ADC_IsDisableOngoing
                0x080049ce       0x26 ./Drivers/STM32G4xx_HAL_Driver/Src/stm32g4xx_hal_adc.o
 .text.LL_ADC_REG_IsConversionOngoing
                0x080049f4       0x26 ./Drivers/STM32G4xx_HAL_Driver/Src/stm32g4xx_hal_adc.o
 .text.LL_ADC_INJ_IsConversionOngoing
                0x08004a1a       0x26 ./Drivers/STM32G4xx_HAL_Driver/Src/stm32g4xx_hal_adc.o
 .text.HAL_ADC_Init
                0x08004a40      0x384 ./Drivers/STM32G4xx_HAL_Driver/Src/stm32g4xx_hal_adc.o
                0x08004a40                HAL_ADC_Init
 .text.HAL_ADC_ConvHalfCpltCallback
                0x08004dc4       0x14 ./Drivers/STM32G4xx_HAL_Driver/Src/stm32g4xx_hal_adc.o
                0x08004dc4                HAL_ADC_ConvHalfCpltCallback
 .text.HAL_ADC_ErrorCallback
                0x08004dd8       0x14 ./Drivers/STM32G4xx_HAL_Driver/Src/stm32g4xx_hal_adc.o
                0x08004dd8                HAL_ADC_ErrorCallback
 .text.HAL_ADC_ConfigChannel
                0x08004dec      0x880 ./Drivers/STM32G4xx_HAL_Driver/Src/stm32g4xx_hal_adc.o
                0x08004dec                HAL_ADC_ConfigChannel
 .text.ADC_Enable
                0x0800566c       0xc4 ./Drivers/STM32G4xx_HAL_Driver/Src/stm32g4xx_hal_adc.o
                0x0800566c                ADC_Enable
 .text.ADC_Disable
                0x08005730       0xbe ./Drivers/STM32G4xx_HAL_Driver/Src/stm32g4xx_hal_adc.o
                0x08005730                ADC_Disable
 .text.ADC_DMAConvCplt
                0x080057ee       0xd8 ./Drivers/STM32G4xx_HAL_Driver/Src/stm32g4xx_hal_adc.o
                0x080057ee                ADC_DMAConvCplt
 .text.ADC_DMAHalfConvCplt
                0x080058c6       0x1c ./Drivers/STM32G4xx_HAL_Driver/Src/stm32g4xx_hal_adc.o
                0x080058c6                ADC_DMAHalfConvCplt
 .text.ADC_DMAError
                0x080058e2       0x34 ./Drivers/STM32G4xx_HAL_Driver/Src/stm32g4xx_hal_adc.o
                0x080058e2                ADC_DMAError
 .text.LL_ADC_IsEnabled
                0x08005916       0x26 ./Drivers/STM32G4xx_HAL_Driver/Src/stm32g4xx_hal_adc_ex.o
 .text.LL_ADC_StartCalibration
                0x0800593c       0x32 ./Drivers/STM32G4xx_HAL_Driver/Src/stm32g4xx_hal_adc_ex.o
 .text.LL_ADC_IsCalibrationOnGoing
                0x0800596e       0x28 ./Drivers/STM32G4xx_HAL_Driver/Src/stm32g4xx_hal_adc_ex.o
 .text.LL_ADC_REG_StartConversion
                0x08005996       0x28 ./Drivers/STM32G4xx_HAL_Driver/Src/stm32g4xx_hal_adc_ex.o
 .text.LL_ADC_REG_IsConversionOngoing
                0x080059be       0x26 ./Drivers/STM32G4xx_HAL_Driver/Src/stm32g4xx_hal_adc_ex.o
 .text.HAL_ADCEx_Calibration_Start
                0x080059e4       0xc4 ./Drivers/STM32G4xx_HAL_Driver/Src/stm32g4xx_hal_adc_ex.o
                0x080059e4                HAL_ADCEx_Calibration_Start
 .text.HAL_ADCEx_MultiModeStart_DMA
                0x08005aa8      0x178 ./Drivers/STM32G4xx_HAL_Driver/Src/stm32g4xx_hal_adc_ex.o
                0x08005aa8                HAL_ADCEx_MultiModeStart_DMA
 .text.HAL_ADCEx_MultiModeConfigChannel
                0x08005c20      0x210 ./Drivers/STM32G4xx_HAL_Driver/Src/stm32g4xx_hal_adc_ex.o
                0x08005c20                HAL_ADCEx_MultiModeConfigChannel
 .text.__NVIC_SetPriorityGrouping
                0x08005e30       0x48 ./Drivers/STM32G4xx_HAL_Driver/Src/stm32g4xx_hal_cortex.o
 .text.__NVIC_GetPriorityGrouping
                0x08005e78       0x1c ./Drivers/STM32G4xx_HAL_Driver/Src/stm32g4xx_hal_cortex.o
 .text.__NVIC_EnableIRQ
                0x08005e94       0x3c ./Drivers/STM32G4xx_HAL_Driver/Src/stm32g4xx_hal_cortex.o
 .text.__NVIC_SetPriority
                0x08005ed0       0x54 ./Drivers/STM32G4xx_HAL_Driver/Src/stm32g4xx_hal_cortex.o
 .text.NVIC_EncodePriority
                0x08005f24       0x66 ./Drivers/STM32G4xx_HAL_Driver/Src/stm32g4xx_hal_cortex.o
 *fill*         0x08005f8a        0x2 
 .text.SysTick_Config
                0x08005f8c       0x44 ./Drivers/STM32G4xx_HAL_Driver/Src/stm32g4xx_hal_cortex.o
 .text.HAL_NVIC_SetPriorityGrouping
                0x08005fd0       0x16 ./Drivers/STM32G4xx_HAL_Driver/Src/stm32g4xx_hal_cortex.o
                0x08005fd0                HAL_NVIC_SetPriorityGrouping
 .text.HAL_NVIC_SetPriority
                0x08005fe6       0x34 ./Drivers/STM32G4xx_HAL_Driver/Src/stm32g4xx_hal_cortex.o
                0x08005fe6                HAL_NVIC_SetPriority
 .text.HAL_NVIC_EnableIRQ
                0x0800601a       0x1c ./Drivers/STM32G4xx_HAL_Driver/Src/stm32g4xx_hal_cortex.o
                0x0800601a                HAL_NVIC_EnableIRQ
 .text.HAL_SYSTICK_Config
                0x08006036       0x18 ./Drivers/STM32G4xx_HAL_Driver/Src/stm32g4xx_hal_cortex.o
                0x08006036                HAL_SYSTICK_Config
 *fill*         0x0800604e        0x2 
 .text.HAL_CRC_Init
                0x08006050       0xc8 ./Drivers/STM32G4xx_HAL_Driver/Src/stm32g4xx_hal_crc.o
                0x08006050                HAL_CRC_Init
 .text.HAL_CRC_Calculate
                0x08006118       0x98 ./Drivers/STM32G4xx_HAL_Driver/Src/stm32g4xx_hal_crc.o
                0x08006118                HAL_CRC_Calculate
 .text.CRC_Handle_8
                0x080061b0      0x11c ./Drivers/STM32G4xx_HAL_Driver/Src/stm32g4xx_hal_crc.o
 .text.CRC_Handle_16
                0x080062cc       0x74 ./Drivers/STM32G4xx_HAL_Driver/Src/stm32g4xx_hal_crc.o
 .text.HAL_CRCEx_Polynomial_Set
                0x08006340      0x10c ./Drivers/STM32G4xx_HAL_Driver/Src/stm32g4xx_hal_crc_ex.o
                0x08006340                HAL_CRCEx_Polynomial_Set
 .text.HAL_DMA_Init
                0x0800644c      0x150 ./Drivers/STM32G4xx_HAL_Driver/Src/stm32g4xx_hal_dma.o
                0x0800644c                HAL_DMA_Init
 .text.HAL_DMA_Start_IT
                0x0800659c       0xf6 ./Drivers/STM32G4xx_HAL_Driver/Src/stm32g4xx_hal_dma.o
                0x0800659c                HAL_DMA_Start_IT
 .text.HAL_DMA_Abort
                0x08006692       0xb2 ./Drivers/STM32G4xx_HAL_Driver/Src/stm32g4xx_hal_dma.o
                0x08006692                HAL_DMA_Abort
 .text.HAL_DMA_Abort_IT
                0x08006744       0xce ./Drivers/STM32G4xx_HAL_Driver/Src/stm32g4xx_hal_dma.o
                0x08006744                HAL_DMA_Abort_IT
 .text.HAL_DMA_IRQHandler
                0x08006812      0x15e ./Drivers/STM32G4xx_HAL_Driver/Src/stm32g4xx_hal_dma.o
                0x08006812                HAL_DMA_IRQHandler
 .text.HAL_DMA_RegisterCallback
                0x08006970       0x90 ./Drivers/STM32G4xx_HAL_Driver/Src/stm32g4xx_hal_dma.o
                0x08006970                HAL_DMA_RegisterCallback
 .text.DMA_SetConfig
                0x08006a00       0x7c ./Drivers/STM32G4xx_HAL_Driver/Src/stm32g4xx_hal_dma.o
 .text.DMA_CalcDMAMUXChannelBaseAndMask
                0x08006a7c       0x7c ./Drivers/STM32G4xx_HAL_Driver/Src/stm32g4xx_hal_dma.o
 .text.DMA_CalcDMAMUXRequestGenBaseAndMask
                0x08006af8       0x48 ./Drivers/STM32G4xx_HAL_Driver/Src/stm32g4xx_hal_dma.o
 .text.HAL_GPIO_Init
                0x08006b40      0x304 ./Drivers/STM32G4xx_HAL_Driver/Src/stm32g4xx_hal_gpio.o
                0x08006b40                HAL_GPIO_Init
 .text.HAL_GPIO_ReadPin
                0x08006e44       0x30 ./Drivers/STM32G4xx_HAL_Driver/Src/stm32g4xx_hal_gpio.o
                0x08006e44                HAL_GPIO_ReadPin
 .text.HAL_GPIO_WritePin
                0x08006e74       0x30 ./Drivers/STM32G4xx_HAL_Driver/Src/stm32g4xx_hal_gpio.o
                0x08006e74                HAL_GPIO_WritePin
 .text.HAL_GPIO_TogglePin
                0x08006ea4       0x34 ./Drivers/STM32G4xx_HAL_Driver/Src/stm32g4xx_hal_gpio.o
                0x08006ea4                HAL_GPIO_TogglePin
 .text.HAL_GPIO_EXTI_IRQHandler
                0x08006ed8       0x30 ./Drivers/STM32G4xx_HAL_Driver/Src/stm32g4xx_hal_gpio.o
                0x08006ed8                HAL_GPIO_EXTI_IRQHandler
 .text.HAL_HRTIM_Init
                0x08006f08      0x1a0 ./Drivers/STM32G4xx_HAL_Driver/Src/stm32g4xx_hal_hrtim.o
                0x08006f08                HAL_HRTIM_Init
 .text.HAL_HRTIM_DLLCalibrationStart
                0x080070a8       0xb0 ./Drivers/STM32G4xx_HAL_Driver/Src/stm32g4xx_hal_hrtim.o
                0x080070a8                HAL_HRTIM_DLLCalibrationStart
 .text.HAL_HRTIM_PollForDLLCalibration
                0x08007158       0x68 ./Drivers/STM32G4xx_HAL_Driver/Src/stm32g4xx_hal_hrtim.o
                0x08007158                HAL_HRTIM_PollForDLLCalibration
 .text.HAL_HRTIM_TimeBaseConfig
                0x080071c0       0x50 ./Drivers/STM32G4xx_HAL_Driver/Src/stm32g4xx_hal_hrtim.o
                0x080071c0                HAL_HRTIM_TimeBaseConfig
 .text.HAL_HRTIM_SimpleBaseStart
                0x08007210       0x60 ./Drivers/STM32G4xx_HAL_Driver/Src/stm32g4xx_hal_hrtim.o
                0x08007210                HAL_HRTIM_SimpleBaseStart
 .text.HAL_HRTIM_EventConfig
                0x08007270       0x5e ./Drivers/STM32G4xx_HAL_Driver/Src/stm32g4xx_hal_hrtim.o
                0x08007270                HAL_HRTIM_EventConfig
 .text.HAL_HRTIM_EventPrescalerConfig
                0x080072ce       0x72 ./Drivers/STM32G4xx_HAL_Driver/Src/stm32g4xx_hal_hrtim.o
                0x080072ce                HAL_HRTIM_EventPrescalerConfig
 .text.HAL_HRTIM_FaultConfig
                0x08007340      0x380 ./Drivers/STM32G4xx_HAL_Driver/Src/stm32g4xx_hal_hrtim.o
                0x08007340                HAL_HRTIM_FaultConfig
 .text.HAL_HRTIM_FaultPrescalerConfig
                0x080076c0       0x72 ./Drivers/STM32G4xx_HAL_Driver/Src/stm32g4xx_hal_hrtim.o
                0x080076c0                HAL_HRTIM_FaultPrescalerConfig
 *fill*         0x08007732        0x2 
 .text.HAL_HRTIM_FaultBlankingConfigAndEnable
                0x08007734      0x1d8 ./Drivers/STM32G4xx_HAL_Driver/Src/stm32g4xx_hal_hrtim.o
                0x08007734                HAL_HRTIM_FaultBlankingConfigAndEnable
 .text.HAL_HRTIM_FaultCounterConfig
                0x0800790c      0x1f0 ./Drivers/STM32G4xx_HAL_Driver/Src/stm32g4xx_hal_hrtim.o
                0x0800790c                HAL_HRTIM_FaultCounterConfig
 .text.HAL_HRTIM_FaultModeCtl
                0x08007afc      0x104 ./Drivers/STM32G4xx_HAL_Driver/Src/stm32g4xx_hal_hrtim.o
                0x08007afc                HAL_HRTIM_FaultModeCtl
 .text.HAL_HRTIM_WaveformTimerConfig
                0x08007c00      0x11a ./Drivers/STM32G4xx_HAL_Driver/Src/stm32g4xx_hal_hrtim.o
                0x08007c00                HAL_HRTIM_WaveformTimerConfig
 *fill*         0x08007d1a        0x2 
 .text.HAL_HRTIM_WaveformCompareConfig
                0x08007d1c      0x2dc ./Drivers/STM32G4xx_HAL_Driver/Src/stm32g4xx_hal_hrtim.o
                0x08007d1c                HAL_HRTIM_WaveformCompareConfig
 .text.HRTIM_MasterBase_Config
                0x08007ff8       0x5e ./Drivers/STM32G4xx_HAL_Driver/Src/stm32g4xx_hal_hrtim.o
 .text.HRTIM_TimingUnitBase_Config
                0x08008056       0x80 ./Drivers/STM32G4xx_HAL_Driver/Src/stm32g4xx_hal_hrtim.o
 .text.HRTIM_MasterWaveform_Config
                0x080080d6      0x13a ./Drivers/STM32G4xx_HAL_Driver/Src/stm32g4xx_hal_hrtim.o
 .text.HRTIM_TimingUnitWaveform_Config
                0x08008210      0x30c ./Drivers/STM32G4xx_HAL_Driver/Src/stm32g4xx_hal_hrtim.o
 .text.HRTIM_EventConfig
                0x0800851c      0x450 ./Drivers/STM32G4xx_HAL_Driver/Src/stm32g4xx_hal_hrtim.o
 .text.HRTIM_ForceRegistersUpdate
                0x0800896c       0xdc ./Drivers/STM32G4xx_HAL_Driver/Src/stm32g4xx_hal_hrtim.o
 .text.HAL_PWREx_ControlVoltageScaling
                0x08008a48      0x148 ./Drivers/STM32G4xx_HAL_Driver/Src/stm32g4xx_hal_pwr_ex.o
                0x08008a48                HAL_PWREx_ControlVoltageScaling
 .text.HAL_PWREx_DisableUCPDDeadBattery
                0x08008b90       0x20 ./Drivers/STM32G4xx_HAL_Driver/Src/stm32g4xx_hal_pwr_ex.o
                0x08008b90                HAL_PWREx_DisableUCPDDeadBattery
 .text.HAL_RCC_OscConfig
                0x08008bb0      0x630 ./Drivers/STM32G4xx_HAL_Driver/Src/stm32g4xx_hal_rcc.o
                0x08008bb0                HAL_RCC_OscConfig
 .text.HAL_RCC_ClockConfig
                0x080091e0      0x278 ./Drivers/STM32G4xx_HAL_Driver/Src/stm32g4xx_hal_rcc.o
                0x080091e0                HAL_RCC_ClockConfig
 .text.HAL_RCC_GetSysClockFreq
                0x08009458       0xc4 ./Drivers/STM32G4xx_HAL_Driver/Src/stm32g4xx_hal_rcc.o
                0x08009458                HAL_RCC_GetSysClockFreq
 .text.HAL_RCC_GetHCLKFreq
                0x0800951c       0x18 ./Drivers/STM32G4xx_HAL_Driver/Src/stm32g4xx_hal_rcc.o
                0x0800951c                HAL_RCC_GetHCLKFreq
 .text.HAL_RCC_GetPCLK1Freq
                0x08009534       0x2c ./Drivers/STM32G4xx_HAL_Driver/Src/stm32g4xx_hal_rcc.o
                0x08009534                HAL_RCC_GetPCLK1Freq
 .text.HAL_RCC_GetPCLK2Freq
                0x08009560       0x2c ./Drivers/STM32G4xx_HAL_Driver/Src/stm32g4xx_hal_rcc.o
                0x08009560                HAL_RCC_GetPCLK2Freq
 .text.RCC_GetSysClockFreqFromPLLSource
                0x0800958c       0x8c ./Drivers/STM32G4xx_HAL_Driver/Src/stm32g4xx_hal_rcc.o
 .text.HAL_RCCEx_PeriphCLKConfig
                0x08009618      0x49c ./Drivers/STM32G4xx_HAL_Driver/Src/stm32g4xx_hal_rcc_ex.o
                0x08009618                HAL_RCCEx_PeriphCLKConfig
 .text.HAL_TIM_Base_Init
                0x08009ab4       0xae ./Drivers/STM32G4xx_HAL_Driver/Src/stm32g4xx_hal_tim.o
                0x08009ab4                HAL_TIM_Base_Init
 *fill*         0x08009b62        0x2 
 .text.HAL_TIM_Base_Start
                0x08009b64       0xe0 ./Drivers/STM32G4xx_HAL_Driver/Src/stm32g4xx_hal_tim.o
                0x08009b64                HAL_TIM_Base_Start
 .text.HAL_TIM_Base_Start_IT
                0x08009c44       0xf0 ./Drivers/STM32G4xx_HAL_Driver/Src/stm32g4xx_hal_tim.o
                0x08009c44                HAL_TIM_Base_Start_IT
 .text.HAL_TIM_Base_Stop_IT
                0x08009d34       0x5e ./Drivers/STM32G4xx_HAL_Driver/Src/stm32g4xx_hal_tim.o
                0x08009d34                HAL_TIM_Base_Stop_IT
 .text.HAL_TIM_PWM_Init
                0x08009d92       0xae ./Drivers/STM32G4xx_HAL_Driver/Src/stm32g4xx_hal_tim.o
                0x08009d92                HAL_TIM_PWM_Init
 .text.HAL_TIM_PWM_MspInit
                0x08009e40       0x14 ./Drivers/STM32G4xx_HAL_Driver/Src/stm32g4xx_hal_tim.o
                0x08009e40                HAL_TIM_PWM_MspInit
 .text.HAL_TIM_PWM_Start
                0x08009e54      0x224 ./Drivers/STM32G4xx_HAL_Driver/Src/stm32g4xx_hal_tim.o
                0x08009e54                HAL_TIM_PWM_Start
 .text.HAL_TIM_IRQHandler
                0x0800a078      0x2fe ./Drivers/STM32G4xx_HAL_Driver/Src/stm32g4xx_hal_tim.o
                0x0800a078                HAL_TIM_IRQHandler
 *fill*         0x0800a376        0x2 
 .text.HAL_TIM_PWM_ConfigChannel
                0x0800a378      0x228 ./Drivers/STM32G4xx_HAL_Driver/Src/stm32g4xx_hal_tim.o
                0x0800a378                HAL_TIM_PWM_ConfigChannel
 .text.HAL_TIM_GenerateEvent
                0x0800a5a0       0x4e ./Drivers/STM32G4xx_HAL_Driver/Src/stm32g4xx_hal_tim.o
                0x0800a5a0                HAL_TIM_GenerateEvent
 .text.HAL_TIM_SlaveConfigSynchro
                0x0800a5ee       0x84 ./Drivers/STM32G4xx_HAL_Driver/Src/stm32g4xx_hal_tim.o
                0x0800a5ee                HAL_TIM_SlaveConfigSynchro
 .text.HAL_TIM_OC_DelayElapsedCallback
                0x0800a672       0x14 ./Drivers/STM32G4xx_HAL_Driver/Src/stm32g4xx_hal_tim.o
                0x0800a672                HAL_TIM_OC_DelayElapsedCallback
 .text.HAL_TIM_IC_CaptureCallback
                0x0800a686       0x14 ./Drivers/STM32G4xx_HAL_Driver/Src/stm32g4xx_hal_tim.o
                0x0800a686                HAL_TIM_IC_CaptureCallback
 .text.HAL_TIM_PWM_PulseFinishedCallback
                0x0800a69a       0x14 ./Drivers/STM32G4xx_HAL_Driver/Src/stm32g4xx_hal_tim.o
                0x0800a69a                HAL_TIM_PWM_PulseFinishedCallback
 .text.HAL_TIM_TriggerCallback
                0x0800a6ae       0x14 ./Drivers/STM32G4xx_HAL_Driver/Src/stm32g4xx_hal_tim.o
                0x0800a6ae                HAL_TIM_TriggerCallback
 *fill*         0x0800a6c2        0x2 
 .text.TIM_Base_SetConfig
                0x0800a6c4      0x150 ./Drivers/STM32G4xx_HAL_Driver/Src/stm32g4xx_hal_tim.o
                0x0800a6c4                TIM_Base_SetConfig
 .text.TIM_OC1_SetConfig
                0x0800a814      0x134 ./Drivers/STM32G4xx_HAL_Driver/Src/stm32g4xx_hal_tim.o
 .text.TIM_OC2_SetConfig
                0x0800a948      0x128 ./Drivers/STM32G4xx_HAL_Driver/Src/stm32g4xx_hal_tim.o
                0x0800a948                TIM_OC2_SetConfig
 .text.TIM_OC3_SetConfig
                0x0800aa70      0x124 ./Drivers/STM32G4xx_HAL_Driver/Src/stm32g4xx_hal_tim.o
 .text.TIM_OC4_SetConfig
                0x0800ab94      0x128 ./Drivers/STM32G4xx_HAL_Driver/Src/stm32g4xx_hal_tim.o
 .text.TIM_OC5_SetConfig
                0x0800acbc       0xd4 ./Drivers/STM32G4xx_HAL_Driver/Src/stm32g4xx_hal_tim.o
 .text.TIM_OC6_SetConfig
                0x0800ad90       0xd8 ./Drivers/STM32G4xx_HAL_Driver/Src/stm32g4xx_hal_tim.o
 .text.TIM_SlaveTimer_SetConfig
                0x0800ae68      0x1c0 ./Drivers/STM32G4xx_HAL_Driver/Src/stm32g4xx_hal_tim.o
 .text.TIM_TI1_ConfigInputStage
                0x0800b028       0x5e ./Drivers/STM32G4xx_HAL_Driver/Src/stm32g4xx_hal_tim.o
 .text.TIM_TI2_ConfigInputStage
                0x0800b086       0x60 ./Drivers/STM32G4xx_HAL_Driver/Src/stm32g4xx_hal_tim.o
 .text.TIM_ETR_SetConfig
                0x0800b0e6       0x40 ./Drivers/STM32G4xx_HAL_Driver/Src/stm32g4xx_hal_tim.o
                0x0800b0e6                TIM_ETR_SetConfig
 .text.TIM_CCxChannelCmd
                0x0800b126       0x4a ./Drivers/STM32G4xx_HAL_Driver/Src/stm32g4xx_hal_tim.o
                0x0800b126                TIM_CCxChannelCmd
 .text.HAL_TIMEx_PWMN_Start
                0x0800b170      0x184 ./Drivers/STM32G4xx_HAL_Driver/Src/stm32g4xx_hal_tim_ex.o
                0x0800b170                HAL_TIMEx_PWMN_Start
 .text.HAL_TIMEx_MasterConfigSynchronization
                0x0800b2f4      0x12c ./Drivers/STM32G4xx_HAL_Driver/Src/stm32g4xx_hal_tim_ex.o
                0x0800b2f4                HAL_TIMEx_MasterConfigSynchronization
 .text.HAL_TIMEx_ConfigBreakDeadTime
                0x0800b420      0x164 ./Drivers/STM32G4xx_HAL_Driver/Src/stm32g4xx_hal_tim_ex.o
                0x0800b420                HAL_TIMEx_ConfigBreakDeadTime
 .text.HAL_TIMEx_ConfigBreakInput
                0x0800b584      0x244 ./Drivers/STM32G4xx_HAL_Driver/Src/stm32g4xx_hal_tim_ex.o
                0x0800b584                HAL_TIMEx_ConfigBreakInput
 .text.HAL_TIMEx_CommutCallback
                0x0800b7c8       0x14 ./Drivers/STM32G4xx_HAL_Driver/Src/stm32g4xx_hal_tim_ex.o
                0x0800b7c8                HAL_TIMEx_CommutCallback
 .text.HAL_TIMEx_BreakCallback
                0x0800b7dc       0x14 ./Drivers/STM32G4xx_HAL_Driver/Src/stm32g4xx_hal_tim_ex.o
                0x0800b7dc                HAL_TIMEx_BreakCallback
 .text.HAL_TIMEx_Break2Callback
                0x0800b7f0       0x14 ./Drivers/STM32G4xx_HAL_Driver/Src/stm32g4xx_hal_tim_ex.o
                0x0800b7f0                HAL_TIMEx_Break2Callback
 .text.HAL_TIMEx_EncoderIndexCallback
                0x0800b804       0x14 ./Drivers/STM32G4xx_HAL_Driver/Src/stm32g4xx_hal_tim_ex.o
                0x0800b804                HAL_TIMEx_EncoderIndexCallback
 .text.HAL_TIMEx_DirectionChangeCallback
                0x0800b818       0x14 ./Drivers/STM32G4xx_HAL_Driver/Src/stm32g4xx_hal_tim_ex.o
                0x0800b818                HAL_TIMEx_DirectionChangeCallback
 .text.HAL_TIMEx_IndexErrorCallback
                0x0800b82c       0x14 ./Drivers/STM32G4xx_HAL_Driver/Src/stm32g4xx_hal_tim_ex.o
                0x0800b82c                HAL_TIMEx_IndexErrorCallback
 .text.HAL_TIMEx_TransitionErrorCallback
                0x0800b840       0x14 ./Drivers/STM32G4xx_HAL_Driver/Src/stm32g4xx_hal_tim_ex.o
                0x0800b840                HAL_TIMEx_TransitionErrorCallback
 .text.TIM_CCxNChannelCmd
                0x0800b854       0x4a ./Drivers/STM32G4xx_HAL_Driver/Src/stm32g4xx_hal_tim_ex.o
 .text.HAL_UART_Init
                0x0800b89e       0xa0 ./Drivers/STM32G4xx_HAL_Driver/Src/stm32g4xx_hal_uart.o
                0x0800b89e                HAL_UART_Init
 *fill*         0x0800b93e        0x2 
 .text.HAL_UART_Transmit_DMA
                0x0800b940      0x124 ./Drivers/STM32G4xx_HAL_Driver/Src/stm32g4xx_hal_uart.o
                0x0800b940                HAL_UART_Transmit_DMA
 .text.HAL_UART_IRQHandler
                0x0800ba64      0x630 ./Drivers/STM32G4xx_HAL_Driver/Src/stm32g4xx_hal_uart.o
                0x0800ba64                HAL_UART_IRQHandler
 .text.HAL_UART_TxHalfCpltCallback
                0x0800c094       0x14 ./Drivers/STM32G4xx_HAL_Driver/Src/stm32g4xx_hal_uart.o
                0x0800c094                HAL_UART_TxHalfCpltCallback
 .text.HAL_UART_ErrorCallback
                0x0800c0a8       0x14 ./Drivers/STM32G4xx_HAL_Driver/Src/stm32g4xx_hal_uart.o
                0x0800c0a8                HAL_UART_ErrorCallback
 .text.HAL_UARTEx_RxEventCallback
                0x0800c0bc       0x18 ./Drivers/STM32G4xx_HAL_Driver/Src/stm32g4xx_hal_uart.o
                0x0800c0bc                HAL_UARTEx_RxEventCallback
 .text.UART_SetConfig
                0x0800c0d4      0x5f8 ./Drivers/STM32G4xx_HAL_Driver/Src/stm32g4xx_hal_uart.o
                0x0800c0d4                UART_SetConfig
 .text.UART_AdvFeatureConfig
                0x0800c6cc      0x144 ./Drivers/STM32G4xx_HAL_Driver/Src/stm32g4xx_hal_uart.o
                0x0800c6cc                UART_AdvFeatureConfig
 .text.UART_CheckIdleState
                0x0800c810       0x96 ./Drivers/STM32G4xx_HAL_Driver/Src/stm32g4xx_hal_uart.o
                0x0800c810                UART_CheckIdleState
 .text.UART_WaitOnFlagUntilTimeout
                0x0800c8a6      0x190 ./Drivers/STM32G4xx_HAL_Driver/Src/stm32g4xx_hal_uart.o
                0x0800c8a6                UART_WaitOnFlagUntilTimeout
 .text.UART_EndTxTransfer
                0x0800ca36       0x82 ./Drivers/STM32G4xx_HAL_Driver/Src/stm32g4xx_hal_uart.o
 .text.UART_EndRxTransfer
                0x0800cab8       0xcc ./Drivers/STM32G4xx_HAL_Driver/Src/stm32g4xx_hal_uart.o
 .text.UART_DMATransmitCplt
                0x0800cb84       0x9a ./Drivers/STM32G4xx_HAL_Driver/Src/stm32g4xx_hal_uart.o
 .text.UART_DMATxHalfCplt
                0x0800cc1e       0x1c ./Drivers/STM32G4xx_HAL_Driver/Src/stm32g4xx_hal_uart.o
 .text.UART_DMAError
                0x0800cc3a       0x80 ./Drivers/STM32G4xx_HAL_Driver/Src/stm32g4xx_hal_uart.o
 .text.UART_DMAAbortOnError
                0x0800ccba       0x2c ./Drivers/STM32G4xx_HAL_Driver/Src/stm32g4xx_hal_uart.o
 .text.UART_EndTransmit_IT
                0x0800cce6       0x56 ./Drivers/STM32G4xx_HAL_Driver/Src/stm32g4xx_hal_uart.o
 .text.HAL_RS485Ex_Init
                0x0800cd3c       0xd2 ./Drivers/STM32G4xx_HAL_Driver/Src/stm32g4xx_hal_uart_ex.o
                0x0800cd3c                HAL_RS485Ex_Init
 .text.HAL_UARTEx_WakeupCallback
                0x0800ce0e       0x14 ./Drivers/STM32G4xx_HAL_Driver/Src/stm32g4xx_hal_uart_ex.o
                0x0800ce0e                HAL_UARTEx_WakeupCallback
 .text.HAL_UARTEx_RxFifoFullCallback
                0x0800ce22       0x14 ./Drivers/STM32G4xx_HAL_Driver/Src/stm32g4xx_hal_uart_ex.o
                0x0800ce22                HAL_UARTEx_RxFifoFullCallback
 .text.HAL_UARTEx_TxFifoEmptyCallback
                0x0800ce36       0x14 ./Drivers/STM32G4xx_HAL_Driver/Src/stm32g4xx_hal_uart_ex.o
                0x0800ce36                HAL_UARTEx_TxFifoEmptyCallback
 .text.HAL_UARTEx_DisableFifoMode
                0x0800ce4a       0x72 ./Drivers/STM32G4xx_HAL_Driver/Src/stm32g4xx_hal_uart_ex.o
                0x0800ce4a                HAL_UARTEx_DisableFifoMode
 .text.HAL_UARTEx_SetTxFifoThreshold
                0x0800cebc       0x7c ./Drivers/STM32G4xx_HAL_Driver/Src/stm32g4xx_hal_uart_ex.o
                0x0800cebc                HAL_UARTEx_SetTxFifoThreshold
 .text.HAL_UARTEx_SetRxFifoThreshold
                0x0800cf38       0x7c ./Drivers/STM32G4xx_HAL_Driver/Src/stm32g4xx_hal_uart_ex.o
                0x0800cf38                HAL_UARTEx_SetRxFifoThreshold
 .text.UARTEx_SetNbDataToProcess
                0x0800cfb4       0x9c ./Drivers/STM32G4xx_HAL_Driver/Src/stm32g4xx_hal_uart_ex.o
 .text.eMBFuncWriteHoldingRegister
                0x0800d050       0x6a ./Drivers/modbus/functions/mbfuncholding.o
                0x0800d050                eMBFuncWriteHoldingRegister
 .text.eMBFuncWriteMultipleHoldingRegister
                0x0800d0ba       0xb2 ./Drivers/modbus/functions/mbfuncholding.o
                0x0800d0ba                eMBFuncWriteMultipleHoldingRegister
 .text.eMBFuncReadHoldingRegister
                0x0800d16c       0xde ./Drivers/modbus/functions/mbfuncholding.o
                0x0800d16c                eMBFuncReadHoldingRegister
 .text.eMBFuncReadWriteMultipleHoldingRegister
                0x0800d24a      0x154 ./Drivers/modbus/functions/mbfuncholding.o
                0x0800d24a                eMBFuncReadWriteMultipleHoldingRegister
 .text.eMBFuncReadInputRegister
                0x0800d39e       0xe0 ./Drivers/modbus/functions/mbfuncinput.o
                0x0800d39e                eMBFuncReadInputRegister
 *fill*         0x0800d47e        0x2 
 .text.eMBFuncReportSlaveID
                0x0800d480       0x38 ./Drivers/modbus/functions/mbfuncother.o
                0x0800d480                eMBFuncReportSlaveID
 .text.prveMBError2Exception
                0x0800d4b8       0x44 ./Drivers/modbus/functions/mbutils.o
                0x0800d4b8                prveMBError2Exception
 .text.eMBInit  0x0800d4fc       0x58 ./Drivers/modbus/mb.o
                0x0800d4fc                eMBInit
 .text.eMBEnable
                0x0800d554       0x34 ./Drivers/modbus/mb.o
                0x0800d554                eMBEnable
 .text.eMBPoll  0x0800d588      0x180 ./Drivers/modbus/mb.o
                0x0800d588                eMBPoll
 .text.xMBPortEventInit
                0x0800d708       0x1c ./Drivers/modbus/port/portevent.o
                0x0800d708                xMBPortEventInit
 .text.xMBPortEventPost
                0x0800d724       0x2c ./Drivers/modbus/port/portevent.o
                0x0800d724                xMBPortEventPost
 .text.xMBPortEventGet
                0x0800d750       0x3c ./Drivers/modbus/port/portevent.o
                0x0800d750                xMBPortEventGet
 .text.vMBPortSerialEnable
                0x0800d78c       0x70 ./Drivers/modbus/port/portserial.o
                0x0800d78c                vMBPortSerialEnable
 .text.xMBPortSerialGetByte
                0x0800d7fc       0x48 ./Drivers/modbus/port/portserial.o
                0x0800d7fc                xMBPortSerialGetByte
 .text.vMBPortTimersEnable
                0x0800d844       0x1c ./Drivers/modbus/port/porttimer.o
                0x0800d844                vMBPortTimersEnable
 .text.vMBPortTimersDisable
                0x0800d860       0x1c ./Drivers/modbus/port/porttimer.o
                0x0800d860                vMBPortTimersDisable
 .text.usMBCRC16
                0x0800d87c       0x6c ./Drivers/modbus/rtu/mbcrc.o
                0x0800d87c                usMBCRC16
 .text.eMBRTUReceive
                0x0800d8e8       0x94 ./Drivers/modbus/rtu/mbrtu.o
                0x0800d8e8                eMBRTUReceive
 .text.eMBRTUSend
                0x0800d97c       0xf4 ./Drivers/modbus/rtu/mbrtu.o
                0x0800d97c                eMBRTUSend
 .text.xMBRTUReceiveFSM
                0x0800da70       0xd4 ./Drivers/modbus/rtu/mbrtu.o
                0x0800da70                xMBRTUReceiveFSM
 .text.xMBRTUTransmitFSM
                0x0800db44       0x4c ./Drivers/modbus/rtu/mbrtu.o
                0x0800db44                xMBRTUTransmitFSM
 .text.xMBRTUTimerT35Expired
                0x0800db90       0x88 ./Drivers/modbus/rtu/mbrtu.o
                0x0800db90                xMBRTUTimerT35Expired
 .text.arm_cfft_radix8by2_f32
                0x0800dc18      0x1a0 E:\stm32_repositary\STM32Cube_FW_G4_V1.5.0\Drivers\CMSIS\DSP\Lib\GCC\libarm_cortexM4lf_math.a(arm_cfft_f32.o)
                0x0800dc18                arm_cfft_radix8by2_f32
 .text.arm_cfft_radix8by4_f32
                0x0800ddb8      0x4ac E:\stm32_repositary\STM32Cube_FW_G4_V1.5.0\Drivers\CMSIS\DSP\Lib\GCC\libarm_cortexM4lf_math.a(arm_cfft_f32.o)
                0x0800ddb8                arm_cfft_radix8by4_f32
 .text.arm_cfft_f32
                0x0800e264       0xf0 E:\stm32_repositary\STM32Cube_FW_G4_V1.5.0\Drivers\CMSIS\DSP\Lib\GCC\libarm_cortexM4lf_math.a(arm_cfft_f32.o)
                0x0800e264                arm_cfft_f32
 .text.arm_bitreversal_32
                0x0800e354       0x40 E:\stm32_repositary\STM32Cube_FW_G4_V1.5.0\Drivers\CMSIS\DSP\Lib\GCC\libarm_cortexM4lf_math.a(arm_bitreversal2.o)
                0x0800e354                arm_bitreversal_32
 .text.arm_cmplx_mag_f32
                0x0800e394      0x248 E:\stm32_repositary\STM32Cube_FW_G4_V1.5.0\Drivers\CMSIS\DSP\Lib\GCC\libarm_cortexM4lf_math.a(arm_cmplx_mag_f32.o)
                0x0800e394                arm_cmplx_mag_f32
 .text.arm_cos_f32
                0x0800e5dc       0x94 E:\stm32_repositary\STM32Cube_FW_G4_V1.5.0\Drivers\CMSIS\DSP\Lib\GCC\libarm_cortexM4lf_math.a(arm_cos_f32.o)
                0x0800e5dc                arm_cos_f32
 .text.arm_radix8_butterfly_f32
                0x0800e670      0x580 E:\stm32_repositary\STM32Cube_FW_G4_V1.5.0\Drivers\CMSIS\DSP\Lib\GCC\libarm_cortexM4lf_math.a(arm_cfft_radix8_f32.o)
                0x0800e670                arm_radix8_butterfly_f32
 .text.__assert_func
                0x0800ebf0       0x3c c:/st/stm32cubeide_1.8.0/stm32cubeide/plugins/com.st.stm32cube.ide.mcu.externaltools.gnu-arm-embedded.10.3-2021.10.win32_1.0.0.202111181915/tools/bin/../lib/gcc/arm-none-eabi/10.3.1/../../../../arm-none-eabi/lib/thumb/v7e-m+fp/hard\libc_nano.a(lib_a-assert.o)
                0x0800ebf0                __assert_func
 .text.__errno  0x0800ec2c        0xc c:/st/stm32cubeide_1.8.0/stm32cubeide/plugins/com.st.stm32cube.ide.mcu.externaltools.gnu-arm-embedded.10.3-2021.10.win32_1.0.0.202111181915/tools/bin/../lib/gcc/arm-none-eabi/10.3.1/../../../../arm-none-eabi/lib/thumb/v7e-m+fp/hard\libc_nano.a(lib_a-errno.o)
                0x0800ec2c                __errno
 .text.fprintf  0x0800ec38       0x24 c:/st/stm32cubeide_1.8.0/stm32cubeide/plugins/com.st.stm32cube.ide.mcu.externaltools.gnu-arm-embedded.10.3-2021.10.win32_1.0.0.202111181915/tools/bin/../lib/gcc/arm-none-eabi/10.3.1/../../../../arm-none-eabi/lib/thumb/v7e-m+fp/hard\libc_nano.a(lib_a-fprintf.o)
                0x0800ec38                fiprintf
                0x0800ec38                fprintf
 .text.__libc_init_array
                0x0800ec5c       0x48 c:/st/stm32cubeide_1.8.0/stm32cubeide/plugins/com.st.stm32cube.ide.mcu.externaltools.gnu-arm-embedded.10.3-2021.10.win32_1.0.0.202111181915/tools/bin/../lib/gcc/arm-none-eabi/10.3.1/../../../../arm-none-eabi/lib/thumb/v7e-m+fp/hard\libc_nano.a(lib_a-init.o)
                0x0800ec5c                __libc_init_array
 .text.memcpy   0x0800eca4       0x1c c:/st/stm32cubeide_1.8.0/stm32cubeide/plugins/com.st.stm32cube.ide.mcu.externaltools.gnu-arm-embedded.10.3-2021.10.win32_1.0.0.202111181915/tools/bin/../lib/gcc/arm-none-eabi/10.3.1/../../../../arm-none-eabi/lib/thumb/v7e-m+fp/hard\libc_nano.a(lib_a-memcpy-stub.o)
                0x0800eca4                memcpy
 .text.memset   0x0800ecc0       0x10 c:/st/stm32cubeide_1.8.0/stm32cubeide/plugins/com.st.stm32cube.ide.mcu.externaltools.gnu-arm-embedded.10.3-2021.10.win32_1.0.0.202111181915/tools/bin/../lib/gcc/arm-none-eabi/10.3.1/../../../../arm-none-eabi/lib/thumb/v7e-m+fp/hard\libc_nano.a(lib_a-memset.o)
                0x0800ecc0                memset
 .text.__sfputc_r
                0x0800ecd0       0x2e c:/st/stm32cubeide_1.8.0/stm32cubeide/plugins/com.st.stm32cube.ide.mcu.externaltools.gnu-arm-embedded.10.3-2021.10.win32_1.0.0.202111181915/tools/bin/../lib/gcc/arm-none-eabi/10.3.1/../../../../arm-none-eabi/lib/thumb/v7e-m+fp/hard\libc_nano.a(lib_a-nano-vfprintf.o)
 .text.__sfputs_r
                0x0800ecfe       0x24 c:/st/stm32cubeide_1.8.0/stm32cubeide/plugins/com.st.stm32cube.ide.mcu.externaltools.gnu-arm-embedded.10.3-2021.10.win32_1.0.0.202111181915/tools/bin/../lib/gcc/arm-none-eabi/10.3.1/../../../../arm-none-eabi/lib/thumb/v7e-m+fp/hard\libc_nano.a(lib_a-nano-vfprintf.o)
                0x0800ecfe                __sfputs_r
 *fill*         0x0800ed22        0x2 
 .text._vfprintf_r
                0x0800ed24      0x260 c:/st/stm32cubeide_1.8.0/stm32cubeide/plugins/com.st.stm32cube.ide.mcu.externaltools.gnu-arm-embedded.10.3-2021.10.win32_1.0.0.202111181915/tools/bin/../lib/gcc/arm-none-eabi/10.3.1/../../../../arm-none-eabi/lib/thumb/v7e-m+fp/hard\libc_nano.a(lib_a-nano-vfprintf.o)
                0x0800ed24                _vfprintf_r
                0x0800ed24                _vfiprintf_r
 .text.__cvt    0x0800ef84       0xc4 c:/st/stm32cubeide_1.8.0/stm32cubeide/plugins/com.st.stm32cube.ide.mcu.externaltools.gnu-arm-embedded.10.3-2021.10.win32_1.0.0.202111181915/tools/bin/../lib/gcc/arm-none-eabi/10.3.1/../../../../arm-none-eabi/lib/thumb/v7e-m+fp/hard\libc_nano.a(lib_a-nano-vfprintf_float.o)
                0x0800ef84                __cvt
 .text.__exponent
                0x0800f048       0x7c c:/st/stm32cubeide_1.8.0/stm32cubeide/plugins/com.st.stm32cube.ide.mcu.externaltools.gnu-arm-embedded.10.3-2021.10.win32_1.0.0.202111181915/tools/bin/../lib/gcc/arm-none-eabi/10.3.1/../../../../arm-none-eabi/lib/thumb/v7e-m+fp/hard\libc_nano.a(lib_a-nano-vfprintf_float.o)
                0x0800f048                __exponent
 .text._printf_float
                0x0800f0c4      0x46c c:/st/stm32cubeide_1.8.0/stm32cubeide/plugins/com.st.stm32cube.ide.mcu.externaltools.gnu-arm-embedded.10.3-2021.10.win32_1.0.0.202111181915/tools/bin/../lib/gcc/arm-none-eabi/10.3.1/../../../../arm-none-eabi/lib/thumb/v7e-m+fp/hard\libc_nano.a(lib_a-nano-vfprintf_float.o)
                0x0800f0c4                _printf_float
 .text._printf_common
                0x0800f530       0xda c:/st/stm32cubeide_1.8.0/stm32cubeide/plugins/com.st.stm32cube.ide.mcu.externaltools.gnu-arm-embedded.10.3-2021.10.win32_1.0.0.202111181915/tools/bin/../lib/gcc/arm-none-eabi/10.3.1/../../../../arm-none-eabi/lib/thumb/v7e-m+fp/hard\libc_nano.a(lib_a-nano-vfprintf_i.o)
                0x0800f530                _printf_common
 *fill*         0x0800f60a        0x2 
 .text._printf_i
                0x0800f60c      0x24c c:/st/stm32cubeide_1.8.0/stm32cubeide/plugins/com.st.stm32cube.ide.mcu.externaltools.gnu-arm-embedded.10.3-2021.10.win32_1.0.0.202111181915/tools/bin/../lib/gcc/arm-none-eabi/10.3.1/../../../../arm-none-eabi/lib/thumb/v7e-m+fp/hard\libc_nano.a(lib_a-nano-vfprintf_i.o)
                0x0800f60c                _printf_i
 .text._scanf_float
                0x0800f858      0x420 c:/st/stm32cubeide_1.8.0/stm32cubeide/plugins/com.st.stm32cube.ide.mcu.externaltools.gnu-arm-embedded.10.3-2021.10.win32_1.0.0.202111181915/tools/bin/../lib/gcc/arm-none-eabi/10.3.1/../../../../arm-none-eabi/lib/thumb/v7e-m+fp/hard\libc_nano.a(lib_a-nano-vfscanf_float.o)
                0x0800f858                _scanf_float
 .text._puts_r  0x0800fc78       0xdc c:/st/stm32cubeide_1.8.0/stm32cubeide/plugins/com.st.stm32cube.ide.mcu.externaltools.gnu-arm-embedded.10.3-2021.10.win32_1.0.0.202111181915/tools/bin/../lib/gcc/arm-none-eabi/10.3.1/../../../../arm-none-eabi/lib/thumb/v7e-m+fp/hard\libc_nano.a(lib_a-puts.o)
                0x0800fc78                _puts_r
 .text.puts     0x0800fd54       0x10 c:/st/stm32cubeide_1.8.0/stm32cubeide/plugins/com.st.stm32cube.ide.mcu.externaltools.gnu-arm-embedded.10.3-2021.10.win32_1.0.0.202111181915/tools/bin/../lib/gcc/arm-none-eabi/10.3.1/../../../../arm-none-eabi/lib/thumb/v7e-m+fp/hard\libc_nano.a(lib_a-puts.o)
                0x0800fd54                puts
 .text.nanf     0x0800fd64        0xc c:/st/stm32cubeide_1.8.0/stm32cubeide/plugins/com.st.stm32cube.ide.mcu.externaltools.gnu-arm-embedded.10.3-2021.10.win32_1.0.0.202111181915/tools/bin/../lib/gcc/arm-none-eabi/10.3.1/../../../../arm-none-eabi/lib/thumb/v7e-m+fp/hard\libc_nano.a(lib_a-sf_nan.o)
                0x0800fd64                nanf
 .text.sprintf  0x0800fd70       0x40 c:/st/stm32cubeide_1.8.0/stm32cubeide/plugins/com.st.stm32cube.ide.mcu.externaltools.gnu-arm-embedded.10.3-2021.10.win32_1.0.0.202111181915/tools/bin/../lib/gcc/arm-none-eabi/10.3.1/../../../../arm-none-eabi/lib/thumb/v7e-m+fp/hard\libc_nano.a(lib_a-sprintf.o)
                0x0800fd70                siprintf
                0x0800fd70                sprintf
 .text.sulp     0x0800fdb0       0x38 c:/st/stm32cubeide_1.8.0/stm32cubeide/plugins/com.st.stm32cube.ide.mcu.externaltools.gnu-arm-embedded.10.3-2021.10.win32_1.0.0.202111181915/tools/bin/../lib/gcc/arm-none-eabi/10.3.1/../../../../arm-none-eabi/lib/thumb/v7e-m+fp/hard\libc_nano.a(lib_a-strtod.o)
 .text._strtod_l
                0x0800fde8      0xc0c c:/st/stm32cubeide_1.8.0/stm32cubeide/plugins/com.st.stm32cube.ide.mcu.externaltools.gnu-arm-embedded.10.3-2021.10.win32_1.0.0.202111181915/tools/bin/../lib/gcc/arm-none-eabi/10.3.1/../../../../arm-none-eabi/lib/thumb/v7e-m+fp/hard\libc_nano.a(lib_a-strtod.o)
                0x0800fde8                _strtod_l
 .text._strtod_r
                0x080109f4        0xc c:/st/stm32cubeide_1.8.0/stm32cubeide/plugins/com.st.stm32cube.ide.mcu.externaltools.gnu-arm-embedded.10.3-2021.10.win32_1.0.0.202111181915/tools/bin/../lib/gcc/arm-none-eabi/10.3.1/../../../../arm-none-eabi/lib/thumb/v7e-m+fp/hard\libc_nano.a(lib_a-strtod.o)
                0x080109f4                _strtod_r
 .text._strtol_l.constprop.0
                0x08010a00      0x104 c:/st/stm32cubeide_1.8.0/stm32cubeide/plugins/com.st.stm32cube.ide.mcu.externaltools.gnu-arm-embedded.10.3-2021.10.win32_1.0.0.202111181915/tools/bin/../lib/gcc/arm-none-eabi/10.3.1/../../../../arm-none-eabi/lib/thumb/v7e-m+fp/hard\libc_nano.a(lib_a-strtol.o)
 .text._strtol_r
                0x08010b04        0x4 c:/st/stm32cubeide_1.8.0/stm32cubeide/plugins/com.st.stm32cube.ide.mcu.externaltools.gnu-arm-embedded.10.3-2021.10.win32_1.0.0.202111181915/tools/bin/../lib/gcc/arm-none-eabi/10.3.1/../../../../arm-none-eabi/lib/thumb/v7e-m+fp/hard\libc_nano.a(lib_a-strtol.o)
                0x08010b04                _strtol_r
 .text.__swbuf_r
                0x08010b08       0xa4 c:/st/stm32cubeide_1.8.0/stm32cubeide/plugins/com.st.stm32cube.ide.mcu.externaltools.gnu-arm-embedded.10.3-2021.10.win32_1.0.0.202111181915/tools/bin/../lib/gcc/arm-none-eabi/10.3.1/../../../../arm-none-eabi/lib/thumb/v7e-m+fp/hard\libc_nano.a(lib_a-wbuf.o)
                0x08010b08                __swbuf_r
 .text.__swsetup_r
                0x08010bac       0xdc c:/st/stm32cubeide_1.8.0/stm32cubeide/plugins/com.st.stm32cube.ide.mcu.externaltools.gnu-arm-embedded.10.3-2021.10.win32_1.0.0.202111181915/tools/bin/../lib/gcc/arm-none-eabi/10.3.1/../../../../arm-none-eabi/lib/thumb/v7e-m+fp/hard\libc_nano.a(lib_a-wsetup.o)
                0x08010bac                __swsetup_r
 .text.abort    0x08010c88        0xe c:/st/stm32cubeide_1.8.0/stm32cubeide/plugins/com.st.stm32cube.ide.mcu.externaltools.gnu-arm-embedded.10.3-2021.10.win32_1.0.0.202111181915/tools/bin/../lib/gcc/arm-none-eabi/10.3.1/../../../../arm-none-eabi/lib/thumb/v7e-m+fp/hard\libc_nano.a(lib_a-abort.o)
                0x08010c88                abort
 .text.quorem   0x08010c96      0x116 c:/st/stm32cubeide_1.8.0/stm32cubeide/plugins/com.st.stm32cube.ide.mcu.externaltools.gnu-arm-embedded.10.3-2021.10.win32_1.0.0.202111181915/tools/bin/../lib/gcc/arm-none-eabi/10.3.1/../../../../arm-none-eabi/lib/thumb/v7e-m+fp/hard\libc_nano.a(lib_a-dtoa.o)
 *fill*         0x08010dac        0x4 
 .text._dtoa_r  0x08010db0      0xbdc c:/st/stm32cubeide_1.8.0/stm32cubeide/plugins/com.st.stm32cube.ide.mcu.externaltools.gnu-arm-embedded.10.3-2021.10.win32_1.0.0.202111181915/tools/bin/../lib/gcc/arm-none-eabi/10.3.1/../../../../arm-none-eabi/lib/thumb/v7e-m+fp/hard\libc_nano.a(lib_a-dtoa.o)
                0x08010db0                _dtoa_r
 .text.__sflush_r
                0x0801198c      0x10c c:/st/stm32cubeide_1.8.0/stm32cubeide/plugins/com.st.stm32cube.ide.mcu.externaltools.gnu-arm-embedded.10.3-2021.10.win32_1.0.0.202111181915/tools/bin/../lib/gcc/arm-none-eabi/10.3.1/../../../../arm-none-eabi/lib/thumb/v7e-m+fp/hard\libc_nano.a(lib_a-fflush.o)
                0x0801198c                __sflush_r
 .text._fflush_r
                0x08011a98       0x78 c:/st/stm32cubeide_1.8.0/stm32cubeide/plugins/com.st.stm32cube.ide.mcu.externaltools.gnu-arm-embedded.10.3-2021.10.win32_1.0.0.202111181915/tools/bin/../lib/gcc/arm-none-eabi/10.3.1/../../../../arm-none-eabi/lib/thumb/v7e-m+fp/hard\libc_nano.a(lib_a-fflush.o)
                0x08011a98                _fflush_r
 .text.std      0x08011b10       0x48 c:/st/stm32cubeide_1.8.0/stm32cubeide/plugins/com.st.stm32cube.ide.mcu.externaltools.gnu-arm-embedded.10.3-2021.10.win32_1.0.0.202111181915/tools/bin/../lib/gcc/arm-none-eabi/10.3.1/../../../../arm-none-eabi/lib/thumb/v7e-m+fp/hard\libc_nano.a(lib_a-findfp.o)
 .text._cleanup_r
                0x08011b58        0xc c:/st/stm32cubeide_1.8.0/stm32cubeide/plugins/com.st.stm32cube.ide.mcu.externaltools.gnu-arm-embedded.10.3-2021.10.win32_1.0.0.202111181915/tools/bin/../lib/gcc/arm-none-eabi/10.3.1/../../../../arm-none-eabi/lib/thumb/v7e-m+fp/hard\libc_nano.a(lib_a-findfp.o)
                0x08011b58                _cleanup_r
 .text.__sfmoreglue
                0x08011b64       0x2c c:/st/stm32cubeide_1.8.0/stm32cubeide/plugins/com.st.stm32cube.ide.mcu.externaltools.gnu-arm-embedded.10.3-2021.10.win32_1.0.0.202111181915/tools/bin/../lib/gcc/arm-none-eabi/10.3.1/../../../../arm-none-eabi/lib/thumb/v7e-m+fp/hard\libc_nano.a(lib_a-findfp.o)
                0x08011b64                __sfmoreglue
 .text.__sfp_lock_acquire
                0x08011b90        0xc c:/st/stm32cubeide_1.8.0/stm32cubeide/plugins/com.st.stm32cube.ide.mcu.externaltools.gnu-arm-embedded.10.3-2021.10.win32_1.0.0.202111181915/tools/bin/../lib/gcc/arm-none-eabi/10.3.1/../../../../arm-none-eabi/lib/thumb/v7e-m+fp/hard\libc_nano.a(lib_a-findfp.o)
                0x08011b90                __sfp_lock_acquire
 .text.__sfp_lock_release
                0x08011b9c        0xc c:/st/stm32cubeide_1.8.0/stm32cubeide/plugins/com.st.stm32cube.ide.mcu.externaltools.gnu-arm-embedded.10.3-2021.10.win32_1.0.0.202111181915/tools/bin/../lib/gcc/arm-none-eabi/10.3.1/../../../../arm-none-eabi/lib/thumb/v7e-m+fp/hard\libc_nano.a(lib_a-findfp.o)
                0x08011b9c                __sfp_lock_release
 .text.__sinit_lock_acquire
                0x08011ba8        0xc c:/st/stm32cubeide_1.8.0/stm32cubeide/plugins/com.st.stm32cube.ide.mcu.externaltools.gnu-arm-embedded.10.3-2021.10.win32_1.0.0.202111181915/tools/bin/../lib/gcc/arm-none-eabi/10.3.1/../../../../arm-none-eabi/lib/thumb/v7e-m+fp/hard\libc_nano.a(lib_a-findfp.o)
                0x08011ba8                __sinit_lock_acquire
 .text.__sinit_lock_release
                0x08011bb4        0xc c:/st/stm32cubeide_1.8.0/stm32cubeide/plugins/com.st.stm32cube.ide.mcu.externaltools.gnu-arm-embedded.10.3-2021.10.win32_1.0.0.202111181915/tools/bin/../lib/gcc/arm-none-eabi/10.3.1/../../../../arm-none-eabi/lib/thumb/v7e-m+fp/hard\libc_nano.a(lib_a-findfp.o)
                0x08011bb4                __sinit_lock_release
 .text.__sinit  0x08011bc0       0x70 c:/st/stm32cubeide_1.8.0/stm32cubeide/plugins/com.st.stm32cube.ide.mcu.externaltools.gnu-arm-embedded.10.3-2021.10.win32_1.0.0.202111181915/tools/bin/../lib/gcc/arm-none-eabi/10.3.1/../../../../arm-none-eabi/lib/thumb/v7e-m+fp/hard\libc_nano.a(lib_a-findfp.o)
                0x08011bc0                __sinit
 .text.__sfp    0x08011c30       0x8c c:/st/stm32cubeide_1.8.0/stm32cubeide/plugins/com.st.stm32cube.ide.mcu.externaltools.gnu-arm-embedded.10.3-2021.10.win32_1.0.0.202111181915/tools/bin/../lib/gcc/arm-none-eabi/10.3.1/../../../../arm-none-eabi/lib/thumb/v7e-m+fp/hard\libc_nano.a(lib_a-findfp.o)
                0x08011c30                __sfp
 .text._fwalk_reent
                0x08011cbc       0x3e c:/st/stm32cubeide_1.8.0/stm32cubeide/plugins/com.st.stm32cube.ide.mcu.externaltools.gnu-arm-embedded.10.3-2021.10.win32_1.0.0.202111181915/tools/bin/../lib/gcc/arm-none-eabi/10.3.1/../../../../arm-none-eabi/lib/thumb/v7e-m+fp/hard\libc_nano.a(lib_a-fwalk.o)
                0x08011cbc                _fwalk_reent
 .text.rshift   0x08011cfa       0xa4 c:/st/stm32cubeide_1.8.0/stm32cubeide/plugins/com.st.stm32cube.ide.mcu.externaltools.gnu-arm-embedded.10.3-2021.10.win32_1.0.0.202111181915/tools/bin/../lib/gcc/arm-none-eabi/10.3.1/../../../../arm-none-eabi/lib/thumb/v7e-m+fp/hard\libc_nano.a(lib_a-gdtoa-gethex.o)
 .text.__hexdig_fun
                0x08011d9e       0x2a c:/st/stm32cubeide_1.8.0/stm32cubeide/plugins/com.st.stm32cube.ide.mcu.externaltools.gnu-arm-embedded.10.3-2021.10.win32_1.0.0.202111181915/tools/bin/../lib/gcc/arm-none-eabi/10.3.1/../../../../arm-none-eabi/lib/thumb/v7e-m+fp/hard\libc_nano.a(lib_a-gdtoa-gethex.o)
                0x08011d9e                __hexdig_fun
 .text.__gethex
                0x08011dc8      0x48c c:/st/stm32cubeide_1.8.0/stm32cubeide/plugins/com.st.stm32cube.ide.mcu.externaltools.gnu-arm-embedded.10.3-2021.10.win32_1.0.0.202111181915/tools/bin/../lib/gcc/arm-none-eabi/10.3.1/../../../../arm-none-eabi/lib/thumb/v7e-m+fp/hard\libc_nano.a(lib_a-gdtoa-gethex.o)
                0x08011dc8                __gethex
 .text.L_shift  0x08012254       0x24 c:/st/stm32cubeide_1.8.0/stm32cubeide/plugins/com.st.stm32cube.ide.mcu.externaltools.gnu-arm-embedded.10.3-2021.10.win32_1.0.0.202111181915/tools/bin/../lib/gcc/arm-none-eabi/10.3.1/../../../../arm-none-eabi/lib/thumb/v7e-m+fp/hard\libc_nano.a(lib_a-gdtoa-hexnan.o)
 .text.__match  0x08012278       0x28 c:/st/stm32cubeide_1.8.0/stm32cubeide/plugins/com.st.stm32cube.ide.mcu.externaltools.gnu-arm-embedded.10.3-2021.10.win32_1.0.0.202111181915/tools/bin/../lib/gcc/arm-none-eabi/10.3.1/../../../../arm-none-eabi/lib/thumb/v7e-m+fp/hard\libc_nano.a(lib_a-gdtoa-hexnan.o)
                0x08012278                __match
 .text.__hexnan
                0x080122a0      0x138 c:/st/stm32cubeide_1.8.0/stm32cubeide/plugins/com.st.stm32cube.ide.mcu.externaltools.gnu-arm-embedded.10.3-2021.10.win32_1.0.0.202111181915/tools/bin/../lib/gcc/arm-none-eabi/10.3.1/../../../../arm-none-eabi/lib/thumb/v7e-m+fp/hard\libc_nano.a(lib_a-gdtoa-hexnan.o)
                0x080122a0                __hexnan
 .text._localeconv_r
                0x080123d8        0x8 c:/st/stm32cubeide_1.8.0/stm32cubeide/plugins/com.st.stm32cube.ide.mcu.externaltools.gnu-arm-embedded.10.3-2021.10.win32_1.0.0.202111181915/tools/bin/../lib/gcc/arm-none-eabi/10.3.1/../../../../arm-none-eabi/lib/thumb/v7e-m+fp/hard\libc_nano.a(lib_a-localeconv.o)
                0x080123d8                _localeconv_r
 .text.__retarget_lock_init_recursive
                0x080123e0        0x2 c:/st/stm32cubeide_1.8.0/stm32cubeide/plugins/com.st.stm32cube.ide.mcu.externaltools.gnu-arm-embedded.10.3-2021.10.win32_1.0.0.202111181915/tools/bin/../lib/gcc/arm-none-eabi/10.3.1/../../../../arm-none-eabi/lib/thumb/v7e-m+fp/hard\libc_nano.a(lib_a-lock.o)
                0x080123e0                __retarget_lock_init_recursive
 .text.__retarget_lock_acquire_recursive
                0x080123e2        0x2 c:/st/stm32cubeide_1.8.0/stm32cubeide/plugins/com.st.stm32cube.ide.mcu.externaltools.gnu-arm-embedded.10.3-2021.10.win32_1.0.0.202111181915/tools/bin/../lib/gcc/arm-none-eabi/10.3.1/../../../../arm-none-eabi/lib/thumb/v7e-m+fp/hard\libc_nano.a(lib_a-lock.o)
                0x080123e2                __retarget_lock_acquire_recursive
 .text.__retarget_lock_release_recursive
                0x080123e4        0x2 c:/st/stm32cubeide_1.8.0/stm32cubeide/plugins/com.st.stm32cube.ide.mcu.externaltools.gnu-arm-embedded.10.3-2021.10.win32_1.0.0.202111181915/tools/bin/../lib/gcc/arm-none-eabi/10.3.1/../../../../arm-none-eabi/lib/thumb/v7e-m+fp/hard\libc_nano.a(lib_a-lock.o)
                0x080123e4                __retarget_lock_release_recursive
 .text.__swhatbuf_r
                0x080123e6       0x4a c:/st/stm32cubeide_1.8.0/stm32cubeide/plugins/com.st.stm32cube.ide.mcu.externaltools.gnu-arm-embedded.10.3-2021.10.win32_1.0.0.202111181915/tools/bin/../lib/gcc/arm-none-eabi/10.3.1/../../../../arm-none-eabi/lib/thumb/v7e-m+fp/hard\libc_nano.a(lib_a-makebuf.o)
                0x080123e6                __swhatbuf_r
 .text.__smakebuf_r
                0x08012430       0x80 c:/st/stm32cubeide_1.8.0/stm32cubeide/plugins/com.st.stm32cube.ide.mcu.externaltools.gnu-arm-embedded.10.3-2021.10.win32_1.0.0.202111181915/tools/bin/../lib/gcc/arm-none-eabi/10.3.1/../../../../arm-none-eabi/lib/thumb/v7e-m+fp/hard\libc_nano.a(lib_a-makebuf.o)
                0x08012430                __smakebuf_r
 .text.malloc   0x080124b0       0x10 c:/st/stm32cubeide_1.8.0/stm32cubeide/plugins/com.st.stm32cube.ide.mcu.externaltools.gnu-arm-embedded.10.3-2021.10.win32_1.0.0.202111181915/tools/bin/../lib/gcc/arm-none-eabi/10.3.1/../../../../arm-none-eabi/lib/thumb/v7e-m+fp/hard\libc_nano.a(lib_a-malloc.o)
                0x080124b0                malloc
 .text.__ascii_mbtowc
                0x080124c0       0x24 c:/st/stm32cubeide_1.8.0/stm32cubeide/plugins/com.st.stm32cube.ide.mcu.externaltools.gnu-arm-embedded.10.3-2021.10.win32_1.0.0.202111181915/tools/bin/../lib/gcc/arm-none-eabi/10.3.1/../../../../arm-none-eabi/lib/thumb/v7e-m+fp/hard\libc_nano.a(lib_a-mbtowc_r.o)
                0x080124c0                __ascii_mbtowc
 .text.memmove  0x080124e4       0x34 c:/st/stm32cubeide_1.8.0/stm32cubeide/plugins/com.st.stm32cube.ide.mcu.externaltools.gnu-arm-embedded.10.3-2021.10.win32_1.0.0.202111181915/tools/bin/../lib/gcc/arm-none-eabi/10.3.1/../../../../arm-none-eabi/lib/thumb/v7e-m+fp/hard\libc_nano.a(lib_a-memmove.o)
                0x080124e4                memmove
 .text._Balloc  0x08012518       0x80 c:/st/stm32cubeide_1.8.0/stm32cubeide/plugins/com.st.stm32cube.ide.mcu.externaltools.gnu-arm-embedded.10.3-2021.10.win32_1.0.0.202111181915/tools/bin/../lib/gcc/arm-none-eabi/10.3.1/../../../../arm-none-eabi/lib/thumb/v7e-m+fp/hard\libc_nano.a(lib_a-mprec.o)
                0x08012518                _Balloc
 .text._Bfree   0x08012598       0x44 c:/st/stm32cubeide_1.8.0/stm32cubeide/plugins/com.st.stm32cube.ide.mcu.externaltools.gnu-arm-embedded.10.3-2021.10.win32_1.0.0.202111181915/tools/bin/../lib/gcc/arm-none-eabi/10.3.1/../../../../arm-none-eabi/lib/thumb/v7e-m+fp/hard\libc_nano.a(lib_a-mprec.o)
                0x08012598                _Bfree
 .text.__multadd
                0x080125dc       0x8c c:/st/stm32cubeide_1.8.0/stm32cubeide/plugins/com.st.stm32cube.ide.mcu.externaltools.gnu-arm-embedded.10.3-2021.10.win32_1.0.0.202111181915/tools/bin/../lib/gcc/arm-none-eabi/10.3.1/../../../../arm-none-eabi/lib/thumb/v7e-m+fp/hard\libc_nano.a(lib_a-mprec.o)
                0x080125dc                __multadd
 .text.__s2b    0x08012668       0x94 c:/st/stm32cubeide_1.8.0/stm32cubeide/plugins/com.st.stm32cube.ide.mcu.externaltools.gnu-arm-embedded.10.3-2021.10.win32_1.0.0.202111181915/tools/bin/../lib/gcc/arm-none-eabi/10.3.1/../../../../arm-none-eabi/lib/thumb/v7e-m+fp/hard\libc_nano.a(lib_a-mprec.o)
                0x08012668                __s2b
 .text.__hi0bits
                0x080126fc       0x40 c:/st/stm32cubeide_1.8.0/stm32cubeide/plugins/com.st.stm32cube.ide.mcu.externaltools.gnu-arm-embedded.10.3-2021.10.win32_1.0.0.202111181915/tools/bin/../lib/gcc/arm-none-eabi/10.3.1/../../../../arm-none-eabi/lib/thumb/v7e-m+fp/hard\libc_nano.a(lib_a-mprec.o)
                0x080126fc                __hi0bits
 .text.__lo0bits
                0x0801273c       0x5e c:/st/stm32cubeide_1.8.0/stm32cubeide/plugins/com.st.stm32cube.ide.mcu.externaltools.gnu-arm-embedded.10.3-2021.10.win32_1.0.0.202111181915/tools/bin/../lib/gcc/arm-none-eabi/10.3.1/../../../../arm-none-eabi/lib/thumb/v7e-m+fp/hard\libc_nano.a(lib_a-mprec.o)
                0x0801273c                __lo0bits
 *fill*         0x0801279a        0x2 
 .text.__i2b    0x0801279c       0x2c c:/st/stm32cubeide_1.8.0/stm32cubeide/plugins/com.st.stm32cube.ide.mcu.externaltools.gnu-arm-embedded.10.3-2021.10.win32_1.0.0.202111181915/tools/bin/../lib/gcc/arm-none-eabi/10.3.1/../../../../arm-none-eabi/lib/thumb/v7e-m+fp/hard\libc_nano.a(lib_a-mprec.o)
                0x0801279c                __i2b
 .text.__multiply
                0x080127c8      0x154 c:/st/stm32cubeide_1.8.0/stm32cubeide/plugins/com.st.stm32cube.ide.mcu.externaltools.gnu-arm-embedded.10.3-2021.10.win32_1.0.0.202111181915/tools/bin/../lib/gcc/arm-none-eabi/10.3.1/../../../../arm-none-eabi/lib/thumb/v7e-m+fp/hard\libc_nano.a(lib_a-mprec.o)
                0x080127c8                __multiply
 .text.__pow5mult
                0x0801291c       0xb4 c:/st/stm32cubeide_1.8.0/stm32cubeide/plugins/com.st.stm32cube.ide.mcu.externaltools.gnu-arm-embedded.10.3-2021.10.win32_1.0.0.202111181915/tools/bin/../lib/gcc/arm-none-eabi/10.3.1/../../../../arm-none-eabi/lib/thumb/v7e-m+fp/hard\libc_nano.a(lib_a-mprec.o)
                0x0801291c                __pow5mult
 .text.__lshift
                0x080129d0       0xe0 c:/st/stm32cubeide_1.8.0/stm32cubeide/plugins/com.st.stm32cube.ide.mcu.externaltools.gnu-arm-embedded.10.3-2021.10.win32_1.0.0.202111181915/tools/bin/../lib/gcc/arm-none-eabi/10.3.1/../../../../arm-none-eabi/lib/thumb/v7e-m+fp/hard\libc_nano.a(lib_a-mprec.o)
                0x080129d0                __lshift
 .text.__mcmp   0x08012ab0       0x38 c:/st/stm32cubeide_1.8.0/stm32cubeide/plugins/com.st.stm32cube.ide.mcu.externaltools.gnu-arm-embedded.10.3-2021.10.win32_1.0.0.202111181915/tools/bin/../lib/gcc/arm-none-eabi/10.3.1/../../../../arm-none-eabi/lib/thumb/v7e-m+fp/hard\libc_nano.a(lib_a-mprec.o)
                0x08012ab0                __mcmp
 .text.__mdiff  0x08012ae8      0x114 c:/st/stm32cubeide_1.8.0/stm32cubeide/plugins/com.st.stm32cube.ide.mcu.externaltools.gnu-arm-embedded.10.3-2021.10.win32_1.0.0.202111181915/tools/bin/../lib/gcc/arm-none-eabi/10.3.1/../../../../arm-none-eabi/lib/thumb/v7e-m+fp/hard\libc_nano.a(lib_a-mprec.o)
                0x08012ae8                __mdiff
 .text.__ulp    0x08012bfc       0x58 c:/st/stm32cubeide_1.8.0/stm32cubeide/plugins/com.st.stm32cube.ide.mcu.externaltools.gnu-arm-embedded.10.3-2021.10.win32_1.0.0.202111181915/tools/bin/../lib/gcc/arm-none-eabi/10.3.1/../../../../arm-none-eabi/lib/thumb/v7e-m+fp/hard\libc_nano.a(lib_a-mprec.o)
                0x08012bfc                __ulp
 .text.__b2d    0x08012c54       0xa0 c:/st/stm32cubeide_1.8.0/stm32cubeide/plugins/com.st.stm32cube.ide.mcu.externaltools.gnu-arm-embedded.10.3-2021.10.win32_1.0.0.202111181915/tools/bin/../lib/gcc/arm-none-eabi/10.3.1/../../../../arm-none-eabi/lib/thumb/v7e-m+fp/hard\libc_nano.a(lib_a-mprec.o)
                0x08012c54                __b2d
 .text.__d2b    0x08012cf4       0xb8 c:/st/stm32cubeide_1.8.0/stm32cubeide/plugins/com.st.stm32cube.ide.mcu.externaltools.gnu-arm-embedded.10.3-2021.10.win32_1.0.0.202111181915/tools/bin/../lib/gcc/arm-none-eabi/10.3.1/../../../../arm-none-eabi/lib/thumb/v7e-m+fp/hard\libc_nano.a(lib_a-mprec.o)
                0x08012cf4                __d2b
 .text.__ratio  0x08012dac       0x66 c:/st/stm32cubeide_1.8.0/stm32cubeide/plugins/com.st.stm32cube.ide.mcu.externaltools.gnu-arm-embedded.10.3-2021.10.win32_1.0.0.202111181915/tools/bin/../lib/gcc/arm-none-eabi/10.3.1/../../../../arm-none-eabi/lib/thumb/v7e-m+fp/hard\libc_nano.a(lib_a-mprec.o)
                0x08012dac                __ratio
 .text.__copybits
                0x08012e12       0x46 c:/st/stm32cubeide_1.8.0/stm32cubeide/plugins/com.st.stm32cube.ide.mcu.externaltools.gnu-arm-embedded.10.3-2021.10.win32_1.0.0.202111181915/tools/bin/../lib/gcc/arm-none-eabi/10.3.1/../../../../arm-none-eabi/lib/thumb/v7e-m+fp/hard\libc_nano.a(lib_a-mprec.o)
                0x08012e12                __copybits
 .text.__any_on
                0x08012e58       0x42 c:/st/stm32cubeide_1.8.0/stm32cubeide/plugins/com.st.stm32cube.ide.mcu.externaltools.gnu-arm-embedded.10.3-2021.10.win32_1.0.0.202111181915/tools/bin/../lib/gcc/arm-none-eabi/10.3.1/../../../../arm-none-eabi/lib/thumb/v7e-m+fp/hard\libc_nano.a(lib_a-mprec.o)
                0x08012e58                __any_on
 .text._calloc_r
                0x08012e9a       0x2c c:/st/stm32cubeide_1.8.0/stm32cubeide/plugins/com.st.stm32cube.ide.mcu.externaltools.gnu-arm-embedded.10.3-2021.10.win32_1.0.0.202111181915/tools/bin/../lib/gcc/arm-none-eabi/10.3.1/../../../../arm-none-eabi/lib/thumb/v7e-m+fp/hard\libc_nano.a(lib_a-nano-callocr.o)
                0x08012e9a                _calloc_r
 *fill*         0x08012ec6        0x2 
 .text._free_r  0x08012ec8       0x98 c:/st/stm32cubeide_1.8.0/stm32cubeide/plugins/com.st.stm32cube.ide.mcu.externaltools.gnu-arm-embedded.10.3-2021.10.win32_1.0.0.202111181915/tools/bin/../lib/gcc/arm-none-eabi/10.3.1/../../../../arm-none-eabi/lib/thumb/v7e-m+fp/hard\libc_nano.a(lib_a-nano-freer.o)
                0x08012ec8                _free_r
 .text.sbrk_aligned
                0x08012f60       0x40 c:/st/stm32cubeide_1.8.0/stm32cubeide/plugins/com.st.stm32cube.ide.mcu.externaltools.gnu-arm-embedded.10.3-2021.10.win32_1.0.0.202111181915/tools/bin/../lib/gcc/arm-none-eabi/10.3.1/../../../../arm-none-eabi/lib/thumb/v7e-m+fp/hard\libc_nano.a(lib_a-nano-mallocr.o)
 .text._malloc_r
                0x08012fa0       0xe8 c:/st/stm32cubeide_1.8.0/stm32cubeide/plugins/com.st.stm32cube.ide.mcu.externaltools.gnu-arm-embedded.10.3-2021.10.win32_1.0.0.202111181915/tools/bin/../lib/gcc/arm-none-eabi/10.3.1/../../../../arm-none-eabi/lib/thumb/v7e-m+fp/hard\libc_nano.a(lib_a-nano-mallocr.o)
                0x08012fa0                _malloc_r
 .text._realloc_r
                0x08013088       0x5e c:/st/stm32cubeide_1.8.0/stm32cubeide/plugins/com.st.stm32cube.ide.mcu.externaltools.gnu-arm-embedded.10.3-2021.10.win32_1.0.0.202111181915/tools/bin/../lib/gcc/arm-none-eabi/10.3.1/../../../../arm-none-eabi/lib/thumb/v7e-m+fp/hard\libc_nano.a(lib_a-nano-reallocr.o)
                0x08013088                _realloc_r
 .text.__ssputs_r
                0x080130e6       0xb6 c:/st/stm32cubeide_1.8.0/stm32cubeide/plugins/com.st.stm32cube.ide.mcu.externaltools.gnu-arm-embedded.10.3-2021.10.win32_1.0.0.202111181915/tools/bin/../lib/gcc/arm-none-eabi/10.3.1/../../../../arm-none-eabi/lib/thumb/v7e-m+fp/hard\libc_nano.a(lib_a-nano-svfprintf.o)
                0x080130e6                __ssputs_r
 .text._svfprintf_r
                0x0801319c      0x200 c:/st/stm32cubeide_1.8.0/stm32cubeide/plugins/com.st.stm32cube.ide.mcu.externaltools.gnu-arm-embedded.10.3-2021.10.win32_1.0.0.202111181915/tools/bin/../lib/gcc/arm-none-eabi/10.3.1/../../../../arm-none-eabi/lib/thumb/v7e-m+fp/hard\libc_nano.a(lib_a-nano-svfprintf.o)
                0x0801319c                _svfiprintf_r
                0x0801319c                _svfprintf_r
 *fill*         0x0801339c        0x4 
 .text.nan      0x080133a0       0x10 c:/st/stm32cubeide_1.8.0/stm32cubeide/plugins/com.st.stm32cube.ide.mcu.externaltools.gnu-arm-embedded.10.3-2021.10.win32_1.0.0.202111181915/tools/bin/../lib/gcc/arm-none-eabi/10.3.1/../../../../arm-none-eabi/lib/thumb/v7e-m+fp/hard\libc_nano.a(lib_a-s_nan.o)
                0x080133a0                nan
 .text._sbrk_r  0x080133b0       0x20 c:/st/stm32cubeide_1.8.0/stm32cubeide/plugins/com.st.stm32cube.ide.mcu.externaltools.gnu-arm-embedded.10.3-2021.10.win32_1.0.0.202111181915/tools/bin/../lib/gcc/arm-none-eabi/10.3.1/../../../../arm-none-eabi/lib/thumb/v7e-m+fp/hard\libc_nano.a(lib_a-sbrkr.o)
                0x080133b0                _sbrk_r
 .text._raise_r
                0x080133d0       0x50 c:/st/stm32cubeide_1.8.0/stm32cubeide/plugins/com.st.stm32cube.ide.mcu.externaltools.gnu-arm-embedded.10.3-2021.10.win32_1.0.0.202111181915/tools/bin/../lib/gcc/arm-none-eabi/10.3.1/../../../../arm-none-eabi/lib/thumb/v7e-m+fp/hard\libc_nano.a(lib_a-signal.o)
                0x080133d0                _raise_r
 .text.raise    0x08013420       0x10 c:/st/stm32cubeide_1.8.0/stm32cubeide/plugins/com.st.stm32cube.ide.mcu.externaltools.gnu-arm-embedded.10.3-2021.10.win32_1.0.0.202111181915/tools/bin/../lib/gcc/arm-none-eabi/10.3.1/../../../../arm-none-eabi/lib/thumb/v7e-m+fp/hard\libc_nano.a(lib_a-signal.o)
                0x08013420                raise
 .text._kill_r  0x08013430       0x24 c:/st/stm32cubeide_1.8.0/stm32cubeide/plugins/com.st.stm32cube.ide.mcu.externaltools.gnu-arm-embedded.10.3-2021.10.win32_1.0.0.202111181915/tools/bin/../lib/gcc/arm-none-eabi/10.3.1/../../../../arm-none-eabi/lib/thumb/v7e-m+fp/hard\libc_nano.a(lib_a-signalr.o)
                0x08013430                _kill_r
 .text._getpid_r
                0x08013454        0x4 c:/st/stm32cubeide_1.8.0/stm32cubeide/plugins/com.st.stm32cube.ide.mcu.externaltools.gnu-arm-embedded.10.3-2021.10.win32_1.0.0.202111181915/tools/bin/../lib/gcc/arm-none-eabi/10.3.1/../../../../arm-none-eabi/lib/thumb/v7e-m+fp/hard\libc_nano.a(lib_a-signalr.o)
                0x08013454                _getpid_r
 .text.__sread  0x08013458       0x22 c:/st/stm32cubeide_1.8.0/stm32cubeide/plugins/com.st.stm32cube.ide.mcu.externaltools.gnu-arm-embedded.10.3-2021.10.win32_1.0.0.202111181915/tools/bin/../lib/gcc/arm-none-eabi/10.3.1/../../../../arm-none-eabi/lib/thumb/v7e-m+fp/hard\libc_nano.a(lib_a-stdio.o)
                0x08013458                __sread
 .text.__swrite
                0x0801347a       0x38 c:/st/stm32cubeide_1.8.0/stm32cubeide/plugins/com.st.stm32cube.ide.mcu.externaltools.gnu-arm-embedded.10.3-2021.10.win32_1.0.0.202111181915/tools/bin/../lib/gcc/arm-none-eabi/10.3.1/../../../../arm-none-eabi/lib/thumb/v7e-m+fp/hard\libc_nano.a(lib_a-stdio.o)
                0x0801347a                __swrite
 .text.__sseek  0x080134b2       0x24 c:/st/stm32cubeide_1.8.0/stm32cubeide/plugins/com.st.stm32cube.ide.mcu.externaltools.gnu-arm-embedded.10.3-2021.10.win32_1.0.0.202111181915/tools/bin/../lib/gcc/arm-none-eabi/10.3.1/../../../../arm-none-eabi/lib/thumb/v7e-m+fp/hard\libc_nano.a(lib_a-stdio.o)
                0x080134b2                __sseek
 .text.__sclose