Archive member included to satisfy reference by file (symbol)

E:\stm32_repositary\STM32Cube_FW_G4_V1.5.0\Drivers\CMSIS\DSP\Lib\GCC\libarm_cortexM4lf_math.a(arm_const_structs.o)
                              ./Core/Src/main.o (arm_cfft_sR_f32_len4096)
E:\stm32_repositary\STM32Cube_FW_G4_V1.5.0\Drivers\CMSIS\DSP\Lib\GCC\libarm_cortexM4lf_math.a(arm_common_tables.o)
                              E:\stm32_repositary\STM32Cube_FW_G4_V1.5.0\Drivers\CMSIS\DSP\Lib\GCC\libarm_cortexM4lf_math.a(arm_const_structs.o) (realCoefBQ15)
E:\stm32_repositary\STM32Cube_FW_G4_V1.5.0\Drivers\CMSIS\DSP\Lib\GCC\libarm_cortexM4lf_math.a(arm_cfft_f32.o)
                              ./Core/Src/main.o (arm_cfft_f32)
E:\stm32_repositary\STM32Cube_FW_G4_V1.5.0\Drivers\CMSIS\DSP\Lib\GCC\libarm_cortexM4lf_math.a(arm_bitreversal2.o)
                              E:\stm32_repositary\STM32Cube_FW_G4_V1.5.0\Drivers\CMSIS\DSP\Lib\GCC\libarm_cortexM4lf_math.a(arm_cfft_f32.o) (arm_bitreversal_32)
E:\stm32_repositary\STM32Cube_FW_G4_V1.5.0\Drivers\CMSIS\DSP\Lib\GCC\libarm_cortexM4lf_math.a(arm_cmplx_mag_f32.o)
                              ./Core/Src/main.o (arm_cmplx_mag_f32)
E:\stm32_repositary\STM32Cube_FW_G4_V1.5.0\Drivers\CMSIS\DSP\Lib\GCC\libarm_cortexM4lf_math.a(arm_cos_f32.o)
                              ./Core/Src/main.o (arm_cos_f32)
E:\stm32_repositary\STM32Cube_FW_G4_V1.5.0\Drivers\CMSIS\DSP\Lib\GCC\libarm_cortexM4lf_math.a(arm_cfft_radix8_f32.o)
                              E:\stm32_repositary\STM32Cube_FW_G4_V1.5.0\Drivers\CMSIS\DSP\Lib\GCC\libarm_cortexM4lf_math.a(arm_cfft_f32.o) (arm_radix8_butterfly_f32)
c:/st/stm32cubeide_1.8.0/stm32cubeide/plugins/com.st.stm32cube.ide.mcu.externaltools.gnu-arm-embedded.10.3-2021.10.win32_1.0.0.202111181915/tools/bin/../lib/gcc/arm-none-eabi/10.3.1/../../../../arm-none-eabi/lib/thumb/v7e-m+fp/hard\libc_nano.a(lib_a-assert.o)
                              ./Drivers/modbus/functions/mbutils.o (__assert_func)
c:/st/stm32cubeide_1.8.0/stm32cubeide/plugins/com.st.stm32cube.ide.mcu.externaltools.gnu-arm-embedded.10.3-2021.10.win32_1.0.0.202111181915/tools/bin/../lib/gcc/arm-none-eabi/10.3.1/../../../../arm-none-eabi/lib/thumb/v7e-m+fp/hard\libc_nano.a(lib_a-errno.o)
                              ./Core/Src/syscalls.o (__errno)
c:/st/stm32cubeide_1.8.0/stm32cubeide/plugins/com.st.stm32cube.ide.mcu.externaltools.gnu-arm-embedded.10.3-2021.10.win32_1.0.0.202111181915/tools/bin/../lib/gcc/arm-none-eabi/10.3.1/../../../../arm-none-eabi/lib/thumb/v7e-m+fp/hard\libc_nano.a(lib_a-exit.o)
                              c:/st/stm32cubeide_1.8.0/stm32cubeide/plugins/com.st.stm32cube.ide.mcu.externaltools.gnu-arm-embedded.10.3-2021.10.win32_1.0.0.202111181915/tools/bin/../lib/gcc/arm-none-eabi/10.3.1/../../../../arm-none-eabi/lib/thumb/v7e-m+fp/hard/crt0.o (exit)
c:/st/stm32cubeide_1.8.0/stm32cubeide/plugins/com.st.stm32cube.ide.mcu.externaltools.gnu-arm-embedded.10.3-2021.10.win32_1.0.0.202111181915/tools/bin/../lib/gcc/arm-none-eabi/10.3.1/../../../../arm-none-eabi/lib/thumb/v7e-m+fp/hard\libc_nano.a(lib_a-fprintf.o)
                              c:/st/stm32cubeide_1.8.0/stm32cubeide/plugins/com.st.stm32cube.ide.mcu.externaltools.gnu-arm-embedded.10.3-2021.10.win32_1.0.0.202111181915/tools/bin/../lib/gcc/arm-none-eabi/10.3.1/../../../../arm-none-eabi/lib/thumb/v7e-m+fp/hard\libc_nano.a(lib_a-assert.o) (fiprintf)
c:/st/stm32cubeide_1.8.0/stm32cubeide/plugins/com.st.stm32cube.ide.mcu.externaltools.gnu-arm-embedded.10.3-2021.10.win32_1.0.0.202111181915/tools/bin/../lib/gcc/arm-none-eabi/10.3.1/../../../../arm-none-eabi/lib/thumb/v7e-m+fp/hard\libc_nano.a(lib_a-impure.o)
                              c:/st/stm32cubeide_1.8.0/stm32cubeide/plugins/com.st.stm32cube.ide.mcu.externaltools.gnu-arm-embedded.10.3-2021.10.win32_1.0.0.202111181915/tools/bin/../lib/gcc/arm-none-eabi/10.3.1/../../../../arm-none-eabi/lib/thumb/v7e-m+fp/hard\libc_nano.a(lib_a-exit.o) (_global_impure_ptr)
c:/st/stm32cubeide_1.8.0/stm32cubeide/plugins/com.st.stm32cube.ide.mcu.externaltools.gnu-arm-embedded.10.3-2021.10.win32_1.0.0.202111181915/tools/bin/../lib/gcc/arm-none-eabi/10.3.1/../../../../arm-none-eabi/lib/thumb/v7e-m+fp/hard\libc_nano.a(lib_a-init.o)
                              c:/st/stm32cubeide_1.8.0/stm32cubeide/plugins/com.st.stm32cube.ide.mcu.externaltools.gnu-arm-embedded.10.3-2021.10.win32_1.0.0.202111181915/tools/bin/../lib/gcc/arm-none-eabi/10.3.1/../../../../arm-none-eabi/lib/thumb/v7e-m+fp/hard/crt0.o (__libc_init_array)
c:/st/stm32cubeide_1.8.0/stm32cubeide/plugins/com.st.stm32cube.ide.mcu.externaltools.gnu-arm-embedded.10.3-2021.10.win32_1.0.0.202111181915/tools/bin/../lib/gcc/arm-none-eabi/10.3.1/../../../../arm-none-eabi/lib/thumb/v7e-m+fp/hard\libc_nano.a(lib_a-memcpy-stub.o)
                              ./Drivers/modbus/functions/mbfuncother.o (memcpy)
[...]
Memory Configuration

Name             Origin             Length             Attributes
RAM              0x20000000         0x00020000         xrw
FLASH            0x08000000         0x00080000         xr
*default*        0x00000000         0xffffffff

Linker script and memory map

LOAD c:/st/stm32cubeide_1.8.0/stm32cubeide/plugins/com.st.stm32cube.ide.mcu.externaltools.gnu-arm-embedded.10.3-2021.10.win32_1.0.0.202111181915/tools/bin/../lib/gcc/arm-none-eabi/10.3.1/thumb/v7e-m+fp/hard/crti.o
LOAD c:/st/stm32cubeide_1.8.0/stm32cubeide/plugins/com.st.stm32cube.ide.mcu.externaltools.gnu-arm-embedded.10.3-2021.10.win32_1.0.0.202111181915/tools/bin/../lib/gcc/arm-none-eabi/10.3.1/thumb/v7e-m+fp/hard/crtbegin.o
LOAD c:/st/stm32cubeide_1.8.0/stm32cubeide/plugins/com.st.stm32cube.ide.mcu.externaltools.gnu-arm-embedded.10.3-2021.10.win32_1.0.0.202111181915/tools/bin/../lib/gcc/arm-none-eabi/10.3.1/../../../../arm-none-eabi/lib/thumb/v7e-m+fp/hard/crt0.o
LOAD ./Core/Src/adc.o
LOAD ./Core/Src/crc.o
LOAD ./Core/Src/dma.o
LOAD ./Core/Src/gpio.o
LOAD ./Core/Src/hrtim.o
LOAD ./Core/Src/main.o
LOAD ./Core/Src/stm32g4xx_hal_msp.o
LOAD ./Core/Src/stm32g4xx_it.o
LOAD ./Core/Src/syscalls.o
LOAD ./Core/Src/sysmem.o
LOAD ./Core/Src/system_stm32g4xx.o
LOAD ./Core/Src/tim.o
LOAD ./Core/Src/usart.o
LOAD ./Core/Startup/startup_stm32g474retx.o
LOAD ./Drivers/STM32G4xx_HAL_Driver/Src/stm32g4xx_hal.o
LOAD ./Drivers/STM32G4xx_HAL_Driver/Src/stm32g4xx_hal_adc.o
LOAD ./Drivers/STM32G4xx_HAL_Driver/Src/stm32g4xx_hal_adc_ex.o
LOAD ./Drivers/STM32G4xx_HAL_Driver/Src/stm32g4xx_hal_cortex.o
LOAD ./Drivers/STM32G4xx_HAL_Driver/Src/stm32g4xx_hal_crc.o
LOAD ./Drivers/STM32G4xx_HAL_Driver/Src/stm32g4xx_hal_crc_ex.o
LOAD ./Drivers/STM32G4xx_HAL_Driver/Src/stm32g4xx_hal_dma.o
LOAD ./Drivers/STM32G4xx_HAL_Driver/Src/stm32g4xx_hal_dma_ex.o
LOAD ./Drivers/STM32G4xx_HAL_Driver/Src/stm32g4xx_hal_exti.o
LOAD ./Drivers/STM32G4xx_HAL_Driver/Src/stm32g4xx_hal_flash.o
LOAD ./Drivers/STM32G4xx_HAL_Driver/Src/stm32g4xx_hal_flash_ex.o
LOAD ./Drivers/STM32G4xx_HAL_Driver/Src/stm32g4xx_hal_flash_ramfunc.o
LOAD ./Drivers/STM32G4xx_HAL_Driver/Src/stm32g4xx_hal_gpio.o
LOAD ./Drivers/STM32G4xx_HAL_Driver/Src/stm32g4xx_hal_hrtim.o
LOAD ./Drivers/STM32G4xx_HAL_Driver/Src/stm32g4xx_hal_pwr.o
LOAD ./Drivers/STM32G4xx_HAL_Driver/Src/stm32g4xx_hal_pwr_ex.o
LOAD ./Drivers/STM32G4xx_HAL_Driver/Src/stm32g4xx_hal_rcc.o
LOAD ./Drivers/STM32G4xx_HAL_Driver/Src/stm32g4xx_hal_rcc_ex.o
LOAD ./Drivers/STM32G4xx_HAL_Driver/Src/stm32g4xx_hal_tim.o
LOAD ./Drivers/STM32G4xx_HAL_Driver/Src/stm32g4xx_hal_tim_ex.o
LOAD ./Drivers/STM32G4xx_HAL_Driver/Src/stm32g4xx_hal_uart.o
LOAD ./Drivers/STM32G4xx_HAL_Driver/Src/stm32g4xx_hal_uart_ex.o
LOAD ./Drivers/STM32G4xx_HAL_Driver/Src/stm32g4xx_ll_adc.o
LOAD ./Drivers/modbus/functions/mbfunccoils.o
LOAD ./Drivers/modbus/functions/mbfuncdiag.o
LOAD ./Drivers/modbus/functions/mbfuncdisc.o
LOAD ./Drivers/modbus/functions/mbfuncholding.o
LOAD ./Drivers/modbus/functions/mbfuncinput.o
LOAD ./Drivers/modbus/functions/mbfuncother.o
LOAD ./Drivers/modbus/functions/mbutils.o
LOAD ./Drivers/modbus/mb.o
LOAD ./Drivers/modbus/port/portevent.o
LOAD ./Drivers/modbus/port/portserial.o
LOAD ./Drivers/modbus/port/porttimer.o
LOAD ./Drivers/modbus/rtu/mbcrc.o
LOAD ./Drivers/modbus/rtu/mbrtu.o
START GROUP
LOAD E:\stm32_repositary\STM32Cube_FW_G4_V1.5.0\Drivers\CMSIS\DSP\Lib\GCC\libarm_cortexM4lf_math.a
LOAD E:\stm32_repositary\STM32Cube_FW_G4_V1.5.0\Drivers\CMSIS\DSP\Lib\GCC\libarm_cortexM4lf_math.a
END GROUP
START GROUP
LOAD c:/st/stm32cubeide_1.8.0/stm32cubeide/plugins/com.st.stm32cube.ide.mcu.externaltools.gnu-arm-embedded.10.3-2021.10.win32_1.0.0.202111181915/tools/bin/../lib/gcc/arm-none-eabi/10.3.1/../../../../arm-none-eabi/lib/thumb/v7e-m+fp/hard\libc_nano.a
LOAD c:/st/stm32cubeide_1.8.0/stm32cubeide/plugins/com.st.stm32cube.ide.mcu.externaltools.gnu-arm-embedded.10.3-2021.10.win32_1.0.0.202111181915/tools/bin/../lib/gcc/arm-none-eabi/10.3.1/../../../../arm-none-eabi/lib/thumb/v7e-m+fp/hard\libm.a
LOAD c:/st/stm32cubeide_1.8.0/stm32cubeide/plugins/com.st.stm32cube.ide.mcu.externaltools.gnu-arm-embedded.10.3-2021.10.win32_1.0.0.202111181915/tools/bin/../lib/gcc/arm-none-eabi/10.3.1/../../../../arm-none-eabi/lib/thumb/v7e-m+fp/hard\libstdc++_nano.a
LOAD c:/st/stm32cubeide_1.8.0/stm32cubeide/plugins/com.st.stm32cube.ide.mcu.externaltools.gnu-arm-embedded.10.3-2021.10.win32_1.0.0.202111181915/tools/bin/../lib/gcc/arm-none-eabi/10.3.1/../../../../arm-none-eabi/lib/thumb/v7e-m+fp/hard\libsupc++_nano.a
END GROUP
START GROUP
LOAD c:/st/stm32cubeide_1.8.0/stm32cubeide/plugins/com.st.stm32cube.ide.mcu.externaltools.gnu-arm-embedded.10.3-2021.10.win32_1.0.0.202111181915/tools/bin/../lib/gcc/arm-none-eabi/10.3.1/thumb/v7e-m+fp/hard\libgcc.a
LOAD c:/st/stm32cubeide_1.8.0/stm32cubeide/plugins/com.st.stm32cube.ide.mcu.externaltools.gnu-arm-embedded.10.3-2021.10.win32_1.0.0.202111181915/tools/bin/../lib/gcc/arm-none-eabi/10.3.1/../../../../arm-none-eabi/lib/thumb/v7e-m+fp/hard\libc_nano.a
END GROUP
START GROUP
LOAD c:/st/stm32cubeide_1.8.0/stm32cubeide/plugins/com.st.stm32cube.ide.mcu.externaltools.gnu-arm-embedded.10.3-2021.10.win32_1.0.0.202111181915/tools/bin/../lib/gcc/arm-none-eabi/10.3.1/thumb/v7e-m+fp/hard\libgcc.a
LOAD c:/st/stm32cubeide_1.8.0/stm32cubeide/plugins/com.st.stm32cube.ide.mcu.externaltools.gnu-arm-embedded.10.3-2021.10.win32_1.0.0.202111181915/tools/bin/../lib/gcc/arm-none-eabi/10.3.1/../../../../arm-none-eabi/lib/thumb/v7e-m+fp/hard\libc_nano.a
END GROUP
LOAD c:/st/stm32cubeide_1.8.0/stm32cubeide/plugins/com.st.stm32cube.ide.mcu.externaltools.gnu-arm-embedded.10.3-2021.10.win32_1.0.0.202111181915/tools/bin/../lib/gcc/arm-none-eabi/10.3.1/thumb/v7e-m+fp/hard/crtend.o
LOAD c:/st/stm32cubeide_1.8.0/stm32cubeide/plugins/com.st.stm32cube.ide.mcu.externaltools.gnu-arm-embedded.10.3-2021.10.win32_1.0.0.202111181915/tools/bin/../lib/gcc/arm-none-eabi/10.3.1/thumb/v7e-m+fp/hard/crtn.o
                0x20020000                _estack = (ORIGIN (RAM) + LENGTH (RAM))
                0x00002000                _Min_Heap_Size = 0x2000
                0x00004000                _Min_Stack_Size = 0x4000

.isr_vector     0x08000000      0x1d8
                0x08000000                . = ALIGN (0x4)
 *(.isr_vector)
 .isr_vector    0x08000000      0x1d8 ./Core/Startup/startup_stm32g474retx.o
                0x08000000                g_pfnVectors
                0x080001d8                . = ALIGN (0x4)

.text           0x080001e0    0x15010
                0x080001e0                . = ALIGN (0x4)
 *(.text)
 .text          0x080001e0       0x40 c:/st/stm32cubeide_1.8.0/stm32cubeide/plugins/com.st.stm32cube.ide.mcu.externaltools.gnu-arm-embedded.10.3-2021.10.win32_1.0.0.202111181915/tools/bin/../lib/gcc/arm-none-eabi/10.3.1/thumb/v7e-m+fp/hard/crtbegin.o
 .text          0x08000220       0x10 c:/st/stm32cubeide_1.8.0/stm32cubeide/plugins/com.st.stm32cube.ide.mcu.externaltools.gnu-arm-embedded.10.3-2021.10.win32_1.0.0.202111181915/tools/bin/../lib/gcc/arm-none-eabi/10.3.1/../../../../arm-none-eabi/lib/thumb/v7e-m+fp/hard\libc_nano.a(lib_a-strlen.o)
                0x08000220                strlen
 .text          0x08000230       0xa0 c:/st/stm32cubeide_1.8.0/stm32cubeide/plugins/com.st.stm32cube.ide.mcu.externaltools.gnu-arm-embedded.10.3-2021.10.win32_1.0.0.202111181915/tools/bin/../lib/gcc/arm-none-eabi/10.3.1/../../../../arm-none-eabi/lib/thumb/v7e-m+fp/hard\libc_nano.a(lib_a-memchr.o)
                0x08000230                memchr
 .text          0x080002d0      0x378 c:/st/stm32cubeide_1.8.0/stm32cubeide/plugins/com.st.stm32cube.ide.mcu.externaltools.gnu-arm-embedded.10.3-2021.10.win32_1.0.0.202111181915/tools/bin/../lib/gcc/arm-none-eabi/10.3.1/thumb/v7e-m+fp/hard\libgcc.a(_arm_addsubdf3.o)
                0x080002d0                __aeabi_drsub
                0x080002d8                __aeabi_dsub
                0x080002d8                __subdf3
                0x080002dc                __aeabi_dadd
                0x080002dc                __adddf3
                0x08000554                __floatunsidf
                0x08000554                __aeabi_ui2d
                0x08000574                __floatsidf
                0x08000574                __aeabi_i2d
                0x08000598                __aeabi_f2d
                0x08000598                __extendsfdf2
                0x080005dc                __floatundidf
                0x080005dc                __aeabi_ul2d
                0x080005ec                __floatdidf
                0x080005ec                __aeabi_l2d
 .text          0x08000648      0x424 c:/st/stm32cubeide_1.8.0/stm32cubeide/plugins/com.st.stm32cube.ide.mcu.externaltools.gnu-arm-embedded.10.3-2021.10.win32_1.0.0.202111181915/tools/bin/../lib/gcc/arm-none-eabi/10.3.1/thumb/v7e-m+fp/hard\libgcc.a(_arm_muldivdf3.o)
                0x08000648                __aeabi_dmul
                0x08000648                __muldf3
                0x0800089c                __divdf3
                0x0800089c                __aeabi_ddiv
 .text          0x08000a6c      0x110 c:/st/stm32cubeide_1.8.0/stm32cubeide/plugins/com.st.stm32cube.ide.mcu.externaltools.gnu-arm-embedded.10.3-2021.10.win32_1.0.0.202111181915/tools/bin/../lib/gcc/arm-none-eabi/10.3.1/thumb/v7e-m+fp/hard\libgcc.a(_arm_cmpdf2.o)
                0x08000a6c                __gtdf2
                0x08000a6c                __gedf2
                0x08000a74                __ltdf2
                0x08000a74                __ledf2
                0x08000a7c                __nedf2
                0x08000a7c                __eqdf2
                0x08000a7c                __cmpdf2
                0x08000af8                __aeabi_cdrcmple
                0x08000b08                __aeabi_cdcmpeq
                0x08000b08                __aeabi_cdcmple
                0x08000b18                __aeabi_dcmpeq
                0x08000b2c                __aeabi_dcmplt
                0x08000b40                __aeabi_dcmple
                0x08000b54                __aeabi_dcmpge
                0x08000b68                __aeabi_dcmpgt
 .text          0x08000b7c       0x2c c:/st/stm32cubeide_1.8.0/stm32cubeide/plugins/com.st.stm32cube.ide.mcu.externaltools.gnu-arm-embedded.10.3-2021.10.win32_1.0.0.202111181915/tools/bin/../lib/gcc/arm-none-eabi/10.3.1/thumb/v7e-m+fp/hard\libgcc.a(_arm_unorddf2.o)
                0x08000b7c                __unorddf2
                0x08000b7c                __aeabi_dcmpun
 .text          0x08000ba8       0x50 c:/st/stm32cubeide_1.8.0/stm32cubeide/plugins/com.st.stm32cube.ide.mcu.externaltools.gnu-arm-embedded.10.3-2021.10.win32_1.0.0.202111181915/tools/bin/../lib/gcc/arm-none-eabi/10.3.1/thumb/v7e-m+fp/hard\libgcc.a(_arm_fixdfsi.o)
                0x08000ba8                __aeabi_d2iz
                0x08000ba8                __fixdfsi
 .text          0x08000bf8       0x40 c:/st/stm32cubeide_1.8.0/stm32cubeide/plugins/com.st.stm32cube.ide.mcu.externaltools.gnu-arm-embedded.10.3-2021.10.win32_1.0.0.202111181915/tools/bin/../lib/gcc/arm-none-eabi/10.3.1/thumb/v7e-m+fp/hard\libgcc.a(_arm_fixunsdfsi.o)
                0x08000bf8                __aeabi_d2uiz
                0x08000bf8                __fixunsdfsi
 .text          0x08000c38       0xa0 c:/st/stm32cubeide_1.8.0/stm32cubeide/plugins/com.st.stm32cube.ide.mcu.externaltools.gnu-arm-embedded.10.3-2021.10.win32_1.0.0.202111181915/tools/bin/../lib/gcc/arm-none-eabi/10.3.1/thumb/v7e-m+fp/hard\libgcc.a(_arm_truncdfsf2.o)
                0x08000c38                __truncdfsf2
                0x08000c38                __aeabi_d2f
 .text          0x08000cd8       0xa0 c:/st/stm32cubeide_1.8.0/stm32cubeide/plugins/com.st.stm32cube.ide.mcu.externaltools.gnu-arm-embedded.10.3-2021.10.win32_1.0.0.202111181915/tools/bin/../lib/gcc/arm-none-eabi/10.3.1/thumb/v7e-m+fp/hard\libgcc.a(_aeabi_ldivmod.o)
                0x08000cd8                __aeabi_ldivmod
 .text          0x08000d78       0x30 c:/st/stm32cubeide_1.8.0/stm32cubeide/plugins/com.st.stm32cube.ide.mcu.externaltools.gnu-arm-embedded.10.3-2021.10.win32_1.0.0.202111181915/tools/bin/../lib/gcc/arm-none-eabi/10.3.1/thumb/v7e-m+fp/hard\libgcc.a(_aeabi_uldivmod.o)
                0x08000d78                __aeabi_uldivmod
 .text          0x08000da8       0x30 c:/st/stm32cubeide_1.8.0/stm32cubeide/plugins/com.st.stm32cube.ide.mcu.externaltools.gnu-arm-embedded.10.3-2021.10.win32_1.0.0.202111181915/tools/bin/../lib/gcc/arm-none-eabi/10.3.1/thumb/v7e-m+fp/hard\libgcc.a(_fixdfdi.o)
                0x08000da8                __fixdfdi
                0x08000da8                __aeabi_d2lz
 .text          0x08000dd8       0x3c c:/st/stm32cubeide_1.8.0/stm32cubeide/plugins/com.st.stm32cube.ide.mcu.externaltools.gnu-arm-embedded.10.3-2021.10.win32_1.0.0.202111181915/tools/bin/../lib/gcc/arm-none-eabi/10.3.1/thumb/v7e-m+fp/hard\libgcc.a(_fixunsdfdi.o)
                0x08000dd8                __fixunsdfdi
                0x08000dd8                __aeabi_d2ulz
 .text          0x08000e14      0x2d0 c:/st/stm32cubeide_1.8.0/stm32cubeide/plugins/com.st.stm32cube.ide.mcu.externaltools.gnu-arm-embedded.10.3-2021.10.win32_1.0.0.202111181915/tools/bin/../lib/gcc/arm-none-eabi/10.3.1/thumb/v7e-m+fp/hard\libgcc.a(_udivmoddi4.o)
                0x08000e14                __udivmoddi4
 .text          0x080010e4        0x4 c:/st/stm32cubeide_1.8.0/stm32cubeide/plugins/com.st.stm32cube.ide.mcu.externaltools.gnu-arm-embedded.10.3-2021.10.win32_1.0.0.202111181915/tools/bin/../lib/gcc/arm-none-eabi/10.3.1/thumb/v7e-m+fp/hard\libgcc.a(_dvmd_tls.o)
                0x080010e4                __aeabi_idiv0
                0x080010e4                __aeabi_ldiv0
 *(.text*)
 .text.MX_ADC1_Init
                0x080010e8       0xfc ./Core/Src/adc.o
                0x080010e8                MX_ADC1_Init
 .text.MX_ADC2_Init
                0x080011e4       0xc0 ./Core/Src/adc.o
                0x080011e4                MX_ADC2_Init
 .text.HAL_ADC_MspInit
                0x080012a4      0x20c ./Core/Src/adc.o
                0x080012a4                HAL_ADC_MspInit
 .text.MX_CRC_Init
                0x080014b0       0x5c ./Core/Src/crc.o
                0x080014b0                MX_CRC_Init
 .text.HAL_CRC_MspInit
                0x0800150c       0x40 ./Core/Src/crc.o
                0x0800150c                HAL_CRC_MspInit
 .text.MX_DMA_Init
                0x0800154c      0x110 ./Core/Src/dma.o
                0x0800154c                MX_DMA_Init
 .text.MX_GPIO_Init
                0x0800165c      0x124 ./Core/Src/gpio.o
                0x0800165c                MX_GPIO_Init
 .text.MX_HRTIM1_Init
                0x08001780      0x22c ./Core/Src/hrtim.o
                0x08001780                MX_HRTIM1_Init
 .text.HAL_HRTIM_MspInit
                0x080019ac       0x40 ./Core/Src/hrtim.o
                0x080019ac                HAL_HRTIM_MspInit
 .text.HAL_HRTIM_MspPostInit
                0x080019ec       0x70 ./Core/Src/hrtim.o
                0x080019ec                HAL_HRTIM_MspPostInit
 .text.ITM_SendChar
                0x08001a5c       0x4e ./Core/Src/main.o
 .text.LL_ADC_REG_StartConversion
                0x08001aaa       0x28 ./Core/Src/main.o
 *fill*         0x08001ad2        0x2 
 .text.__critical_enter
                0x08001ad4       0x20 ./Core/Src/main.o
                0x08001ad4                __critical_enter
 .text.__critical_exit
                0x08001af4       0x28 ./Core/Src/main.o
                0x08001af4                __critical_exit
 *fill*         0x08001b1c        0x4 
 .text.main     0x08001b20     0x136c ./Core/Src/main.o
                0x08001b20                main
 .text.SystemClock_Config
                0x08002e8c       0x96 ./Core/Src/main.o
                0x08002e8c                SystemClock_Config
 *fill*         0x08002f22        0x2 
 .text.eMBRegInputCB
                0x08002f24       0xb0 ./Core/Src/main.o
                0x08002f24                eMBRegInputCB
 .text.eMBRegHoldingCB
                0x08002fd4      0x1a4 ./Core/Src/main.o
                0x08002fd4                eMBRegHoldingCB
 .text.HAL_GPIO_EXTI_Callback
                0x08003178       0x28 ./Core/Src/main.o
                0x08003178                HAL_GPIO_EXTI_Callback
 .text.HAL_TIM_PeriodElapsedCallback
                0x080031a0       0x44 ./Core/Src/main.o
                0x080031a0                HAL_TIM_PeriodElapsedCallback
 .text._write   0x080031e4       0x38 ./Core/Src/main.o
                0x080031e4                _write
 .text.Mem_to_Mem_Complete
                0x0800321c       0x28 ./Core/Src/main.o
 .text.HAL_ADC_ConvCpltCallback
                0x08003244       0x2c ./Core/Src/main.o
                0x08003244                HAL_ADC_ConvCpltCallback
 .text.HAL_UART_TxCpltCallback
                0x08003270       0x14 ./Core/Src/main.o
                0x08003270                HAL_UART_TxCpltCallback
 .text.fun_data_time_podgotovka
                0x08003284      0x364 ./Core/Src/main.o
                0x08003284                fun_data_time_podgotovka
 .text.fun_data_scan_freq_podgotovka
                0x080035e8      0x2ec ./Core/Src/main.o
                0x080035e8                fun_data_scan_freq_podgotovka
 .text.Error_Handler
                0x080038d4       0x28 ./Core/Src/main.o
                0x080038d4                Error_Handler
 .text.HAL_MspInit
                0x080038fc       0x48 ./Core/Src/stm32g4xx_hal_msp.o
                0x080038fc                HAL_MspInit
 .text.NMI_Handler
                0x08003944       0x30 ./Core/Src/stm32g4xx_it.o
                0x08003944                NMI_Handler
 .text.HardFault_Handler
                0x08003974       0x30 ./Core/Src/stm32g4xx_it.o
                0x08003974                HardFault_Handler
 .text.MemManage_Handler
                0x080039a4       0x30 ./Core/Src/stm32g4xx_it.o
                0x080039a4                MemManage_Handler
 .text.BusFault_Handler
                0x080039d4       0x30 ./Core/Src/stm32g4xx_it.o
                0x080039d4                BusFault_Handler
 .text.UsageFault_Handler
                0x08003a04       0x30 ./Core/Src/stm32g4xx_it.o
                0x08003a04                UsageFault_Handler
 .text.SVC_Handler
                0x08003a34       0x14 ./Core/Src/stm32g4xx_it.o
                0x08003a34                SVC_Handler
 .text.DebugMon_Handler
                0x08003a48       0x14 ./Core/Src/stm32g4xx_it.o
                0x08003a48                DebugMon_Handler
 .text.PendSV_Handler
                0x08003a5c       0x14 ./Core/Src/stm32g4xx_it.o
                0x08003a5c                PendSV_Handler
 .text.SysTick_Handler
                0x08003a70        0xc ./Core/Src/stm32g4xx_it.o
                0x08003a70                SysTick_Handler
 .text.DMA1_Channel1_IRQHandler
                0x08003a7c       0x14 ./Core/Src/stm32g4xx_it.o
                0x08003a7c                DMA1_Channel1_IRQHandler
 .text.DMA1_Channel2_IRQHandler
                0x08003a90       0x18 ./Core/Src/stm32g4xx_it.o
                0x08003a90                DMA1_Channel2_IRQHandler
 .text.DMA1_Channel3_IRQHandler
                0x08003aa8       0x14 ./Core/Src/stm32g4xx_it.o
                0x08003aa8                DMA1_Channel3_IRQHandler
 .text.DMA1_Channel4_IRQHandler
                0x08003abc       0x14 ./Core/Src/stm32g4xx_it.o
                0x08003abc                DMA1_Channel4_IRQHandler
 .text.DMA1_Channel5_IRQHandler
                0x08003ad0       0x14 ./Core/Src/stm32g4xx_it.o
                0x08003ad0                DMA1_Channel5_IRQHandler
 .text.USART1_IRQHandler
                0x08003ae4       0x5c ./Core/Src/stm32g4xx_it.o
                0x08003ae4                USART1_IRQHandler
 .text.USART2_IRQHandler
                0x08003b40       0x5c ./Core/Src/stm32g4xx_it.o
                0x08003b40                USART2_IRQHandler
 .text.USART3_IRQHandler
                0x08003b9c       0x14 ./Core/Src/stm32g4xx_it.o
                0x08003b9c                USART3_IRQHandler
 .text.EXTI15_10_IRQHandler
                0x08003bb0       0x10 ./Core/Src/stm32g4xx_it.o
                0x08003bb0                EXTI15_10_IRQHandler
 .text.TIM6_DAC_IRQHandler
                0x08003bc0       0x14 ./Core/Src/stm32g4xx_it.o
                0x08003bc0                TIM6_DAC_IRQHandler
 .text.DMA2_Channel1_IRQHandler
                0x08003bd4       0x14 ./Core/Src/stm32g4xx_it.o
                0x08003bd4                DMA2_Channel1_IRQHandler
 .text._getpid  0x08003be8       0x10 ./Core/Src/syscalls.o
                0x08003be8                _getpid
 .text._kill    0x08003bf8       0x20 ./Core/Src/syscalls.o
                0x08003bf8                _kill
 .text._exit    0x08003c18       0x14 ./Core/Src/syscalls.o
                0x08003c18                _exit
 .text._read    0x08003c2c       0x3a ./Core/Src/syscalls.o
                0x08003c2c                _read
 .text._close   0x08003c66       0x18 ./Core/Src/syscalls.o
                0x08003c66                _close
 .text._fstat   0x08003c7e       0x20 ./Core/Src/syscalls.o
                0x08003c7e                _fstat
 .text._isatty  0x08003c9e       0x16 ./Core/Src/syscalls.o
                0x08003c9e                _isatty
 .text._lseek   0x08003cb4       0x1a ./Core/Src/syscalls.o
                0x08003cb4                _lseek
 *fill*         0x08003cce        0x2 
 .text._sbrk    0x08003cd0       0x6c ./Core/Src/sysmem.o
                0x08003cd0                _sbrk
 .text.SystemInit
                0x08003d3c       0x24 ./Core/Src/system_stm32g4xx.o
                0x08003d3c                SystemInit
 .text.MX_TIM1_Init
                0x08003d60      0x200 ./Core/Src/tim.o
                0x08003d60                MX_TIM1_Init
 .text.MX_TIM2_Init
                0x08003f60       0xf4 ./Core/Src/tim.o
                0x08003f60                MX_TIM2_Init
 .text.MX_TIM3_Init
                0x08004054       0xf0 ./Core/Src/tim.o
                0x08004054                MX_TIM3_Init
 .text.MX_TIM6_Init
                0x08004144       0x6c ./Core/Src/tim.o
                0x08004144                MX_TIM6_Init
 .text.MX_TIM7_Init
                0x080041b0       0x70 ./Core/Src/tim.o
                0x080041b0                MX_TIM7_Init
 .text.MX_TIM16_Init
                0x08004220       0x4c ./Core/Src/tim.o
                0x08004220                MX_TIM16_Init
 .text.MX_TIM17_Init
                0x0800426c       0x50 ./Core/Src/tim.o
                0x0800426c                MX_TIM17_Init
 .text.HAL_TIM_Base_MspInit
                0x080042bc      0x184 ./Core/Src/tim.o
                0x080042bc                HAL_TIM_Base_MspInit
 .text.HAL_TIM_MspPostInit
                0x08004440      0x1bc ./Core/Src/tim.o
                0x08004440                HAL_TIM_MspPostInit
 .text.MX_USART1_UART_Init
                0x080045fc       0xa0 ./Core/Src/usart.o
                0x080045fc                MX_USART1_UART_Init
 .text.MX_USART2_UART_Init
                0x0800469c       0x98 ./Core/Src/usart.o
                0x0800469c                MX_USART2_UART_Init
 .text.MX_USART3_UART_Init
                0x08004734       0xa4 ./Core/Src/usart.o
                0x08004734                MX_USART3_UART_Init
 .text.HAL_UART_MspInit
                0x080047d8      0x354 ./Core/Src/usart.o
                0x080047d8                HAL_UART_MspInit
 .text.Reset_Handler
                0x08004b2c       0x50 ./Core/Startup/startup_stm32g474retx.o
                0x08004b2c                Reset_Handler
 .text.Default_Handler
                0x08004b7c        0x2 ./Core/Startup/startup_stm32g474retx.o
                0x08004b7c                RTC_Alarm_IRQHandler
                0x08004b7c                EXTI2_IRQHandler
                0x08004b7c                TIM8_TRG_COM_IRQHandler
                0x08004b7c                TIM8_CC_IRQHandler
                0x08004b7c                HRTIM1_Master_IRQHandler
                0x08004b7c                SPI4_IRQHandler
                0x08004b7c                FDCAN3_IT0_IRQHandler
                0x08004b7c                TIM1_CC_IRQHandler
                0x08004b7c                HRTIM1_FLT_IRQHandler
                0x08004b7c                HRTIM1_TIMF_IRQHandler
                0x08004b7c                USB_HP_IRQHandler
                0x08004b7c                CORDIC_IRQHandler
                0x08004b7c                HRTIM1_TIMD_IRQHandler
                0x08004b7c                DMA2_Channel8_IRQHandler
                0x08004b7c                EXTI3_IRQHandler
                0x08004b7c                I2C3_ER_IRQHandler
                0x08004b7c                EXTI0_IRQHandler
                0x08004b7c                I2C2_EV_IRQHandler
                0x08004b7c                FPU_IRQHandler
                0x08004b7c                FDCAN1_IT1_IRQHandler
                0x08004b7c                TIM1_UP_TIM16_IRQHandler
                0x08004b7c                ADC1_2_IRQHandler
                0x08004b7c                HRTIM1_TIME_IRQHandler
                0x08004b7c                SPI1_IRQHandler
                0x08004b7c                HRTIM1_TIMC_IRQHandler
                0x08004b7c                TIM8_UP_IRQHandler
                0x08004b7c                DMA2_Channel2_IRQHandler
                0x08004b7c                TIM20_TRG_COM_IRQHandler
                0x08004b7c                DMA1_Channel7_IRQHandler
                0x08004b7c                UART5_IRQHandler
                0x08004b7c                ADC3_IRQHandler
                0x08004b7c                TIM4_IRQHandler
                0x08004b7c                QUADSPI_IRQHandler
                0x08004b7c                I2C1_EV_IRQHandler
                0x08004b7c                DMA1_Channel6_IRQHandler
                0x08004b7c                UART4_IRQHandler
                0x08004b7c                DMA2_Channel4_IRQHandler
                0x08004b7c                TIM3_IRQHandler
                0x08004b7c                RCC_IRQHandler
                0x08004b7c                TIM20_UP_IRQHandler
                0x08004b7c                Default_Handler
                0x08004b7c                DMA2_Channel7_IRQHandler
                0x08004b7c                RTC_TAMP_LSECSS_IRQHandler
                0x08004b7c                FMAC_IRQHandler
                0x08004b7c                DMA1_Channel8_IRQHandler
                0x08004b7c                HRTIM1_TIMA_IRQHandler
                0x08004b7c                TIM7_DAC_IRQHandler
                0x08004b7c                FDCAN3_IT1_IRQHandler
                0x08004b7c                TIM5_IRQHandler
                0x08004b7c                UCPD1_IRQHandler
                0x08004b7c                I2C3_EV_IRQHandler
                0x08004b7c                EXTI9_5_IRQHandler
                0x08004b7c                RTC_WKUP_IRQHandler
                0x08004b7c                PVD_PVM_IRQHandler
                0x08004b7c                SPI2_IRQHandler
                0x08004b7c                ADC5_IRQHandler
                0x08004b7c                DMA2_Channel5_IRQHandler
                0x08004b7c                CRS_IRQHandler
                0x08004b7c                USB_LP_IRQHandler
                0x08004b7c                EXTI4_IRQHandler
                0x08004b7c                RNG_IRQHandler
                0x08004b7c                HRTIM1_TIMB_IRQHandler
                0x08004b7c                TIM1_TRG_COM_TIM17_IRQHandler
                0x08004b7c                FDCAN2_IT1_IRQHandler
                0x08004b7c                ADC4_IRQHandler
                0x08004b7c                WWDG_IRQHandler
                0x08004b7c                I2C4_EV_IRQHandler
                0x08004b7c                FDCAN2_IT0_IRQHandler
                0x08004b7c                LPUART1_IRQHandler
                0x08004b7c                DMA2_Channel6_IRQHandler
                0x08004b7c                FDCAN1_IT0_IRQHandler
                0x08004b7c                TIM2_IRQHandler
                0x08004b7c                COMP7_IRQHandler
                0x08004b7c                COMP1_2_3_IRQHandler
                0x08004b7c                EXTI1_IRQHandler
                0x08004b7c                COMP4_5_6_IRQHandler
                0x08004b7c                TIM20_BRK_IRQHandler
                0x08004b7c                I2C2_ER_IRQHandler
                0x08004b7c                TIM8_BRK_IRQHandler
                0x08004b7c                FLASH_IRQHandler
                0x08004b7c                TIM20_CC_IRQHandler
                0x08004b7c                SPI3_IRQHandler
                0x08004b7c                I2C1_ER_IRQHandler
                0x08004b7c                FMC_IRQHandler
                0x08004b7c                LPTIM1_IRQHandler
                0x08004b7c                DMAMUX_OVR_IRQHandler
                0x08004b7c                I2C4_ER_IRQHandler
                0x08004b7c                USBWakeUp_IRQHandler
                0x08004b7c                SAI1_IRQHandler
                0x08004b7c                DMA2_Channel3_IRQHandler
                0x08004b7c                TIM1_BRK_TIM15_IRQHandler
 .text.HAL_Init
                0x08004b7e       0x30 ./Drivers/STM32G4xx_HAL_Driver/Src/stm32g4xx_hal.o
                0x08004b7e                HAL_Init
 *fill*         0x08004bae        0x2 
 .text.HAL_InitTick
                0x08004bb0       0x74 ./Drivers/STM32G4xx_HAL_Driver/Src/stm32g4xx_hal.o
                0x08004bb0                HAL_InitTick
 .text.HAL_IncTick
                0x08004c24       0x24 ./Drivers/STM32G4xx_HAL_Driver/Src/stm32g4xx_hal.o
                0x08004c24                HAL_IncTick
 .text.HAL_GetTick
                0x08004c48       0x18 ./Drivers/STM32G4xx_HAL_Driver/Src/stm32g4xx_hal.o
                0x08004c48                HAL_GetTick
 .text.HAL_Delay
                0x08004c60       0x44 ./Drivers/STM32G4xx_HAL_Driver/Src/stm32g4xx_hal.o
                0x08004c60                HAL_Delay
 .text.LL_ADC_SetCommonClock
                0x08004ca4       0x26 ./Drivers/STM32G4xx_HAL_Driver/Src/stm32g4xx_hal_adc.o
 .text.LL_ADC_SetCommonPathInternalCh
                0x08004cca       0x26 ./Drivers/STM32G4xx_HAL_Driver/Src/stm32g4xx_hal_adc.o
 .text.LL_ADC_GetCommonPathInternalCh
                0x08004cf0       0x1c ./Drivers/STM32G4xx_HAL_Driver/Src/stm32g4xx_hal_adc.o
 .text.LL_ADC_SetOffset
                0x08004d0c       0x48 ./Drivers/STM32G4xx_HAL_Driver/Src/stm32g4xx_hal_adc.o
 .text.LL_ADC_GetOffsetChannel
                0x08004d54       0x2c ./Drivers/STM32G4xx_HAL_Driver/Src/stm32g4xx_hal_adc.o
 .text.LL_ADC_SetOffsetState
                0x08004d80       0x36 ./Drivers/STM32G4xx_HAL_Driver/Src/stm32g4xx_hal_adc.o
 .text.LL_ADC_SetOffsetSign
                0x08004db6       0x36 ./Drivers/STM32G4xx_HAL_Driver/Src/stm32g4xx_hal_adc.o
 .text.LL_ADC_SetOffsetSaturation
                0x08004dec       0x36 ./Drivers/STM32G4xx_HAL_Driver/Src/stm32g4xx_hal_adc.o
 .text.LL_ADC_SetSamplingTimeCommonConfig
                0x08004e22       0x26 ./Drivers/STM32G4xx_HAL_Driver/Src/stm32g4xx_hal_adc.o
 .text.LL_ADC_REG_IsTriggerSourceSWStart
                0x08004e48       0x26 ./Drivers/STM32G4xx_HAL_Driver/Src/stm32g4xx_hal_adc.o
 .text.LL_ADC_REG_SetSequencerRanks
                0x08004e6e       0x58 ./Drivers/STM32G4xx_HAL_Driver/Src/stm32g4xx_hal_adc.o
 .text.LL_ADC_SetChannelSamplingTime
                0x08004ec6       0x56 ./Drivers/STM32G4xx_HAL_Driver/Src/stm32g4xx_hal_adc.o
 .text.LL_ADC_SetChannelSingleDiff
                0x08004f1c       0x50 ./Drivers/STM32G4xx_HAL_Driver/Src/stm32g4xx_hal_adc.o
 .text.LL_ADC_DisableDeepPowerDown
                0x08004f6c       0x24 ./Drivers/STM32G4xx_HAL_Driver/Src/stm32g4xx_hal_adc.o
 .text.LL_ADC_IsDeepPowerDownEnabled
                0x08004f90       0x28 ./Drivers/STM32G4xx_HAL_Driver/Src/stm32g4xx_hal_adc.o
 .text.LL_ADC_EnableInternalRegulator
                0x08004fb8       0x28 ./Drivers/STM32G4xx_HAL_Driver/Src/stm32g4xx_hal_adc.o
 .text.LL_ADC_IsInternalRegulatorEnabled
                0x08004fe0       0x28 ./Drivers/STM32G4xx_HAL_Driver/Src/stm32g4xx_hal_adc.o
 .text.LL_ADC_Enable
                0x08005008       0x28 ./Drivers/STM32G4xx_HAL_Driver/Src/stm32g4xx_hal_adc.o
 .text.LL_ADC_Disable
                0x08005030       0x28 ./Drivers/STM32G4xx_HAL_Driver/Src/stm32g4xx_hal_adc.o
 .text.LL_ADC_IsEnabled
                0x08005058       0x26 ./Drivers/STM32G4xx_HAL_Driver/Src/stm32g4xx_hal_adc.o
 .text.LL_ADC_IsDisableOngoing
                0x0800507e       0x26 ./Drivers/STM32G4xx_HAL_Driver/Src/stm32g4xx_hal_adc.o
 .text.LL_ADC_REG_IsConversionOngoing
                0x080050a4       0x26 ./Drivers/STM32G4xx_HAL_Driver/Src/stm32g4xx_hal_adc.o
 .text.LL_ADC_INJ_IsConversionOngoing
                0x080050ca       0x26 ./Drivers/STM32G4xx_HAL_Driver/Src/stm32g4xx_hal_adc.o
 .text.HAL_ADC_Init
                0x080050f0      0x384 ./Drivers/STM32G4xx_HAL_Driver/Src/stm32g4xx_hal_adc.o
                0x080050f0                HAL_ADC_Init
 .text.HAL_ADC_ConvHalfCpltCallback
                0x08005474       0x14 ./Drivers/STM32G4xx_HAL_Driver/Src/stm32g4xx_hal_adc.o
                0x08005474                HAL_ADC_ConvHalfCpltCallback
 .text.HAL_ADC_ErrorCallback
                0x08005488       0x14 ./Drivers/STM32G4xx_HAL_Driver/Src/stm32g4xx_hal_adc.o
                0x08005488                HAL_ADC_ErrorCallback
 .text.HAL_ADC_ConfigChannel
                0x0800549c      0x880 ./Drivers/STM32G4xx_HAL_Driver/Src/stm32g4xx_hal_adc.o
                0x0800549c                HAL_ADC_ConfigChannel
 .text.ADC_Enable
                0x08005d1c       0xc4 ./Drivers/STM32G4xx_HAL_Driver/Src/stm32g4xx_hal_adc.o
                0x08005d1c                ADC_Enable
 .text.ADC_Disable
                0x08005de0       0xbe ./Drivers/STM32G4xx_HAL_Driver/Src/stm32g4xx_hal_adc.o
                0x08005de0                ADC_Disable
 .text.ADC_DMAConvCplt
                0x08005e9e       0xd8 ./Drivers/STM32G4xx_HAL_Driver/Src/stm32g4xx_hal_adc.o
                0x08005e9e                ADC_DMAConvCplt
 .text.ADC_DMAHalfConvCplt
                0x08005f76       0x1c ./Drivers/STM32G4xx_HAL_Driver/Src/stm32g4xx_hal_adc.o
                0x08005f76                ADC_DMAHalfConvCplt
 .text.ADC_DMAError
                0x08005f92       0x34 ./Drivers/STM32G4xx_HAL_Driver/Src/stm32g4xx_hal_adc.o
                0x08005f92                ADC_DMAError
 .text.LL_ADC_IsEnabled
                0x08005fc6       0x26 ./Drivers/STM32G4xx_HAL_Driver/Src/stm32g4xx_hal_adc_ex.o
 .text.LL_ADC_StartCalibration
                0x08005fec       0x32 ./Drivers/STM32G4xx_HAL_Driver/Src/stm32g4xx_hal_adc_ex.o
 .text.LL_ADC_IsCalibrationOnGoing
                0x0800601e       0x28 ./Drivers/STM32G4xx_HAL_Driver/Src/stm32g4xx_hal_adc_ex.o
 .text.LL_ADC_REG_StartConversion
                0x08006046       0x28 ./Drivers/STM32G4xx_HAL_Driver/Src/stm32g4xx_hal_adc_ex.o
 .text.LL_ADC_REG_IsConversionOngoing
                0x0800606e       0x26 ./Drivers/STM32G4xx_HAL_Driver/Src/stm32g4xx_hal_adc_ex.o
 .text.HAL_ADCEx_Calibration_Start
                0x08006094       0xc4 ./Drivers/STM32G4xx_HAL_Driver/Src/stm32g4xx_hal_adc_ex.o
                0x08006094                HAL_ADCEx_Calibration_Start
 .text.HAL_ADCEx_MultiModeStart_DMA
                0x08006158      0x178 ./Drivers/STM32G4xx_HAL_Driver/Src/stm32g4xx_hal_adc_ex.o
                0x08006158                HAL_ADCEx_MultiModeStart_DMA
 .text.HAL_ADCEx_MultiModeConfigChannel
                0x080062d0      0x210 ./Drivers/STM32G4xx_HAL_Driver/Src/stm32g4xx_hal_adc_ex.o
                0x080062d0                HAL_ADCEx_MultiModeConfigChannel
 .text.__NVIC_SetPriorityGrouping
                0x080064e0       0x48 ./Drivers/STM32G4xx_HAL_Driver/Src/stm32g4xx_hal_cortex.o
 .text.__NVIC_GetPriorityGrouping
                0x08006528       0x1c ./Drivers/STM32G4xx_HAL_Driver/Src/stm32g4xx_hal_cortex.o
 .text.__NVIC_EnableIRQ
                0x08006544       0x3c ./Drivers/STM32G4xx_HAL_Driver/Src/stm32g4xx_hal_cortex.o
 .text.__NVIC_SetPriority
                0x08006580       0x54 ./Drivers/STM32G4xx_HAL_Driver/Src/stm32g4xx_hal_cortex.o
 .text.NVIC_EncodePriority
                0x080065d4       0x66 ./Drivers/STM32G4xx_HAL_Driver/Src/stm32g4xx_hal_cortex.o
 *fill*         0x0800663a        0x2 
 .text.SysTick_Config
                0x0800663c       0x44 ./Drivers/STM32G4xx_HAL_Driver/Src/stm32g4xx_hal_cortex.o
 .text.HAL_NVIC_SetPriorityGrouping
                0x08006680       0x16 ./Drivers/STM32G4xx_HAL_Driver/Src/stm32g4xx_hal_cortex.o
                0x08006680                HAL_NVIC_SetPriorityGrouping
 .text.HAL_NVIC_SetPriority
                0x08006696       0x34 ./Drivers/STM32G4xx_HAL_Driver/Src/stm32g4xx_hal_cortex.o
                0x08006696                HAL_NVIC_SetPriority
 .text.HAL_NVIC_EnableIRQ
                0x080066ca       0x1c ./Drivers/STM32G4xx_HAL_Driver/Src/stm32g4xx_hal_cortex.o
                0x080066ca                HAL_NVIC_EnableIRQ
 .text.HAL_SYSTICK_Config
                0x080066e6       0x18 ./Drivers/STM32G4xx_HAL_Driver/Src/stm32g4xx_hal_cortex.o
                0x080066e6                HAL_SYSTICK_Config
 *fill*         0x080066fe        0x2 
 .text.HAL_CRC_Init
                0x08006700       0xc8 ./Drivers/STM32G4xx_HAL_Driver/Src/stm32g4xx_hal_crc.o
                0x08006700                HAL_CRC_Init
 .text.HAL_CRC_Calculate
                0x080067c8       0x98 ./Drivers/STM32G4xx_HAL_Driver/Src/stm32g4xx_hal_crc.o
                0x080067c8                HAL_CRC_Calculate
 .text.CRC_Handle_8
                0x08006860      0x11c ./Drivers/STM32G4xx_HAL_Driver/Src/stm32g4xx_hal_crc.o
 .text.CRC_Handle_16
                0x0800697c       0x74 ./Drivers/STM32G4xx_HAL_Driver/Src/stm32g4xx_hal_crc.o
 .text.HAL_CRCEx_Polynomial_Set
                0x080069f0      0x10c ./Drivers/STM32G4xx_HAL_Driver/Src/stm32g4xx_hal_crc_ex.o
                0x080069f0                HAL_CRCEx_Polynomial_Set
 .text.HAL_DMA_Init
                0x08006afc      0x150 ./Drivers/STM32G4xx_HAL_Driver/Src/stm32g4xx_hal_dma.o
                0x08006afc                HAL_DMA_Init
 .text.HAL_DMA_Start_IT
                0x08006c4c       0xf6 ./Drivers/STM32G4xx_HAL_Driver/Src/stm32g4xx_hal_dma.o
                0x08006c4c                HAL_DMA_Start_IT
 .text.HAL_DMA_Abort
                0x08006d42       0xb2 ./Drivers/STM32G4xx_HAL_Driver/Src/stm32g4xx_hal_dma.o
                0x08006d42                HAL_DMA_Abort
 .text.HAL_DMA_Abort_IT
                0x08006df4       0xce ./Drivers/STM32G4xx_HAL_Driver/Src/stm32g4xx_hal_dma.o
                0x08006df4                HAL_DMA_Abort_IT
 .text.HAL_DMA_IRQHandler
                0x08006ec2      0x15e ./Drivers/STM32G4xx_HAL_Driver/Src/stm32g4xx_hal_dma.o
                0x08006ec2                HAL_DMA_IRQHandler
 .text.HAL_DMA_RegisterCallback
                0x08007020       0x90 ./Drivers/STM32G4xx_HAL_Driver/Src/stm32g4xx_hal_dma.o
                0x08007020                HAL_DMA_RegisterCallback
 .text.DMA_SetConfig
                0x080070b0       0x7c ./Drivers/STM32G4xx_HAL_Driver/Src/stm32g4xx_hal_dma.o
 .text.DMA_CalcDMAMUXChannelBaseAndMask
                0x0800712c       0x7c ./Drivers/STM32G4xx_HAL_Driver/Src/stm32g4xx_hal_dma.o
 .text.DMA_CalcDMAMUXRequestGenBaseAndMask
                0x080071a8       0x48 ./Drivers/STM32G4xx_HAL_Driver/Src/stm32g4xx_hal_dma.o
 .text.HAL_GPIO_Init
                0x080071f0      0x304 ./Drivers/STM32G4xx_HAL_Driver/Src/stm32g4xx_hal_gpio.o
                0x080071f0                HAL_GPIO_Init
 .text.HAL_GPIO_ReadPin
                0x080074f4       0x30 ./Drivers/STM32G4xx_HAL_Driver/Src/stm32g4xx_hal_gpio.o
                0x080074f4                HAL_GPIO_ReadPin
 .text.HAL_GPIO_WritePin
                0x08007524       0x30 ./Drivers/STM32G4xx_HAL_Driver/Src/stm32g4xx_hal_gpio.o
                0x08007524                HAL_GPIO_WritePin
 .text.HAL_GPIO_TogglePin
                0x08007554       0x34 ./Drivers/STM32G4xx_HAL_Driver/Src/stm32g4xx_hal_gpio.o
                0x08007554                HAL_GPIO_TogglePin
 .text.HAL_GPIO_EXTI_IRQHandler
                0x08007588       0x30 ./Drivers/STM32G4xx_HAL_Driver/Src/stm32g4xx_hal_gpio.o
                0x08007588                HAL_GPIO_EXTI_IRQHandler
 .text.HAL_HRTIM_Init
                0x080075b8      0x1a0 ./Drivers/STM32G4xx_HAL_Driver/Src/stm32g4xx_hal_hrtim.o
                0x080075b8                HAL_HRTIM_Init
 .text.HAL_HRTIM_DLLCalibrationStart
                0x08007758       0xb0 ./Drivers/STM32G4xx_HAL_Driver/Src/stm32g4xx_hal_hrtim.o
                0x08007758                HAL_HRTIM_DLLCalibrationStart
 .text.HAL_HRTIM_PollForDLLCalibration
                0x08007808       0x68 ./Drivers/STM32G4xx_HAL_Driver/Src/stm32g4xx_hal_hrtim.o
                0x08007808                HAL_HRTIM_PollForDLLCalibration
 .text.HAL_HRTIM_TimeBaseConfig
                0x08007870       0x50 ./Drivers/STM32G4xx_HAL_Driver/Src/stm32g4xx_hal_hrtim.o
                0x08007870                HAL_HRTIM_TimeBaseConfig
 .text.HAL_HRTIM_SimpleBaseStart
                0x080078c0       0x60 ./Drivers/STM32G4xx_HAL_Driver/Src/stm32g4xx_hal_hrtim.o
                0x080078c0                HAL_HRTIM_SimpleBaseStart
 .text.HAL_HRTIM_EventConfig
                0x08007920       0x5e ./Drivers/STM32G4xx_HAL_Driver/Src/stm32g4xx_hal_hrtim.o
                0x08007920                HAL_HRTIM_EventConfig
 .text.HAL_HRTIM_EventPrescalerConfig
                0x0800797e       0x72 ./Drivers/STM32G4xx_HAL_Driver/Src/stm32g4xx_hal_hrtim.o
                0x0800797e                HAL_HRTIM_EventPrescalerConfig
 .text.HAL_HRTIM_FaultConfig
                0x080079f0      0x380 ./Drivers/STM32G4xx_HAL_Driver/Src/stm32g4xx_hal_hrtim.o
                0x080079f0                HAL_HRTIM_FaultConfig
 .text.HAL_HRTIM_FaultPrescalerConfig
                0x08007d70       0x72 ./Drivers/STM32G4xx_HAL_Driver/Src/stm32g4xx_hal_hrtim.o
                0x08007d70                HAL_HRTIM_FaultPrescalerConfig
 *fill*         0x08007de2        0x2 
 .text.HAL_HRTIM_FaultBlankingConfigAndEnable
                0x08007de4      0x1d8 ./Drivers/STM32G4xx_HAL_Driver/Src/stm32g4xx_hal_hrtim.o
                0x08007de4                HAL_HRTIM_FaultBlankingConfigAndEnable
 .text.HAL_HRTIM_FaultCounterConfig
                0x08007fbc      0x1f0 ./Drivers/STM32G4xx_HAL_Driver/Src/stm32g4xx_hal_hrtim.o
                0x08007fbc                HAL_HRTIM_FaultCounterConfig
 .text.HAL_HRTIM_FaultModeCtl
                0x080081ac      0x104 ./Drivers/STM32G4xx_HAL_Driver/Src/stm32g4xx_hal_hrtim.o
                0x080081ac                HAL_HRTIM_FaultModeCtl
 .text.HAL_HRTIM_WaveformTimerConfig
                0x080082b0      0x11a ./Drivers/STM32G4xx_HAL_Driver/Src/stm32g4xx_hal_hrtim.o
                0x080082b0                HAL_HRTIM_WaveformTimerConfig
 *fill*         0x080083ca        0x2 
 .text.HAL_HRTIM_WaveformCompareConfig
                0x080083cc      0x2dc ./Drivers/STM32G4xx_HAL_Driver/Src/stm32g4xx_hal_hrtim.o
                0x080083cc                HAL_HRTIM_WaveformCompareConfig
 .text.HRTIM_MasterBase_Config
                0x080086a8       0x5e ./Drivers/STM32G4xx_HAL_Driver/Src/stm32g4xx_hal_hrtim.o
 .text.HRTIM_TimingUnitBase_Config
                0x08008706       0x80 ./Drivers/STM32G4xx_HAL_Driver/Src/stm32g4xx_hal_hrtim.o
 .text.HRTIM_MasterWaveform_Config
                0x08008786      0x13a ./Drivers/STM32G4xx_HAL_Driver/Src/stm32g4xx_hal_hrtim.o
 .text.HRTIM_TimingUnitWaveform_Config
                0x080088c0      0x30c ./Drivers/STM32G4xx_HAL_Driver/Src/stm32g4xx_hal_hrtim.o
 .text.HRTIM_EventConfig
                0x08008bcc      0x450 ./Drivers/STM32G4xx_HAL_Driver/Src/stm32g4xx_hal_hrtim.o
 .text.HRTIM_ForceRegistersUpdate
                0x0800901c       0xdc ./Drivers/STM32G4xx_HAL_Driver/Src/stm32g4xx_hal_hrtim.o
 .text.HAL_PWREx_ControlVoltageScaling
                0x080090f8      0x148 ./Drivers/STM32G4xx_HAL_Driver/Src/stm32g4xx_hal_pwr_ex.o
                0x080090f8                HAL_PWREx_ControlVoltageScaling
 .text.HAL_PWREx_DisableUCPDDeadBattery
                0x08009240       0x20 ./Drivers/STM32G4xx_HAL_Driver/Src/stm32g4xx_hal_pwr_ex.o
                0x08009240                HAL_PWREx_DisableUCPDDeadBattery
 .text.HAL_RCC_OscConfig
                0x08009260      0x630 ./Drivers/STM32G4xx_HAL_Driver/Src/stm32g4xx_hal_rcc.o
                0x08009260                HAL_RCC_OscConfig
 .text.HAL_RCC_ClockConfig
                0x08009890      0x278 ./Drivers/STM32G4xx_HAL_Driver/Src/stm32g4xx_hal_rcc.o
                0x08009890                HAL_RCC_ClockConfig
 .text.HAL_RCC_GetSysClockFreq
                0x08009b08       0xc4 ./Drivers/STM32G4xx_HAL_Driver/Src/stm32g4xx_hal_rcc.o
                0x08009b08                HAL_RCC_GetSysClockFreq
 .text.HAL_RCC_GetHCLKFreq
                0x08009bcc       0x18 ./Drivers/STM32G4xx_HAL_Driver/Src/stm32g4xx_hal_rcc.o
                0x08009bcc                HAL_RCC_GetHCLKFreq
 .text.HAL_RCC_GetPCLK1Freq
                0x08009be4       0x2c ./Drivers/STM32G4xx_HAL_Driver/Src/stm32g4xx_hal_rcc.o
                0x08009be4                HAL_RCC_GetPCLK1Freq
 .text.HAL_RCC_GetPCLK2Freq
                0x08009c10       0x2c ./Drivers/STM32G4xx_HAL_Driver/Src/stm32g4xx_hal_rcc.o
                0x08009c10                HAL_RCC_GetPCLK2Freq
 .text.RCC_GetSysClockFreqFromPLLSource
                0x08009c3c       0x8c ./Drivers/STM32G4xx_HAL_Driver/Src/stm32g4xx_hal_rcc.o
 .text.HAL_RCCEx_PeriphCLKConfig
                0x08009cc8      0x49c ./Drivers/STM32G4xx_HAL_Driver/Src/stm32g4xx_hal_rcc_ex.o
                0x08009cc8                HAL_RCCEx_PeriphCLKConfig
 .text.HAL_TIM_Base_Init
                0x0800a164       0xae ./Drivers/STM32G4xx_HAL_Driver/Src/stm32g4xx_hal_tim.o
                0x0800a164                HAL_TIM_Base_Init
 *fill*         0x0800a212        0x2 
 .text.HAL_TIM_Base_Start
                0x0800a214       0xe0 ./Drivers/STM32G4xx_HAL_Driver/Src/stm32g4xx_hal_tim.o
                0x0800a214                HAL_TIM_Base_Start
 .text.HAL_TIM_Base_Start_IT
                0x0800a2f4       0xf0 ./Drivers/STM32G4xx_HAL_Driver/Src/stm32g4xx_hal_tim.o
                0x0800a2f4                HAL_TIM_Base_Start_IT
 .text.HAL_TIM_Base_Stop_IT
                0x0800a3e4       0x5e ./Drivers/STM32G4xx_HAL_Driver/Src/stm32g4xx_hal_tim.o
                0x0800a3e4                HAL_TIM_Base_Stop_IT
 .text.HAL_TIM_PWM_Init
                0x0800a442       0xae ./Drivers/STM32G4xx_HAL_Driver/Src/stm32g4xx_hal_tim.o
                0x0800a442                HAL_TIM_PWM_Init
 .text.HAL_TIM_PWM_MspInit
                0x0800a4f0       0x14 ./Drivers/STM32G4xx_HAL_Driver/Src/stm32g4xx_hal_tim.o
                0x0800a4f0                HAL_TIM_PWM_MspInit
 .text.HAL_TIM_PWM_Start
                0x0800a504      0x224 ./Drivers/STM32G4xx_HAL_Driver/Src/stm32g4xx_hal_tim.o
                0x0800a504                HAL_TIM_PWM_Start
 .text.HAL_TIM_IRQHandler
                0x0800a728      0x2fe ./Drivers/STM32G4xx_HAL_Driver/Src/stm32g4xx_hal_tim.o
                0x0800a728                HAL_TIM_IRQHandler
 *fill*         0x0800aa26        0x2 
 .text.HAL_TIM_PWM_ConfigChannel
                0x0800aa28      0x228 ./Drivers/STM32G4xx_HAL_Driver/Src/stm32g4xx_hal_tim.o
                0x0800aa28                HAL_TIM_PWM_ConfigChannel
 .text.HAL_TIM_GenerateEvent
                0x0800ac50       0x4e ./Drivers/STM32G4xx_HAL_Driver/Src/stm32g4xx_hal_tim.o
                0x0800ac50                HAL_TIM_GenerateEvent
 .text.HAL_TIM_SlaveConfigSynchro
                0x0800ac9e       0x84 ./Drivers/STM32G4xx_HAL_Driver/Src/stm32g4xx_hal_tim.o
                0x0800ac9e                HAL_TIM_SlaveConfigSynchro
 .text.HAL_TIM_OC_DelayElapsedCallback
                0x0800ad22       0x14 ./Drivers/STM32G4xx_HAL_Driver/Src/stm32g4xx_hal_tim.o
                0x0800ad22                HAL_TIM_OC_DelayElapsedCallback
 .text.HAL_TIM_IC_CaptureCallback
                0x0800ad36       0x14 ./Drivers/STM32G4xx_HAL_Driver/Src/stm32g4xx_hal_tim.o
                0x0800ad36                HAL_TIM_IC_CaptureCallback
 .text.HAL_TIM_PWM_PulseFinishedCallback
                0x0800ad4a       0x14 ./Drivers/STM32G4xx_HAL_Driver/Src/stm32g4xx_hal_tim.o
                0x0800ad4a                HAL_TIM_PWM_PulseFinishedCallback
 .text.HAL_TIM_TriggerCallback
                0x0800ad5e       0x14 ./Drivers/STM32G4xx_HAL_Driver/Src/stm32g4xx_hal_tim.o
                0x0800ad5e                HAL_TIM_TriggerCallback
 *fill*         0x0800ad72        0x2 
 .text.TIM_Base_SetConfig
                0x0800ad74      0x150 ./Drivers/STM32G4xx_HAL_Driver/Src/stm32g4xx_hal_tim.o
                0x0800ad74                TIM_Base_SetConfig
 .text.TIM_OC1_SetConfig
                0x0800aec4      0x134 ./Drivers/STM32G4xx_HAL_Driver/Src/stm32g4xx_hal_tim.o
 .text.TIM_OC2_SetConfig
                0x0800aff8      0x128 ./Drivers/STM32G4xx_HAL_Driver/Src/stm32g4xx_hal_tim.o
                0x0800aff8                TIM_OC2_SetConfig
 .text.TIM_OC3_SetConfig
                0x0800b120      0x124 ./Drivers/STM32G4xx_HAL_Driver/Src/stm32g4xx_hal_tim.o
 .text.TIM_OC4_SetConfig
                0x0800b244      0x128 ./Drivers/STM32G4xx_HAL_Driver/Src/stm32g4xx_hal_tim.o
 .text.TIM_OC5_SetConfig
                0x0800b36c       0xd4 ./Drivers/STM32G4xx_HAL_Driver/Src/stm32g4xx_hal_tim.o
 .text.TIM_OC6_SetConfig
                0x0800b440       0xd8 ./Drivers/STM32G4xx_HAL_Driver/Src/stm32g4xx_hal_tim.o
 .text.TIM_SlaveTimer_SetConfig
                0x0800b518      0x1c0 ./Drivers/STM32G4xx_HAL_Driver/Src/stm32g4xx_hal_tim.o
 .text.TIM_TI1_ConfigInputStage
                0x0800b6d8       0x5e ./Drivers/STM32G4xx_HAL_Driver/Src/stm32g4xx_hal_tim.o
 .text.TIM_TI2_ConfigInputStage
                0x0800b736       0x60 ./Drivers/STM32G4xx_HAL_Driver/Src/stm32g4xx_hal_tim.o
 .text.TIM_ETR_SetConfig
                0x0800b796       0x40 ./Drivers/STM32G4xx_HAL_Driver/Src/stm32g4xx_hal_tim.o
                0x0800b796                TIM_ETR_SetConfig
 .text.TIM_CCxChannelCmd
                0x0800b7d6       0x4a ./Drivers/STM32G4xx_HAL_Driver/Src/stm32g4xx_hal_tim.o
                0x0800b7d6                TIM_CCxChannelCmd
 .text.HAL_TIMEx_PWMN_Start
                0x0800b820      0x184 ./Drivers/STM32G4xx_HAL_Driver/Src/stm32g4xx_hal_tim_ex.o
                0x0800b820                HAL_TIMEx_PWMN_Start
 .text.HAL_TIMEx_MasterConfigSynchronization
                0x0800b9a4      0x12c ./Drivers/STM32G4xx_HAL_Driver/Src/stm32g4xx_hal_tim_ex.o
                0x0800b9a4                HAL_TIMEx_MasterConfigSynchronization
 .text.HAL_TIMEx_ConfigBreakDeadTime
                0x0800bad0      0x164 ./Drivers/STM32G4xx_HAL_Driver/Src/stm32g4xx_hal_tim_ex.o
                0x0800bad0                HAL_TIMEx_ConfigBreakDeadTime
 .text.HAL_TIMEx_ConfigBreakInput
                0x0800bc34      0x244 ./Drivers/STM32G4xx_HAL_Driver/Src/stm32g4xx_hal_tim_ex.o
                0x0800bc34                HAL_TIMEx_ConfigBreakInput
 .text.HAL_TIMEx_CommutCallback
                0x0800be78       0x14 ./Drivers/STM32G4xx_HAL_Driver/Src/stm32g4xx_hal_tim_ex.o
                0x0800be78                HAL_TIMEx_CommutCallback
 .text.HAL_TIMEx_BreakCallback
                0x0800be8c       0x14 ./Drivers/STM32G4xx_HAL_Driver/Src/stm32g4xx_hal_tim_ex.o
                0x0800be8c                HAL_TIMEx_BreakCallback
 .text.HAL_TIMEx_Break2Callback
                0x0800bea0       0x14 ./Drivers/STM32G4xx_HAL_Driver/Src/stm32g4xx_hal_tim_ex.o
                0x0800bea0                HAL_TIMEx_Break2Callback
 .text.HAL_TIMEx_EncoderIndexCallback
                0x0800beb4       0x14 ./Drivers/STM32G4xx_HAL_Driver/Src/stm32g4xx_hal_tim_ex.o
                0x0800beb4                HAL_TIMEx_EncoderIndexCallback
 .text.HAL_TIMEx_DirectionChangeCallback
                0x0800bec8       0x14 ./Drivers/STM32G4xx_HAL_Driver/Src/stm32g4xx_hal_tim_ex.o
                0x0800bec8                HAL_TIMEx_DirectionChangeCallback
 .text.HAL_TIMEx_IndexErrorCallback
                0x0800bedc       0x14 ./Drivers/STM32G4xx_HAL_Driver/Src/stm32g4xx_hal_tim_ex.o
                0x0800bedc                HAL_TIMEx_IndexErrorCallback
 .text.HAL_TIMEx_TransitionErrorCallback
                0x0800bef0       0x14 ./Drivers/STM32G4xx_HAL_Driver/Src/stm32g4xx_hal_tim_ex.o
                0x0800bef0                HAL_TIMEx_TransitionErrorCallback
 .text.TIM_CCxNChannelCmd
                0x0800bf04       0x4a ./Drivers/STM32G4xx_HAL_Driver/Src/stm32g4xx_hal_tim_ex.o
 .text.HAL_UART_Init
                0x0800bf4e       0xa0 ./Drivers/STM32G4xx_HAL_Driver/Src/stm32g4xx_hal_uart.o
                0x0800bf4e                HAL_UART_Init
 *fill*         0x0800bfee        0x2 
 .text.HAL_UART_Transmit_DMA
                0x0800bff0      0x124 ./Drivers/STM32G4xx_HAL_Driver/Src/stm32g4xx_hal_uart.o
                0x0800bff0                HAL_UART_Transmit_DMA
 .text.HAL_UART_IRQHandler
                0x0800c114      0x630 ./Drivers/STM32G4xx_HAL_Driver/Src/stm32g4xx_hal_uart.o
                0x0800c114                HAL_UART_IRQHandler
 .text.HAL_UART_TxHalfCpltCallback
                0x0800c744       0x14 ./Drivers/STM32G4xx_HAL_Driver/Src/stm32g4xx_hal_uart.o
                0x0800c744                HAL_UART_TxHalfCpltCallback
 .text.HAL_UART_ErrorCallback
                0x0800c758       0x14 ./Drivers/STM32G4xx_HAL_Driver/Src/stm32g4xx_hal_uart.o
                0x0800c758                HAL_UART_ErrorCallback
 .text.HAL_UARTEx_RxEventCallback
                0x0800c76c       0x18 ./Drivers/STM32G4xx_HAL_Driver/Src/stm32g4xx_hal_uart.o
                0x0800c76c                HAL_UARTEx_RxEventCallback
 .text.UART_SetConfig
                0x0800c784      0x5f8 ./Drivers/STM32G4xx_HAL_Driver/Src/stm32g4xx_hal_uart.o
                0x0800c784                UART_SetConfig
 .text.UART_AdvFeatureConfig
                0x0800cd7c      0x144 ./Drivers/STM32G4xx_HAL_Driver/Src/stm32g4xx_hal_uart.o
                0x0800cd7c                UART_AdvFeatureConfig
 .text.UART_CheckIdleState
                0x0800cec0       0x96 ./Drivers/STM32G4xx_HAL_Driver/Src/stm32g4xx_hal_uart.o
                0x0800cec0                UART_CheckIdleState
 .text.UART_WaitOnFlagUntilTimeout
                0x0800cf56      0x190 ./Drivers/STM32G4xx_HAL_Driver/Src/stm32g4xx_hal_uart.o
                0x0800cf56                UART_WaitOnFlagUntilTimeout
 .text.UART_EndTxTransfer
                0x0800d0e6       0x82 ./Drivers/STM32G4xx_HAL_Driver/Src/stm32g4xx_hal_uart.o
 .text.UART_EndRxTransfer
                0x0800d168       0xcc ./Drivers/STM32G4xx_HAL_Driver/Src/stm32g4xx_hal_uart.o
 .text.UART_DMATransmitCplt
                0x0800d234       0x9a ./Drivers/STM32G4xx_HAL_Driver/Src/stm32g4xx_hal_uart.o
 .text.UART_DMATxHalfCplt
                0x0800d2ce       0x1c ./Drivers/STM32G4xx_HAL_Driver/Src/stm32g4xx_hal_uart.o
 .text.UART_DMAError
                0x0800d2ea       0x80 ./Drivers/STM32G4xx_HAL_Driver/Src/stm32g4xx_hal_uart.o
 .text.UART_DMAAbortOnError
                0x0800d36a       0x2c ./Drivers/STM32G4xx_HAL_Driver/Src/stm32g4xx_hal_uart.o
 .text.UART_EndTransmit_IT
                0x0800d396       0x56 ./Drivers/STM32G4xx_HAL_Driver/Src/stm32g4xx_hal_uart.o
 .text.HAL_RS485Ex_Init
                0x0800d3ec       0xd2 ./Drivers/STM32G4xx_HAL_Driver/Src/stm32g4xx_hal_uart_ex.o
                0x0800d3ec                HAL_RS485Ex_Init
 .text.HAL_UARTEx_WakeupCallback
                0x0800d4be       0x14 ./Drivers/STM32G4xx_HAL_Driver/Src/stm32g4xx_hal_uart_ex.o
                0x0800d4be                HAL_UARTEx_WakeupCallback
 .text.HAL_UARTEx_RxFifoFullCallback
                0x0800d4d2       0x14 ./Drivers/STM32G4xx_HAL_Driver/Src/stm32g4xx_hal_uart_ex.o
                0x0800d4d2                HAL_UARTEx_RxFifoFullCallback
 .text.HAL_UARTEx_TxFifoEmptyCallback
                0x0800d4e6       0x14 ./Drivers/STM32G4xx_HAL_Driver/Src/stm32g4xx_hal_uart_ex.o
                0x0800d4e6                HAL_UARTEx_TxFifoEmptyCallback
 .text.HAL_UARTEx_EnableFifoMode
                0x0800d4fa       0x76 ./Drivers/STM32G4xx_HAL_Driver/Src/stm32g4xx_hal_uart_ex.o
                0x0800d4fa                HAL_UARTEx_EnableFifoMode
 .text.HAL_UARTEx_DisableFifoMode
                0x0800d570       0x72 ./Drivers/STM32G4xx_HAL_Driver/Src/stm32g4xx_hal_uart_ex.o
                0x0800d570                HAL_UARTEx_DisableFifoMode
 .text.HAL_UARTEx_SetTxFifoThreshold
                0x0800d5e2       0x7c ./Drivers/STM32G4xx_HAL_Driver/Src/stm32g4xx_hal_uart_ex.o
                0x0800d5e2                HAL_UARTEx_SetTxFifoThreshold
 .text.HAL_UARTEx_SetRxFifoThreshold
                0x0800d65e       0x7c ./Drivers/STM32G4xx_HAL_Driver/Src/stm32g4xx_hal_uart_ex.o
                0x0800d65e                HAL_UARTEx_SetRxFifoThreshold
 *fill*         0x0800d6da        0x2 
 .text.UARTEx_SetNbDataToProcess
                0x0800d6dc       0x9c ./Drivers/STM32G4xx_HAL_Driver/Src/stm32g4xx_hal_uart_ex.o
 .text.eMBFuncWriteHoldingRegister
                0x0800d778       0x6a ./Drivers/modbus/functions/mbfuncholding.o
                0x0800d778                eMBFuncWriteHoldingRegister
 .text.eMBFuncWriteMultipleHoldingRegister
                0x0800d7e2       0xb2 ./Drivers/modbus/functions/mbfuncholding.o
                0x0800d7e2                eMBFuncWriteMultipleHoldingRegister
 .text.eMBFuncReadHoldingRegister
                0x0800d894       0xde ./Drivers/modbus/functions/mbfuncholding.o
                0x0800d894                eMBFuncReadHoldingRegister
 .text.eMBFuncReadWriteMultipleHoldingRegister
                0x0800d972      0x154 ./Drivers/modbus/functions/mbfuncholding.o
                0x0800d972                eMBFuncReadWriteMultipleHoldingRegister
 .text.eMBFuncReadInputRegister
                0x0800dac6       0xe0 ./Drivers/modbus/functions/mbfuncinput.o
                0x0800dac6                eMBFuncReadInputRegister
 *fill*         0x0800dba6        0x2 
 .text.eMBFuncReportSlaveID
                0x0800dba8       0x38 ./Drivers/modbus/functions/mbfuncother.o
                0x0800dba8                eMBFuncReportSlaveID
 .text.prveMBError2Exception
                0x0800dbe0       0x44 ./Drivers/modbus/functions/mbutils.o
                0x0800dbe0                prveMBError2Exception
 .text.eMBInit  0x0800dc24       0x58 ./Drivers/modbus/mb.o
                0x0800dc24                eMBInit
 .text.eMBEnable
                0x0800dc7c       0x34 ./Drivers/modbus/mb.o
                0x0800dc7c                eMBEnable
 .text.eMBPoll  0x0800dcb0      0x180 ./Drivers/modbus/mb.o
                0x0800dcb0                eMBPoll
 .text.xMBPortEventInit
                0x0800de30       0x1c ./Drivers/modbus/port/portevent.o
                0x0800de30                xMBPortEventInit
 .text.xMBPortEventPost
                0x0800de4c       0x2c ./Drivers/modbus/port/portevent.o
                0x0800de4c                xMBPortEventPost
 .text.xMBPortEventGet
                0x0800de78       0x3c ./Drivers/modbus/port/portevent.o
                0x0800de78                xMBPortEventGet
 .text.vMBPortSerialEnable
                0x0800deb4       0x70 ./Drivers/modbus/port/portserial.o
                0x0800deb4                vMBPortSerialEnable
 .text.xMBPortSerialGetByte
                0x0800df24       0x48 ./Drivers/modbus/port/portserial.o
                0x0800df24                xMBPortSerialGetByte
 .text.vMBPortTimersEnable
                0x0800df6c       0x1c ./Drivers/modbus/port/porttimer.o
                0x0800df6c                vMBPortTimersEnable
 .text.vMBPortTimersDisable
                0x0800df88       0x1c ./Drivers/modbus/port/porttimer.o
                0x0800df88                vMBPortTimersDisable
 .text.usMBCRC16
                0x0800dfa4       0x6c ./Drivers/modbus/rtu/mbcrc.o
                0x0800dfa4                usMBCRC16
 .text.eMBRTUReceive
                0x0800e010       0x94 ./Drivers/modbus/rtu/mbrtu.o
                0x0800e010                eMBRTUReceive
 .text.eMBRTUSend
                0x0800e0a4       0xf4 ./Drivers/modbus/rtu/mbrtu.o
                0x0800e0a4                eMBRTUSend
 .text.xMBRTUReceiveFSM
                0x0800e198       0xd4 ./Drivers/modbus/rtu/mbrtu.o
                0x0800e198                xMBRTUReceiveFSM
 .text.xMBRTUTransmitFSM
                0x0800e26c       0x4c ./Drivers/modbus/rtu/mbrtu.o
                0x0800e26c                xMBRTUTransmitFSM
 .text.xMBRTUTimerT35Expired
                0x0800e2b8       0x88 ./Drivers/modbus/rtu/mbrtu.o
                0x0800e2b8                xMBRTUTimerT35Expired
 .text.arm_cfft_radix8by2_f32
                0x0800e340      0x1a0 E:\stm32_repositary\STM32Cube_FW_G4_V1.5.0\Drivers\CMSIS\DSP\Lib\GCC\libarm_cortexM4lf_math.a(arm_cfft_f32.o)
                0x0800e340                arm_cfft_radix8by2_f32
 .text.arm_cfft_radix8by4_f32
                0x0800e4e0      0x4ac E:\stm32_repositary\STM32Cube_FW_G4_V1.5.0\Drivers\CMSIS\DSP\Lib\GCC\libarm_cortexM4lf_math.a(arm_cfft_f32.o)
                0x0800e4e0                arm_cfft_radix8by4_f32
 .text.arm_cfft_f32
                0x0800e98c       0xf0 E:\stm32_repositary\STM32Cube_FW_G4_V1.5.0\Drivers\CMSIS\DSP\Lib\GCC\libarm_cortexM4lf_math.a(arm_cfft_f32.o)
                0x0800e98c                arm_cfft_f32
 .text.arm_bitreversal_32
                0x0800ea7c       0x40 E:\stm32_repositary\STM32Cube_FW_G4_V1.5.0\Drivers\CMSIS\DSP\Lib\GCC\libarm_cortexM4lf_math.a(arm_bitreversal2.o)
                0x0800ea7c                arm_bitreversal_32
 .text.arm_cmplx_mag_f32
                0x0800eabc      0x248 E:\stm32_repositary\STM32Cube_FW_G4_V1.5.0\Drivers\CMSIS\DSP\Lib\GCC\libarm_cortexM4lf_math.a(arm_cmplx_mag_f32.o)
                0x0800eabc                arm_cmplx_mag_f32
 .text.arm_cos_f32
                0x0800ed04       0x94 E:\stm32_repositary\STM32Cube_FW_G4_V1.5.0\Drivers\CMSIS\DSP\Lib\GCC\libarm_cortexM4lf_math.a(arm_cos_f32.o)
                0x0800ed04                arm_cos_f32
 .text.arm_radix8_butterfly_f32
                0x0800ed98      0x580 E:\stm32_repositary\STM32Cube_FW_G4_V1.5.0\Drivers\CMSIS\DSP\Lib\GCC\libarm_cortexM4lf_math.a(arm_cfft_radix8_f32.o)
                0x0800ed98                arm_radix8_butterfly_f32
 .text.__assert_func
                0x0800f318       0x3c c:/st/stm32cubeide_1.8.0/stm32cubeide/plugins/com.st.stm32cube.ide.mcu.externaltools.gnu-arm-embedded.10.3-2021.10.win32_1.0.0.202111181915/tools/bin/../lib/gcc/arm-none-eabi/10.3.1/../../../../arm-none-eabi/lib/thumb/v7e-m+fp/hard\libc_nano.a(lib_a-assert.o)
                0x0800f318                __assert_func
 .text.__errno  0x0800f354        0xc c:/st/stm32cubeide_1.8.0/stm32cubeide/plugins/com.st.stm32cube.ide.mcu.externaltools.gnu-arm-embedded.10.3-2021.10.win32_1.0.0.202111181915/tools/bin/../lib/gcc/arm-none-eabi/10.3.1/../../../../arm-none-eabi/lib/thumb/v7e-m+fp/hard\libc_nano.a(lib_a-errno.o)
                0x0800f354                __errno
 .text.fprintf  0x0800f360       0x24 c:/st/stm32cubeide_1.8.0/stm32cubeide/plugins/com.st.stm32cube.ide.mcu.externaltools.gnu-arm-embedded.10.3-2021.10.win32_1.0.0.202111181915/tools/bin/../lib/gcc/arm-none-eabi/10.3.1/../../../../arm-none-eabi/lib/thumb/v7e-m+fp/hard\libc_nano.a(lib_a-fprintf.o)
                0x0800f360                fiprintf
                0x0800f360                fprintf
 .text.__libc_init_array
                0x0800f384       0x48 c:/st/stm32cubeide_1.8.0/stm32cubeide/plugins/com.st.stm32cube.ide.mcu.externaltools.gnu-arm-embedded.10.3-2021.10.win32_1.0.0.202111181915/tools/bin/../lib/gcc/arm-none-eabi/10.3.1/../../../../arm-none-eabi/lib/thumb/v7e-m+fp/hard\libc_nano.a(lib_a-init.o)
                0x0800f384                __libc_init_array
 .text.memcpy   0x0800f3cc       0x1c c:/st/stm32cubeide_1.8.0/stm32cubeide/plugins/com.st.stm32cube.ide.mcu.externaltools.gnu-arm-embedded.10.3-2021.10.win32_1.0.0.202111181915/tools/bin/../lib/gcc/arm-none-eabi/10.3.1/../../../../arm-none-eabi/lib/thumb/v7e-m+fp/hard\libc_nano.a(lib_a-memcpy-stub.o)
                0x0800f3cc                memcpy
 .text.memset   0x0800f3e8       0x10 c:/st/stm32cubeide_1.8.0/stm32cubeide/plugins/com.st.stm32cube.ide.mcu.externaltools.gnu-arm-embedded.10.3-2021.10.win32_1.0.0.202111181915/tools/bin/../lib/gcc/arm-none-eabi/10.3.1/../../../../arm-none-eabi/lib/thumb/v7e-m+fp/hard\libc_nano.a(lib_a-memset.o)
                0x0800f3e8                memset
 .text.__sfputc_r
                0x0800f3f8       0x2e c:/st/stm32cubeide_1.8.0/stm32cubeide/plugins/com.st.stm32cube.ide.mcu.externaltools.gnu-arm-embedded.10.3-2021.10.win32_1.0.0.202111181915/tools/bin/../lib/gcc/arm-none-eabi/10.3.1/../../../../arm-none-eabi/lib/thumb/v7e-m+fp/hard\libc_nano.a(lib_a-nano-vfprintf.o)
 .text.__sfputs_r
                0x0800f426       0x24 c:/st/stm32cubeide_1.8.0/stm32cubeide/plugins/com.st.stm32cube.ide.mcu.externaltools.gnu-arm-embedded.10.3-2021.10.win32_1.0.0.202111181915/tools/bin/../lib/gcc/arm-none-eabi/10.3.1/../../../../arm-none-eabi/lib/thumb/v7e-m+fp/hard\libc_nano.a(lib_a-nano-vfprintf.o)
                0x0800f426                __sfputs_r
 *fill*         0x0800f44a        0x2 
 .text._vfprintf_r
                0x0800f44c      0x260 c:/st/stm32cubeide_1.8.0/stm32cubeide/plugins/com.st.stm32cube.ide.mcu.externaltools.gnu-arm-embedded.10.3-2021.10.win32_1.0.0.202111181915/tools/bin/../lib/gcc/arm-none-eabi/10.3.1/../../../../arm-none-eabi/lib/thumb/v7e-m+fp/hard\libc_nano.a(lib_a-nano-vfprintf.o)
                0x0800f44c                _vfprintf_r
                0x0800f44c                _vfiprintf_r
 .text.__cvt    0x0800f6ac       0xc4 c:/st/stm32cubeide_1.8.0/stm32cubeide/plugins/com.st.stm32cube.ide.mcu.externaltools.gnu-arm-embedded.10.3-2021.10.win32_1.0.0.202111181915/tools/bin/../lib/gcc/arm-none-eabi/10.3.1/../../../../arm-none-eabi/lib/thumb/v7e-m+fp/hard\libc_nano.a(lib_a-nano-vfprintf_float.o)
                0x0800f6ac                __cvt
 .text.__exponent
                0x0800f770       0x7c c:/st/stm32cubeide_1.8.0/stm32cubeide/plugins/com.st.stm32cube.ide.mcu.externaltools.gnu-arm-embedded.10.3-2021.10.win32_1.0.0.202111181915/tools/bin/../lib/gcc/arm-none-eabi/10.3.1/../../../../arm-none-eabi/lib/thumb/v7e-m+fp/hard\libc_nano.a(lib_a-nano-vfprintf_float.o)
                0x0800f770                __exponent
 .text._printf_float
                0x0800f7ec      0x46c c:/st/stm32cubeide_1.8.0/stm32cubeide/plugins/com.st.stm32cube.ide.mcu.externaltools.gnu-arm-embedded.10.3-2021.10.win32_1.0.0.202111181915/tools/bin/../lib/gcc/arm-none-eabi/10.3.1/../../../../arm-none-eabi/lib/thumb/v7e-m+fp/hard\libc_nano.a(lib_a-nano-vfprintf_float.o)
                0x0800f7ec                _printf_float
 .text._printf_common
                0x0800fc58       0xda c:/st/stm32cubeide_1.8.0/stm32cubeide/plugins/com.st.stm32cube.ide.mcu.externaltools.gnu-arm-embedded.10.3-2021.10.win32_1.0.0.202111181915/tools/bin/../lib/gcc/arm-none-eabi/10.3.1/../../../../arm-none-eabi/lib/thumb/v7e-m+fp/hard\libc_nano.a(lib_a-nano-vfprintf_i.o)
                0x0800fc58                _printf_common
 *fill*         0x0800fd32        0x2 
 .text._printf_i
                0x0800fd34      0x24c c:/st/stm32cubeide_1.8.0/stm32cubeide/plugins/com.st.stm32cube.ide.mcu.externaltools.gnu-arm-embedded.10.3-2021.10.win32_1.0.0.202111181915/tools/bin/../lib/gcc/arm-none-eabi/10.3.1/../../../../arm-none-eabi/lib/thumb/v7e-m+fp/hard\libc_nano.a(lib_a-nano-vfprintf_i.o)
                0x0800fd34                _printf_i
 .text._scanf_float
                0x0800ff80      0x420 c:/st/stm32cubeide_1.8.0/stm32cubeide/plugins/com.st.stm32cube.ide.mcu.externaltools.gnu-arm-embedded.10.3-2021.10.win32_1.0.0.202111181915/tools/bin/../lib/gcc/arm-none-eabi/10.3.1/../../../../arm-none-eabi/lib/thumb/v7e-m+fp/hard\libc_nano.a(lib_a-nano-vfscanf_float.o)
                0x0800ff80                _scanf_float
 .text._puts_r  0x080103a0       0xdc c:/st/stm32cubeide_1.8.0/stm32cubeide/plugins/com.st.stm32cube.ide.mcu.externaltools.gnu-arm-embedded.10.3-2021.10.win32_1.0.0.202111181915/tools/bin/../lib/gcc/arm-none-eabi/10.3.1/../../../../arm-none-eabi/lib/thumb/v7e-m+fp/hard\libc_nano.a(lib_a-puts.o)
                0x080103a0                _puts_r
 .text.puts     0x0801047c       0x10 c:/st/stm32cubeide_1.8.0/stm32cubeide/plugins/com.st.stm32cube.ide.mcu.externaltools.gnu-arm-embedded.10.3-2021.10.win32_1.0.0.202111181915/tools/bin/../lib/gcc/arm-none-eabi/10.3.1/../../../../arm-none-eabi/lib/thumb/v7e-m+fp/hard\libc_nano.a(lib_a-puts.o)
                0x0801047c                puts
 .text.nanf     0x0801048c        0xc c:/st/stm32cubeide_1.8.0/stm32cubeide/plugins/com.st.stm32cube.ide.mcu.externaltools.gnu-arm-embedded.10.3-2021.10.win32_1.0.0.202111181915/tools/bin/../lib/gcc/arm-none-eabi/10.3.1/../../../../arm-none-eabi/lib/thumb/v7e-m+fp/hard\libc_nano.a(lib_a-sf_nan.o)
                0x0801048c                nanf
 .text.sprintf  0x08010498       0x40 c:/st/stm32cubeide_1.8.0/stm32cubeide/plugins/com.st.stm32cube.ide.mcu.externaltools.gnu-arm-embedded.10.3-2021.10.win32_1.0.0.202111181915/tools/bin/../lib/gcc/arm-none-eabi/10.3.1/../../../../arm-none-eabi/lib/thumb/v7e-m+fp/hard\libc_nano.a(lib_a-sprintf.o)
                0x08010498                siprintf
                0x08010498                sprintf
 .text.sulp     0x080104d8       0x38 c:/st/stm32cubeide_1.8.0/stm32cubeide/plugins/com.st.stm32cube.ide.mcu.externaltools.gnu-arm-embedded.10.3-2021.10.win32_1.0.0.202111181915/tools/bin/../lib/gcc/arm-none-eabi/10.3.1/../../../../arm-none-eabi/lib/thumb/v7e-m+fp/hard\libc_nano.a(lib_a-strtod.o)
 .text._strtod_l
                0x08010510      0xc0c c:/st/stm32cubeide_1.8.0/stm32cubeide/plugins/com.st.stm32cube.ide.mcu.externaltools.gnu-arm-embedded.10.3-2021.10.win32_1.0.0.202111181915/tools/bin/../lib/gcc/arm-none-eabi/10.3.1/../../../../arm-none-eabi/lib/thumb/v7e-m+fp/hard\libc_nano.a(lib_a-strtod.o)
                0x08010510                _strtod_l
 .text._strtod_r
                0x0801111c        0xc c:/st/stm32cubeide_1.8.0/stm32cubeide/plugins/com.st.stm32cube.ide.mcu.externaltools.gnu-arm-embedded.10.3-2021.10.win32_1.0.0.202111181915/tools/bin/../lib/gcc/arm-none-eabi/10.3.1/../../../../arm-none-eabi/lib/thumb/v7e-m+fp/hard\libc_nano.a(lib_a-strtod.o)
                0x0801111c                _strtod_r
 .text._strtol_l.constprop.0
                0x08011128      0x104 c:/st/stm32cubeide_1.8.0/stm32cubeide/plugins/com.st.stm32cube.ide.mcu.externaltools.gnu-arm-embedded.10.3-2021.10.win32_1.0.0.202111181915/tools/bin/../lib/gcc/arm-none-eabi/10.3.1/../../../../arm-none-eabi/lib/thumb/v7e-m+fp/hard\libc_nano.a(lib_a-strtol.o)
 .text._strtol_r
                0x0801122c        0x4 c:/st/stm32cubeide_1.8.0/stm32cubeide/plugins/com.st.stm32cube.ide.mcu.externaltools.gnu-arm-embedded.10.3-2021.10.win32_1.0.0.202111181915/tools/bin/../lib/gcc/arm-none-eabi/10.3.1/../../../../arm-none-eabi/lib/thumb/v7e-m+fp/hard\libc_nano.a(lib_a-strtol.o)
                0x0801122c                _strtol_r
 .text.__swbuf_r
                0x08011230       0xa4 c:/st/stm32cubeide_1.8.0/stm32cubeide/plugins/com.st.stm32cube.ide.mcu.externaltools.gnu-arm-embedded.10.3-2021.10.win32_1.0.0.202111181915/tools/bin/../lib/gcc/arm-none-eabi/10.3.1/../../../../arm-none-eabi/lib/thumb/v7e-m+fp/hard\libc_nano.a(lib_a-wbuf.o)
                0x08011230                __swbuf_r
 .text.__swsetup_r
                0x080112d4       0xdc c:/st/stm32cubeide_1.8.0/stm32cubeide/plugins/com.st.stm32cube.ide.mcu.externaltools.gnu-arm-embedded.10.3-2021.10.win32_1.0.0.202111181915/tools/bin/../lib/gcc/arm-none-eabi/10.3.1/../../../../arm-none-eabi/lib/thumb/v7e-m+fp/hard\libc_nano.a(lib_a-wsetup.o)
                0x080112d4                __swsetup_r
 .text.abort    0x080113b0        0xe c:/st/stm32cubeide_1.8.0/stm32cubeide/plugins/com.st.stm32cube.ide.mcu.externaltools.gnu-arm-embedded.10.3-2021.10.win32_1.0.0.202111181915/tools/bin/../lib/gcc/arm-none-eabi/10.3.1/../../../../arm-none-eabi/lib/thumb/v7e-m+fp/hard\libc_nano.a(lib_a-abort.o)
                0x080113b0                abort
 .text.quorem   0x080113be      0x116 c:/st/stm32cubeide_1.8.0/stm32cubeide/plugins/com.st.stm32cube.ide.mcu.externaltools.gnu-arm-embedded.10.3-2021.10.win32_1.0.0.202111181915/tools/bin/../lib/gcc/arm-none-eabi/10.3.1/../../../../arm-none-eabi/lib/thumb/v7e-m+fp/hard\libc_nano.a(lib_a-dtoa.o)
 *fill*         0x080114d4        0x4 
 .text._dtoa_r  0x080114d8      0xbdc c:/st/stm32cubeide_1.8.0/stm32cubeide/plugins/com.st.stm32cube.ide.mcu.externaltools.gnu-arm-embedded.10.3-2021.10.win32_1.0.0.202111181915/tools/bin/../lib/gcc/arm-none-eabi/10.3.1/../../../../arm-none-eabi/lib/thumb/v7e-m+fp/hard\libc_nano.a(lib_a-dtoa.o)
                0x080114d8                _dtoa_r
 .text.__sflush_r
                0x080120b4      0x10c c:/st/stm32cubeide_1.8.0/stm32cubeide/plugins/com.st.stm32cube.ide.mcu.externaltools.gnu-arm-embedded.10.3-2021.10.win32_1.0.0.202111181915/tools/bin/../lib/gcc/arm-none-eabi/10.3.1/../../../../arm-none-eabi/lib/thumb/v7e-m+fp/hard\libc_nano.a(lib_a-fflush.o)
                0x080120b4                __sflush_r
 .text._fflush_r
                0x080121c0       0x78 c:/st/stm32cubeide_1.8.0/stm32cubeide/plugins/com.st.stm32cube.ide.mcu.externaltools.gnu-arm-embedded.10.3-2021.10.win32_1.0.0.202111181915/tools/bin/../lib/gcc/arm-none-eabi/10.3.1/../../../../arm-none-eabi/lib/thumb/v7e-m+fp/hard\libc_nano.a(lib_a-fflush.o)
                0x080121c0                _fflush_r
 .text.std      0x08012238       0x48 c:/st/stm32cubeide_1.8.0/stm32cubeide/plugins/com.st.stm32cube.ide.mcu.externaltools.gnu-arm-embedded.10.3-2021.10.win32_1.0.0.202111181915/tools/bin/../lib/gcc/arm-none-eabi/10.3.1/../../../../arm-none-eabi/lib/thumb/v7e-m+fp/hard\libc_nano.a(lib_a-findfp.o)
 .text._cleanup_r
                0x08012280        0xc c:/st/stm32cubeide_1.8.0/stm32cubeide/plugins/com.st.stm32cube.ide.mcu.externaltools.gnu-arm-embedded.10.3-2021.10.win32_1.0.0.202111181915/tools/bin/../lib/gcc/arm-none-eabi/10.3.1/../../../../arm-none-eabi/lib/thumb/v7e-m+fp/hard\libc_nano.a(lib_a-findfp.o)
                0x08012280                _cleanup_r
 .text.__sfmoreglue
                0x0801228c       0x2c c:/st/stm32cubeide_1.8.0/stm32cubeide/plugins/com.st.stm32cube.ide.mcu.externaltools.gnu-arm-embedded.10.3-2021.10.win32_1.0.0.202111181915/tools/bin/../lib/gcc/arm-none-eabi/10.3.1/../../../../arm-none-eabi/lib/thumb/v7e-m+fp/hard\libc_nano.a(lib_a-findfp.o)
                0x0801228c                __sfmoreglue
 .text.__sfp_lock_acquire
                0x080122b8        0xc c:/st/stm32cubeide_1.8.0/stm32cubeide/plugins/com.st.stm32cube.ide.mcu.externaltools.gnu-arm-embedded.10.3-2021.10.win32_1.0.0.202111181915/tools/bin/../lib/gcc/arm-none-eabi/10.3.1/../../../../arm-none-eabi/lib/thumb/v7e-m+fp/hard\libc_nano.a(lib_a-findfp.o)
                0x080122b8                __sfp_lock_acquire
 .text.__sfp_lock_release
                0x080122c4        0xc c:/st/stm32cubeide_1.8.0/stm32cubeide/plugins/com.st.stm32cube.ide.mcu.externaltools.gnu-arm-embedded.10.3-2021.10.win32_1.0.0.202111181915/tools/bin/../lib/gcc/arm-none-eabi/10.3.1/../../../../arm-none-eabi/lib/thumb/v7e-m+fp/hard\libc_nano.a(lib_a-findfp.o)
                0x080122c4                __sfp_lock_release
 .text.__sinit_lock_acquire
                0x080122d0        0xc c:/st/stm32cubeide_1.8.0/stm32cubeide/plugins/com.st.stm32cube.ide.mcu.externaltools.gnu-arm-embedded.10.3-2021.10.win32_1.0.0.202111181915/tools/bin/../lib/gcc/arm-none-eabi/10.3.1/../../../../arm-none-eabi/lib/thumb/v7e-m+fp/hard\libc_nano.a(lib_a-findfp.o)
                0x080122d0                __sinit_lock_acquire
 .text.__sinit_lock_release
                0x080122dc        0xc c:/st/stm32cubeide_1.8.0/stm32cubeide/plugins/com.st.stm32cube.ide.mcu.externaltools.gnu-arm-embedded.10.3-2021.10.win32_1.0.0.202111181915/tools/bin/../lib/gcc/arm-none-eabi/10.3.1/../../../../arm-none-eabi/lib/thumb/v7e-m+fp/hard\libc_nano.a(lib_a-findfp.o)
                0x080122dc                __sinit_lock_release
 .text.__sinit  0x080122e8       0x70 c:/st/stm32cubeide_1.8.0/stm32cubeide/plugins/com.st.stm32cube.ide.mcu.externaltools.gnu-arm-embedded.10.3-2021.10.win32_1.0.0.202111181915/tools/bin/../lib/gcc/arm-none-eabi/10.3.1/../../../../arm-none-eabi/lib/thumb/v7e-m+fp/hard\libc_nano.a(lib_a-findfp.o)
                0x080122e8                __sinit
 .text.__sfp    0x08012358       0x8c c:/st/stm32cubeide_1.8.0/stm32cubeide/plugins/com.st.stm32cube.ide.mcu.externaltools.gnu-arm-embedded.10.3-2021.10.win32_1.0.0.202111181915/tools/bin/../lib/gcc/arm-none-eabi/10.3.1/../../../../arm-none-eabi/lib/thumb/v7e-m+fp/hard\libc_nano.a(lib_a-findfp.o)
                0x08012358                __sfp
 .text._fwalk_reent
                0x080123e4       0x3e c:/st/stm32cubeide_1.8.0/stm32cubeide/plugins/com.st.stm32cube.ide.mcu.externaltools.gnu-arm-embedded.10.3-2021.10.win32_1.0.0.202111181915/tools/bin/../lib/gcc/arm-none-eabi/10.3.1/../../../../arm-none-eabi/lib/thumb/v7e-m+fp/hard\libc_nano.a(lib_a-fwalk.o)
                0x080123e4                _fwalk_reent
 .text.rshift   0x08012422       0xa4 c:/st/stm32cubeide_1.8.0/stm32cubeide/plugins/com.st.stm32cube.ide.mcu.externaltools.gnu-arm-embedded.10.3-2021.10.win32_1.0.0.202111181915/tools/bin/../lib/gcc/arm-none-eabi/10.3.1/../../../../arm-none-eabi/lib/thumb/v7e-m+fp/hard\libc_nano.a(lib_a-gdtoa-gethex.o)
 .text.__hexdig_fun
                0x080124c6       0x2a c:/st/stm32cubeide_1.8.0/stm32cubeide/plugins/com.st.stm32cube.ide.mcu.externaltools.gnu-arm-embedded.10.3-2021.10.win32_1.0.0.202111181915/tools/bin/../lib/gcc/arm-none-eabi/10.3.1/../../../../arm-none-eabi/lib/thumb/v7e-m+fp/hard\libc_nano.a(lib_a-gdtoa-gethex.o)
                0x080124c6                __hexdig_fun
 .text.__gethex
                0x080124f0      0x48c c:/st/stm32cubeide_1.8.0/stm32cubeide/plugins/com.st.stm32cube.ide.mcu.externaltools.gnu-arm-embedded.10.3-2021.10.win32_1.0.0.202111181915/tools/bin/../lib/gcc/arm-none-eabi/10.3.1/../../../../arm-none-eabi/lib/thumb/v7e-m+fp/hard\libc_nano.a(lib_a-gdtoa-gethex.o)
                0x080124f0                __gethex
 .text.L_shift  0x0801297c       0x24 c:/st/stm32cubeide_1.8.0/stm32cubeide/plugins/com.st.stm32cube.ide.mcu.externaltools.gnu-arm-embedded.10.3-2021.10.win32_1.0.0.202111181915/tools/bin/../lib/gcc/arm-none-eabi/10.3.1/../../../../arm-none-eabi/lib/thumb/v7e-m+fp/hard\libc_nano.a(lib_a-gdtoa-hexnan.o)
 .text.__match  0x080129a0       0x28 c:/st/stm32cubeide_1.8.0/stm32cubeide/plugins/com.st.stm32cube.ide.mcu.externaltools.gnu-arm-embedded.10.3-2021.10.win32_1.0.0.202111181915/tools/bin/../lib/gcc/arm-none-eabi/10.3.1/../../../../arm-none-eabi/lib/thumb/v7e-m+fp/hard\libc_nano.a(lib_a-gdtoa-hexnan.o)
                0x080129a0                __match
 .text.__hexnan
                0x080129c8      0x138 c:/st/stm32cubeide_1.8.0/stm32cubeide/plugins/com.st.stm32cube.ide.mcu.externaltools.gnu-arm-embedded.10.3-2021.10.win32_1.0.0.202111181915/tools/bin/../lib/gcc/arm-none-eabi/10.3.1/../../../../arm-none-eabi/lib/thumb/v7e-m+fp/hard\libc_nano.a(lib_a-gdtoa-hexnan.o)
                0x080129c8                __hexnan
 .text._localeconv_r
                0x08012b00        0x8 c:/st/stm32cubeide_1.8.0/stm32cubeide/plugins/com.st.stm32cube.ide.mcu.externaltools.gnu-arm-embedded.10.3-2021.10.win32_1.0.0.202111181915/tools/bin/../lib/gcc/arm-none-eabi/10.3.1/../../../../arm-none-eabi/lib/thumb/v7e-m+fp/hard\libc_nano.a(lib_a-localeconv.o)
                0x08012b00                _localeconv_r
 .text.__retarget_lock_init_recursive
                0x08012b08        0x2 c:/st/stm32cubeide_1.8.0/stm32cubeide/plugins/com.st.stm32cube.ide.mcu.externaltools.gnu-arm-embedded.10.3-2021.10.win32_1.0.0.202111181915/tools/bin/../lib/gcc/arm-none-eabi/10.3.1/../../../../arm-none-eabi/lib/thumb/v7e-m+fp/hard\libc_nano.a(lib_a-lock.o)
                0x08012b08                __retarget_lock_init_recursive
 .text.__retarget_lock_acquire_recursive
                0x08012b0a        0x2 c:/st/stm32cubeide_1.8.0/stm32cubeide/plugins/com.st.stm32cube.ide.mcu.externaltools.gnu-arm-embedded.10.3-2021.10.win32_1.0.0.202111181915/tools/bin/../lib/gcc/arm-none-eabi/10.3.1/../../../../arm-none-eabi/lib/thumb/v7e-m+fp/hard\libc_nano.a(lib_a-lock.o)
                0x08012b0a                __retarget_lock_acquire_recursive
 .text.__retarget_lock_release_recursive
                0x08012b0c        0x2 c:/st/stm32cubeide_1.8.0/stm32cubeide/plugins/com.st.stm32cube.ide.mcu.externaltools.gnu-arm-embedded.10.3-2021.10.win32_1.0.0.202111181915/tools/bin/../lib/gcc/arm-none-eabi/10.3.1/../../../../arm-none-eabi/lib/thumb/v7e-m+fp/hard\libc_nano.a(lib_a-lock.o)
                0x08012b0c                __retarget_lock_release_recursive
 .text.__swhatbuf_r
                0x08012b0e       0x4a c:/st/stm32cubeide_1.8.0/stm32cubeide/plugins/com.st.stm32cube.ide.mcu.externaltools.gnu-arm-embedded.10.3-2021.10.win32_1.0.0.202111181915/tools/bin/../lib/gcc/arm-none-eabi/10.3.1/../../../../arm-none-eabi/lib/thumb/v7e-m+fp/hard\libc_nano.a(lib_a-makebuf.o)
                0x08012b0e                __swhatbuf_r
 .text.__smakebuf_r
                0x08012b58       0x80 c:/st/stm32cubeide_1.8.0/stm32cubeide/plugins/com.st.stm32cube.ide.mcu.externaltools.gnu-arm-embedded.10.3-2021.10.win32_1.0.0.202111181915/tools/bin/../lib/gcc/arm-none-eabi/10.3.1/../../../../arm-none-eabi/lib/thumb/v7e-m+fp/hard\libc_nano.a(lib_a-makebuf.o)
                0x08012b58                __smakebuf_r
 .text.malloc   0x08012bd8       0x10 c:/st/stm32cubeide_1.8.0/stm32cubeide/plugins/com.st.stm32cube.ide.mcu.externaltools.gnu-arm-embedded.10.3-2021.10.win32_1.0.0.202111181915/tools/bin/../lib/gcc/arm-none-eabi/10.3.1/../../../../arm-none-eabi/lib/thumb/v7e-m+fp/hard\libc_nano.a(lib_a-malloc.o)
                0x08012bd8                malloc
 .text.__ascii_mbtowc
                0x08012be8       0x24 c:/st/stm32cubeide_1.8.0/stm32cubeide/plugins/com.st.stm32cube.ide.mcu.externaltools.gnu-arm-embedded.10.3-2021.10.win32_1.0.0.202111181915/tools/bin/../lib/gcc/arm-none-eabi/10.3.1/../../../../arm-none-eabi/lib/thumb/v7e-m+fp/hard\libc_nano.a(lib_a-mbtowc_r.o)
                0x08012be8                __ascii_mbtowc
 .text.memmove  0x08012c0c       0x34 c:/st/stm32cubeide_1.8.0/stm32cubeide/plugins/com.st.stm32cube.ide.mcu.externaltools.gnu-arm-embedded.10.3-2021.10.win32_1.0.0.202111181915/tools/bin/../lib/gcc/arm-none-eabi/10.3.1/../../../../arm-none-eabi/lib/thumb/v7e-m+fp/hard\libc_nano.a(lib_a-memmove.o)
                0x08012c0c                memmove
 .text._Balloc  0x08012c40       0x80 c:/st/stm32cubeide_1.8.0/stm32cubeide/plugins/com.st.stm32cube.ide.mcu.externaltools.gnu-arm-embedded.10.3-2021.10.win32_1.0.0.202111181915/tools/bin/../lib/gcc/arm-none-eabi/10.3.1/../../../../arm-none-eabi/lib/thumb/v7e-m+fp/hard\libc_nano.a(lib_a-mprec.o)
                0x08012c40                _Balloc
 .text._Bfree   0x08012cc0       0x44 c:/st/stm32cubeide_1.8.0/stm32cubeide/plugins/com.st.stm32cube.ide.mcu.externaltools.gnu-arm-embedded.10.3-2021.10.win32_1.0.0.202111181915/tools/bin/../lib/gcc/arm-none-eabi/10.3.1/../../../../arm-none-eabi/lib/thumb/v7e-m+fp/hard\libc_nano.a(lib_a-mprec.o)
                0x08012cc0                _Bfree
 .text.__multadd
                0x08012d04       0x8c c:/st/stm32cubeide_1.8.0/stm32cubeide/plugins/com.st.stm32cube.ide.mcu.externaltools.gnu-arm-embedded.10.3-2021.10.win32_1.0.0.202111181915/tools/bin/../lib/gcc/arm-none-eabi/10.3.1/../../../../arm-none-eabi/lib/thumb/v7e-m+fp/hard\libc_nano.a(lib_a-mprec.o)
                0x08012d04                __multadd
 .text.__s2b    0x08012d90       0x94 c:/st/stm32cubeide_1.8.0/stm32cubeide/plugins/com.st.stm32cube.ide.mcu.externaltools.gnu-arm-embedded.10.3-2021.10.win32_1.0.0.202111181915/tools/bin/../lib/gcc/arm-none-eabi/10.3.1/../../../../arm-none-eabi/lib/thumb/v7e-m+fp/hard\libc_nano.a(lib_a-mprec.o)
                0x08012d90                __s2b
 .text.__hi0bits
                0x08012e24       0x40 c:/st/stm32cubeide_1.8.0/stm32cubeide/plugins/com.st.stm32cube.ide.mcu.externaltools.gnu-arm-embedded.10.3-2021.10.win32_1.0.0.202111181915/tools/bin/../lib/gcc/arm-none-eabi/10.3.1/../../../../arm-none-eabi/lib/thumb/v7e-m+fp/hard\libc_nano.a(lib_a-mprec.o)
                0x08012e24                __hi0bits
 .text.__lo0bits
                0x08012e64       0x5e c:/st/stm32cubeide_1.8.0/stm32cubeide/plugins/com.st.stm32cube.ide.mcu.externaltools.gnu-arm-embedded.10.3-2021.10.win32_1.0.0.202111181915/tools/bin/../lib/gcc/arm-none-eabi/10.3.1/../../../../arm-none-eabi/lib/thumb/v7e-m+fp/hard\libc_nano.a(lib_a-mprec.o)
                0x08012e64                __lo0bits
 *fill*         0x08012ec2        0x2 
 .text.__i2b    0x08012ec4       0x2c c:/st/stm32cubeide_1.8.0/stm32cubeide/plugins/com.st.stm32cube.ide.mcu.externaltools.gnu-arm-embedded.10.3-2021.10.win32_1.0.0.202111181915/tools/bin/../lib/gcc/arm-none-eabi/10.3.1/../../../../arm-none-eabi/lib/thumb/v7e-m+fp/hard\libc_nano.a(lib_a-mprec.o)
                0x08012ec4                __i2b
 .text.__multiply
                0x08012ef0      0x154 c:/st/stm32cubeide_1.8.0/stm32cubeide/plugins/com.st.stm32cube.ide.mcu.externaltools.gnu-arm-embedded.10.3-2021.10.win32_1.0.0.202111181915/tools/bin/../lib/gcc/arm-none-eabi/10.3.1/../../../../arm-none-eabi/lib/thumb/v7e-m+fp/hard\libc_nano.a(lib_a-mprec.o)
                0x08012ef0                __multiply
 .text.__pow5mult
                0x08013044       0xb4 c:/st/stm32cubeide_1.8.0/stm32cubeide/plugins/com.st.stm32cube.ide.mcu.externaltools.gnu-arm-embedded.10.3-2021.10.win32_1.0.0.202111181915/tools/bin/../lib/gcc/arm-none-eabi/10.3.1/../../../../arm-none-eabi/lib/thumb/v7e-m+fp/hard\libc_nano.a(lib_a-mprec.o)
                0x08013044                __pow5mult
 .text.__lshift
                0x080130f8       0xe0 c:/st/stm32cubeide_1.8.0/stm32cubeide/plugins/com.st.stm32cube.ide.mcu.externaltools.gnu-arm-embedded.10.3-2021.10.win32_1.0.0.202111181915/tools/bin/../lib/gcc/arm-none-eabi/10.3.1/../../../../arm-none-eabi/lib/thumb/v7e-m+fp/hard\libc_nano.a(lib_a-mprec.o)
                0x080130f8                __lshift
 .text.__mcmp   0x080131d8       0x38 c:/st/stm32cubeide_1.8.0/stm32cubeide/plugins/com.st.stm32cube.ide.mcu.externaltools.gnu-arm-embedded.10.3-2021.10.win32_1.0.0.202111181915/tools/bin/../lib/gcc/arm-none-eabi/10.3.1/../../../../arm-none-eabi/lib/thumb/v7e-m+fp/hard\libc_nano.a(lib_a-mprec.o)
                0x080131d8                __mcmp
 .text.__mdiff  0x08013210      0x114 c:/st/stm32cubeide_1.8.0/stm32cubeide/plugins/com.st.stm32cube.ide.mcu.externaltools.gnu-arm-embedded.10.3-2021.10.win32_1.0.0.202111181915/tools/bin/../lib/gcc/arm-none-eabi/10.3.1/../../../../arm-none-eabi/lib/thumb/v7e-m+fp/hard\libc_nano.a(lib_a-mprec.o)
                0x08013210                __mdiff
 .text.__ulp    0x08013324       0x58 c:/st/stm32cubeide_1.8.0/stm32cubeide/plugins/com.st.stm32cube.ide.mcu.externaltools.gnu-arm-embedded.10.3-2021.10.win32_1.0.0.202111181915/tools/bin/../lib/gcc/arm-none-eabi/10.3.1/../../../../arm-none-eabi/lib/thumb/v7e-m+fp/hard\libc_nano.a(lib_a-mprec.o)
                0x08013324                __ulp
 .text.__b2d    0x0801337c       0xa0 c:/st/stm32cubeide_1.8.0/stm32cubeide/plugins/com.st.stm32cube.ide.mcu.externaltools.gnu-arm-embedded.10.3-2021.10.win32_1.0.0.202111181915/tools/bin/../lib/gcc/arm-none-eabi/10.3.1/../../../../arm-none-eabi/lib/thumb/v7e-m+fp/hard\libc_nano.a(lib_a-mprec.o)
                0x0801337c                __b2d
 .text.__d2b    0x0801341c       0xb8 c:/st/stm32cubeide_1.8.0/stm32cubeide/plugins/com.st.stm32cube.ide.mcu.externaltools.gnu-arm-embedded.10.3-2021.10.win32_1.0.0.202111181915/tools/bin/../lib/gcc/arm-none-eabi/10.3.1/../../../../arm-none-eabi/lib/thumb/v7e-m+fp/hard\libc_nano.a(lib_a-mprec.o)
                0x0801341c                __d2b
 .text.__ratio  0x080134d4       0x66 c:/st/stm32cubeide_1.8.0/stm32cubeide/plugins/com.st.stm32cube.ide.mcu.externaltools.gnu-arm-embedded.10.3-2021.10.win32_1.0.0.202111181915/tools/bin/../lib/gcc/arm-none-eabi/10.3.1/../../../../arm-none-eabi/lib/thumb/v7e-m+fp/hard\libc_nano.a(lib_a-mprec.o)
                0x080134d4                __ratio
 .text.__copybits
                0x0801353a       0x46 c:/st/stm32cubeide_1.8.0/stm32cubeide/plugins/com.st.stm32cube.ide.mcu.externaltools.gnu-arm-embedded.10.3-2021.10.win32_1.0.0.202111181915/tools/bin/../lib/gcc/arm-none-eabi/10.3.1/../../../../arm-none-eabi/lib/thumb/v7e-m+fp/hard\libc_nano.a(lib_a-mprec.o)
                0x0801353a                __copybits
 .text.__any_on
                0x08013580       0x42 c:/st/stm32cubeide_1.8.0/stm32cubeide/plugins/com.st.stm32cube.ide.mcu.externaltools.gnu-arm-embedded.10.3-2021.10.win32_1.0.0.202111181915/tools/bin/../lib/gcc/arm-none-eabi/10.3.1/../../../../arm-none-eabi/lib/thumb/v7e-m+fp/hard\libc_nano.a(lib_a-mprec.o)
                0x08013580                __any_on
 .text._calloc_r
                0x080135c2       0x2c c:/st/stm32cubeide_1.8.0/stm32cubeide/plugins/com.st.stm32cube.ide.mcu.externaltools.gnu-arm-embedded.10.3-2021.10.win32_1.0.0.202111181915/tools/bin/../lib/gcc/arm-none-eabi/10.3.1/../../../../arm-none-eabi/lib/thumb/v7e-m+fp/hard\libc_nano.a(lib_a-nano-callocr.o)
                0x080135c2                _calloc_r
 *fill*         0x080135ee        0x2 
 .text._free_r  0x080135f0       0x98 c:/st/stm32cubeide_1.8.0/stm32cubeide/plugins/com.st.stm32cube.ide.mcu.externaltools.gnu-arm-embedded.10.3-2021.10.win32_1.0.0.202111181915/tools/bin/../lib/gcc/arm-none-eabi/10.3.1/../../../../arm-none-eabi/lib/thumb/v7e-m+fp/hard\libc_nano.a(lib_a-nano-freer.o)
                0x080135f0                _free_r
 .text.sbrk_aligned
                0x08013688       0x40 c:/st/stm32cubeide_1.8.0/stm32cubeide/plugins/com.st.stm32cube.ide.mcu.externaltools.gnu-arm-embedded.10.3-2021.10.win32_1.0.0.202111181915/tools/bin/../lib/gcc/arm-none-eabi/10.3.1/../../../../arm-none-eabi/lib/thumb/v7e-m+fp/hard\libc_nano.a(lib_a-nano-mallocr.o)
 .text._malloc_r
                0x080136c8       0xe8 c:/st/stm32cubeide_1.8.0/stm32cubeide/plugins/com.st.stm32cube.ide.mcu.externaltools.gnu-arm-embedded.10.3-2021.10.win32_1.0.0.202111181915/tools/bin/../lib/gcc/arm-none-eabi/10.3.1/../../../../arm-none-eabi/lib/thumb/v7e-m+fp/hard\libc_nano.a(lib_a-nano-mallocr.o)
                0x080136c8                _malloc_r
 .text._realloc_r
                0x080137b0       0x5e c:/st/stm32cubeide_1.8.0/stm32cubeide/plugins/com.st.stm32cube.ide.mcu.externaltools.gnu-arm-embedded.10.3-2021.10.win32_1.0.0.202111181915/tools/bin/../lib/gcc/arm-none-eabi/10.3.1/../../../../arm-none-eabi/lib/thumb/v7e-m+fp/hard\libc_nano.a(lib_a-nano-reallocr.o)
                0x080137b0                _realloc_r
 .text.__ssputs_r
                0x0801380e       0xb6 c:/st/stm32cubeide_1.8.0/stm32cubeide/plugins/com.st.stm32cube.ide.mcu.externaltools.gnu-arm-embedded.10.3-2021.10.win32_1.0.0.202111181915/tools/bin/../lib/gcc/arm-none-eabi/10.3.1/../../../../arm-none-eabi/lib/thumb/v7e-m+fp/hard\libc_nano.a(lib_a-nano-svfprintf.o)
                0x0801380e                __ssputs_r
 .text._svfprintf_r
                0x080138c4      0x200 c:/st/stm32cubeide_1.8.0/stm32cubeide/plugins/com.st.stm32cube.ide.mcu.externaltools.gnu-arm-embedded.10.3-2021.10.win32_1.0.0.202111181915/tools/bin/../lib/gcc/arm-none-eabi/10.3.1/../../../../arm-none-eabi/lib/thumb/v7e-m+fp/hard\libc_nano.a(lib_a-nano-svfprintf.o)
                0x080138c4                _svfiprintf_r
                0x080138c4                _svfprintf_r
 *fill*         0x08013ac4        0x4 
 .text.nan      0x08013ac8       0x10 c:/st/stm32cubeide_1.8.0/stm32cubeide/plugins/com.st.stm32cube.ide.mcu.externaltools.gnu-arm-embedded.10.3-2021.10.win32_1.0.0.202111181915/tools/bin/../lib/gcc/arm-none-eabi/10.3.1/../../../../arm-none-eabi/lib/thumb/v7e-m+fp/hard\libc_nano.a(lib_a-s_nan.o)
                0x08013ac8                nan
 .text._sbrk_r  0x08013ad8       0x20 c:/st/stm32cubeide_1.8.0/stm32cubeide/plugins/com.st.stm32cube.ide.mcu.externaltools.gnu-arm-embedded.10.3-2021.10.win32_1.0.0.202111181915/tools/bin/../lib/gcc/arm-none-eabi/10.3.1/../../../../arm-none-eabi/lib/thumb/v7e-m+fp/hard\libc_nano.a(lib_a-sbrkr.o)
                0x08013ad8                _sbrk_r
 .text._raise_r
                0x08013af8       0x50 c:/st/stm32cubeide_1.8.0/stm32cubeide/plugins/com.st.stm32cube.ide.mcu.externaltools.gnu-arm-embedded.10.3-2021.10.win32_1.0.0.202111181915/tools/bin/../lib/gcc/arm-none-eabi/10.3.1/../../../../arm-none-eabi/lib/thumb/v7e-m+fp/hard\libc_nano.a(lib_a-signal.o)
                0x08013af8                _raise_r
 .text.raise    0x08013b48       0x10 c:/st/stm32cubeide_1.8.0/stm32cubeide/plugins/com.st.stm32cube.ide.mcu.externaltools.gnu-arm-embedded.10.3-2021.10.win32_1.0.0.202111181915/tools/bin/../lib/gcc/arm-none-eabi/10.3.1/../../../../arm-none-eabi/lib/thumb/v7e-m+fp/hard\libc_nano.a(lib_a-signal.o)
                0x08013b48                raise
 .text._kill_r  0x08013b58       0x24 c:/st/stm32cubeide_1.8.0/stm32cubeide/plugins/com.st.stm32cube.ide.mcu.externaltools.gnu-arm-embedded.10.3-2021.10.win32_1.0.0.202111181915/tools/bin/../lib/gcc/arm-none-eabi/10.3.1/../../../../arm-none-eabi/lib/thumb/v7e-m+fp/hard\libc_nano.a(lib_a-signalr.o)
                0x08013b58                _kill_r
 .text._getpid_r
                0x08013b7c        0x4 c:/st/stm32cubeide_1.8.0/stm32cubeide/plugins/com.st.stm32cube.ide.mcu.externaltools.gnu-arm-embedded.10.3-2021.10.win32_1.0.0.202111181915/tools/bin/../lib/gcc/arm-none-eabi/10.3.1/../../../../arm-none-eabi/lib/thumb/v7e-m+fp/hard\libc_nano.a(lib_a-signalr.o)
                0x08013b7c                _getpid_r