../Drivers/CMSIS/Include/core_cm4.h:2059:26:ITM_SendChar	16	static
../Drivers/STM32G4xx_HAL_Driver/Inc/stm32g4xx_ll_adc.h:6815:22:LL_ADC_REG_StartConversion	16	static
../Core/Src/main.c:323:7:__critical_enter	4	static
../Core/Src/main.c:328:7:__critical_exit	4	static
../Core/Src/main.c:342:5:main	88	static
../Core/Src/main.c:1020:6:SystemClock_Config	88	static
../Core/Src/main.c:1097:17:eMBRegInputCB	24	static
../Core/Src/main.c:1147:17:eMBRegHoldingCB	32	static
../Core/Src/main.c:1203:6:HAL_GPIO_EXTI_Callback	16	static
../Core/Src/main.c:1213:6:HAL_TIM_PeriodElapsedCallback	16	static
../Core/Src/main.c:1224:5:_write	32	static
../Core/Src/main.c:1233:13:Mem_to_Mem_Complete	16	static
../Core/Src/main.c:1245:7:HAL_ADC_ConvCpltCallback	16	static
../Core/Src/main.c:1251:6:HAL_UART_RxCpltCallback	16	static
../Core/Src/main.c:1263:6:HAL_UART_TxCpltCallback	16	static
../Core/Src/main.c:1271:10:fun_data_time_podgotovka	16	static
../Core/Src/main.c:1376:6:fun_data_scan_freq_podgotovka	16	static
../Core/Src/main.c:1482:6:Error_Handler	16	static
