../Core/Src/stm32g4xx_it.c:86:6:NMI_Handler	8	static
../Core/Src/stm32g4xx_it.c:107:6:HardFault_Handler	8	static
../Core/Src/stm32g4xx_it.c:128:6:MemManage_Handler	8	static
../Core/Src/stm32g4xx_it.c:149:6:BusFault_Handler	8	static
../Core/Src/stm32g4xx_it.c:170:6:UsageFault_Handler	8	static
../Core/Src/stm32g4xx_it.c:191:6:SVC_Handler	8	static
../Core/Src/stm32g4xx_it.c:204:6:DebugMon_Handler	8	static
../Core/Src/stm32g4xx_it.c:217:6:PendSV_Handler	8	static
../Core/Src/stm32g4xx_it.c:230:6:SysTick_Handler	8	static
../Core/Src/stm32g4xx_it.c:251:6:DMA1_Channel1_IRQHandler	8	static
../Core/Src/stm32g4xx_it.c:265:6:DMA1_Channel2_IRQHandler	8	static
../Core/Src/stm32g4xx_it.c:279:6:DMA1_Channel3_IRQHandler	8	static
../Core/Src/stm32g4xx_it.c:296:6:DMA1_Channel4_IRQHandler	8	static
../Core/Src/stm32g4xx_it.c:310:6:USART1_IRQHandler	16	static
../Core/Src/stm32g4xx_it.c:331:6:USART2_IRQHandler	16	static
../Core/Src/stm32g4xx_it.c:352:6:EXTI15_10_IRQHandler	8	static
../Core/Src/stm32g4xx_it.c:366:6:TIM6_DAC_IRQHandler	8	static
../Core/Src/stm32g4xx_it.c:380:6:DMA2_Channel1_IRQHandler	8	static
