../Core/Src/stm32g4xx_it.c:88:6:NMI_Handler	8	static
../Core/Src/stm32g4xx_it.c:109:6:HardFault_Handler	8	static
../Core/Src/stm32g4xx_it.c:130:6:MemManage_Handler	8	static
../Core/Src/stm32g4xx_it.c:151:6:BusFault_Handler	8	static
../Core/Src/stm32g4xx_it.c:172:6:UsageFault_Handler	8	static
../Core/Src/stm32g4xx_it.c:193:6:SVC_Handler	8	static
../Core/Src/stm32g4xx_it.c:206:6:DebugMon_Handler	8	static
../Core/Src/stm32g4xx_it.c:219:6:PendSV_Handler	8	static
../Core/Src/stm32g4xx_it.c:232:6:SysTick_Handler	8	static
../Core/Src/stm32g4xx_it.c:253:6:DMA1_Channel1_IRQHandler	8	static
../Core/Src/stm32g4xx_it.c:267:6:DMA1_Channel2_IRQHandler	8	static
../Core/Src/stm32g4xx_it.c:281:6:DMA1_Channel3_IRQHandler	8	static
../Core/Src/stm32g4xx_it.c:298:6:DMA1_Channel4_IRQHandler	8	static
../Core/Src/stm32g4xx_it.c:312:6:DMA1_Channel5_IRQHandler	8	static
../Core/Src/stm32g4xx_it.c:326:6:USART1_IRQHandler	16	static
../Core/Src/stm32g4xx_it.c:347:6:USART2_IRQHandler	16	static
../Core/Src/stm32g4xx_it.c:368:6:USART3_IRQHandler	8	static
../Core/Src/stm32g4xx_it.c:382:6:EXTI15_10_IRQHandler	8	static
../Core/Src/stm32g4xx_it.c:396:6:TIM6_DAC_IRQHandler	8	static
../Core/Src/stm32g4xx_it.c:410:6:DMA2_Channel1_IRQHandler	8	static
